0165-2346=O # Kerk en Theologie (601)
2153-7917=O # Augustinian studies (107)
0570-1953=O # L'Annee canonique (1728)
0003-2468=O # Analecta Bollandiana
1902-3898=O # Dansk teologisk tidsskrift
2653-1372=O # Reformed Theological Review (905)
1407-7841=O # Cel̜š (3651)
2724-573X=O # Quaderni di storia religiosa medievale (3456)
2169-2289=O # Journal of the American Oriental Society (1530)
1757-6547=O # The Australian journal of anthropology (2599)
1548-1409=O # Anthropology and humanism (2598)
1660-5578=O # Hermeneutische Blätter (3571)
0025-9373=A # The Mennonite quarterly review
0018-0645=O # Herder Korrespondenz (Monatsheft) (ZZ 443)
0040-5671=O # Theologische Literaturzeitung (ThLZ)
2595-5977=O # Revista Eclesiástica Brasileira
2310-4430=O # PATH
1853-9106=O # DavarLogos
2792-4254=O # Augustinus
2695-4397=O # Archivo Teológico Granadino
2372-9988=O # Studies in Chinese Religions
IXTH-0002=A # Journal of the Grace Evangelical Society (Z=580)
1010-3872=A # Ecclesia orans
2628-5762=O # Biblische Notizen
0106-6749=O # Kritisk forum for praktisk teologi
0009-7756=A # La Ciudad de Dios - Revista Agustiniana (Z=3578)
2605-3357=O # Vergentis (Kaldi) (Z=2915)
1025-6555=O # Mitteilungen zur Christlichen Archäologie
0946-3178=A # Imprimatur (ikr/Dakar)
0026-976X=A # Monitor ecclesiasticus (ikr/Dakar)
2248-9789=A # Iustitia (ikr/Dakar)
2612-3746=A # Angelicum (ikr/Dakar)
0943-7525=A # Neue Zeitschrift für Arbeitsrecht : Zweiwochenschrift für die betriebliche Praxis (ikr/Dakar)
0514-6496=A # Zeitschrift für Rechtspolitik (ikr/Dakar)
0721-880X=A # Neue Zeitschrift für Verwaltungsrecht (ikr/Dakar)
0341-1915=A # Neue Juristische Wochenschrift (ikr/Dakar)
0947-8094=A # Kirche & Recht (ikr/Dakar)
0179-7387=A # L' osservatore romano (ikr/Dakar)
0034-9372=A # Revista española de derecho canónico (ikr/Dakar)
0022-6858=A # The Jurist (ikr/Dakar)
0948-0471=O # De processibus matrimonialibus (ikr/Dakar)
0393-0327=A # Communicationes (ikr/Dakar)
2520-0089=A # Ius missionale : annuario della Facoltà di Diritto Canonico (ikr/Dakar)
0556-7378=A # Revue de droit canonique (ikr/Dakar)
0949-7137=A # Neue Zeitschrift für Arbeitsrecht (ikr/Dakar)
2196-0119=A # Zeitschrift für Arbeitsrecht und Tarifpolitik in Kirche und Caritas (ikr/Dakar)
1981-7096=A # Revista brasileira de direito canônico (ikr/Dakar)
0934-8603=A # Neue Zeitschrift für Verwaltungsrecht (ikr/Dakar)
2815-1828=O # Asia journal of theology
2450-4629=O # Annuarium Iuris Canonici (ikr/Dakar)
2513-1389=O # Zeitschrift für christlich-jüdische Begegnung im Kontext
2567-9384=O # Jahrbuch der Religionspädagogik (JRP)
2297-1254=O # Revue de théologie et de philosophie
2295-9025=O # Sacris Erudiri
1120-6462=A # Ius ecclesiae (IKR)
0721-1937=A # Anzeiger für die Seelsorge (IKR)
1240-3032=O # Revue Biblique (1892-1940) (JSTOR retro)
0035-0907=O # Revue Biblique (1946-) (JSTOR retro)
2192-3124=O # Zeitschrift des Deutschen Palästina-Vereins (1878-1945) (JSTOR retro)
0012-1169=O # Zeitschrift des Deutschen Palästina-Vereins (1953-) (JSTOR retro)
0044-2895=O # Zeitschrift für katholische Theologie (JSTOR retro)
2567-9384=O # Jahrbuch der Religionspädagogik
0725-6868=O # Journal of Intercultural Studies
0078-6527, 1877-8372=O # Oriens
0078-6527=O # Oriens
1877-8372=O # Oriens
1475-4967=O # Middle East Policy
1548-1352=O # Ethos
0021-9096=O # Journal of Asian and African Studies
1467-9205=O # Philosophical Investigations
0307-5133=O # The Journal of Egyptian Archaeology
1540-6253, 0301-8121=O # Journal of Chinese Philosophy
1540-6253=O # Journal of Chinese Philosophy
0301-8121=O # Journal of Chinese Philosophy
1568-5209, 0022-4995=O # Journal of the Economic and Social History of the Orient
1568-5209=O # Journal of the Economic and Social History of the Orient
0022-4995=O # Journal of the Economic and Social History of the Orient
1548-1352=O # Ethos
2663-6573=O # Journal for Semitics
2353-4877, 2391-4327=O # Ecumeny and Law
2353-4877=O # Ecumeny and Law
2391-4327=O # Ecumeny and Law
2413-2470=O # Revista Theologika
2474-1809=O # Antisemitism Studies
1018-1539=O # Österreichisches Religionspädagogisches Forum
2633-0695=O # Journal for Interdisciplinary Biblical Studies
1783-1326=O # Ancient Near Eastern Studies
0173-0339=O # Religionspädagogische Beiträge
2153-7925=O # Proceedings of the American Catholic Philosophical Association
2748-6419=O # Advances in Ancient, Biblical, and Near Eastern Research
1367-4676=O # Mental Health, Religion & Culture
1542-3050=O # Journal of Pastoral Care & Counseling
1943-1562(Electronic),1941-1022(Print)=O # Psychology of religion and spirituality
1943-1562=O # Psychology of religion and spirituality
1941-1022=O # Psychology of religion and spirituality
0022-0221=O # Journal of cross-cultural psychology
2589-529X, 2589-5303=O # Brill Research Perspectives in Religion and Education
2589-529X=O # Brill Research Perspectives in Religion and Education
2589-5303=O # Brill Research Perspectives in Religion and Education
2468-886X, 2468-8878=O # Brill Research Perspectives in Religion and the Arts
2468-8878=O # Brill Research Perspectives in Religion and the Arts
2468-886X=O # Brill Research Perspectives in Religion and the Arts
2468-3493, 2468-3485=O # Brill Research Perspectives in Theology
2468-3485=O # Brill Research Perspectives in Theology
2468-3493=O # Brill Research Perspectives in Theology
2589-5850, 2589-5842=O # Brill Research Perspectives in Religion and Politics
2589-5842=O # Brill Research Perspectives in Religion and Politics
2589-5850=O # Brill Research Perspectives in Religion and Politics
2589-7128, 2589-711X=O # Brill Research Perspectives in Religion and Psychology
2589-711X=O # Brill Research Perspectives in Religion and Psychology
2589-7128=O # Brill Research Perspectives in Religion and Psychology
2589-8809, 2589-8795=O # Brill Research Perspectives in Theological Traditions
2589-8809=O # Brill Research Perspectives in Theological Traditions
2589-8795=O # Brill Research Perspectives in Theological Traditions
2542-498X, 2542-4971=O # Brill Research Perspectives in Quaker Studies
2542-498X=O # Brill Research Perspectives in Quaker Studies
2542-4971=O # Brill Research Perspectives in Quaker Studies
2051-6770=O # The Bible Translator
2468-5534, 2468-5542=O # Journal of Islamic Ethics
2468-5534=O # Journal of Islamic Ethics
2468-5542=O # Journal of Islamic Ethics
2294-8775=O # Annali di Scienze Religiose
2031-5929=O # AnnalidiScienzeReligiose
2163-2529=O # The Catholic Biblical Quarterly
2507-0339=O # Judaïsme Ancien - Ancient Judaism
2589-255X, 0082-3767=O # Textus
2589-255X=O # Textus
0082-3767=O # Textus
1893-4773=O # Tidsskrift for Praktisk Teologi
2385-8907, 2335-4127=O # Edinost in dialog
2385-8907=O # Edinost in dialog
23354127=O # Edinost in Dialog
2335-4127=O # Edinost in Dialog
1744-9626=O # Journal of Global Ethics
2699-3414, 0724-6137=O # Berliner Theologische Zeitschrift
2699-3414=O # Berliner Theologische Zeitschrift
0724-6137=O # Berliner Theologische Zeitschrift
2366-0597=O # Forum Exegese und Hochschuldidaktik: Verstehen von Anfang an (VvAa)
2405-7649, 2405-7657=O # Brill Research Perspectives in Biblical Interpretation
2405-7649=O # Brill Research Perspectives in Biblical Interpretation
2405-7657=O # Brill Research Perspectives in Biblical Interpretation
2077-1444=O # Religions
2034-3523=O # Journal of Medieval Monastic Studies
26347318=A # The Global Anglican
2634-7318=A # The Global Anglican
1437-7160, 2366-7796=O # Zeitschrift für Pädagogik und Theologie
1437-7160=O # Zeitschrift für Pädagogik und Theologie
2366-7796=O # Zeitschrift für Pädagogik und Theologie
0035-2160=O # Revue des questions scientifiques
1783-1652=O # Ons geestelijk erf
0092-4245=A # Wesleyan theological journal
00924245=A # Wesleyan theological journal
00443123=A # Zeitschrift für Missionswissenschaft und Religionswissenschaft
0044-3123=A # Zeitschrift für Missionswissenschaft und Religionswissenschaft
0007-7704, 1868-9027=O # Byzantinische Zeitschrift
0007-7704=O # Byzantinische Zeitschrift
1868-9027=O # Byzantinische Zeitschrift
0342-2410, 2198-0454=O # Verkündigung und Forschung
0342-2410=O # Verkündigung und Forschung
2198-0454=O # Verkündigung und Forschung
2198-0489=O # Archiv für Reformationsgeschichte - Archive for Reformation History
2593-7308=O # Journal of Septuagint and Cognate Studies
1783-1512=O # Journal of Coptic studies
1804-6444=O # Journal of European Baptist Studies
0362-1529, 2166-5508=O # Traditio
0362-1529=O # Traditio
2166-5508=O # Traditio
2159-2063=O # Journal for the Study of Paul and His Letters
2413-9467=O # STJ | Stellenbosch Theological Journal
1126-9200=O # Quaderni di storia religiosa medievale
02180812=O # Asia Journal of Theology
0218-0812=O # Asia Journal of Theology
2199-1960=O # DWI-Jahrbuch – Diakoniewissenschaft in Forschung und Lehre
2516-6379=O # Journal of the British Association for the Study of Religion (JBASR)
2516-6298=O # Scottish Church History
10948473=O # Detroit Baptist Seminary Journal
1094-8473=O # Detroit Baptist Seminary Journal
2593-0486=O # Marriage,FamiliesandSpirituality
2589-3998=O # Yearbookofritualandliturgicalstudies
2589-0468=O # BiblischeZeitschrift
2589-045x=O # ArchivfürkatholischesKirchenrecht
2565-7348=O # TijdschriftvoorTheologie
2565-7070=O # Biblica!!pppn
2565-7070=O # Biblica
2555-5111=O # Journalinternationaldebioéthiqueetd'éthiquedessciences
2543-5973=O # AnnalsofTheology/Rocznikiteologiczne
2521-179X=O # TheologicalReflections=Euro-AsianJournalofTheology
2518-4628=O # Neotestamentica
0254-8356, 2518-4628=O # Neotestamentica
0254-8356=O # Neotestamentica
2509-9965=O # InternationaljournalofLatinAmericanreligions
2509-9957,2509-9965=O # InternationaljournalofLatinAmericanreligions
2506-7567=O # RevuedeQumran
2473-3725=O # TheThomist
2470-5616=O # LutheranQuarterly
2466-8583=O # Revuebiblique
2445-2394=O # Vergentis=revistadeinvestigacióndelaCátedraInternacionalconjuntaInocencioIII
2444-684X=A # Analesvalentinos,EscritosdelVedat
2414-0201=O # Journalforreligion,filmandmedia
2413-9459=O # StellenboschTheologicalJournal=StellenboschTeologieseJoernaal(STJ)
2412-4265=O # Studiahistoriaeecclesiasticae
2408-9370=O # Journalforreligion,filmandmedia
2617-3697=O # Journalforreligion,filmandmedia
2396-9407=O # Internationalbulletinofmissionresearch!!eppn
2396-9393=O # Internationalbulletinofmissionresearch!!pppn
2396-9393,2396-9407=O # Internationalbulletinofmissionresearch
2391-6842=O # AnalectaCracoviensia
2385-2062=O # Biblica
2380-8829=O # TheCovenantQuarterly
2375-6330=O # TheAsburyJournal
2375-3234=O # Church, Communication and Culture
2374-4774=O # JournaloftheBookofMormonStudies
23744766=O # JournalofBookofMormonStudies
2371-2295=O # Œcuménisme/Ecumenism
2365-6565=O # EthikundGesellschaft
2365-3140=O # Interdisciplinaryjournalforreligionandtransformationincontemporarysociety
2364-382X=O # Gamevironments
2363-6696=O # EntangledReligions
2359-8107=O # ReviewofEcumenicalStudiesSibiu
2342-7256=O # Temenos=nordicjournalofcomparativereligion
2331-2521=O # Journalofdisability&religion
2326-6236=O # Thejurist=studiesinchurchlawandministry
2326-2176=O # JournaloftheSocietyofChristianEthics
23258780=A # journalforspiritualandconsciousnessstudies
2317-4307=O # RevistadeCulturaTeológica
2312-878X=O # Missionalia
02569507=O # Missionalia
0256-9507=O # Missionalia
2309-9089=O # ActaTheologica
2305-445X=O # Scriptura
0254-1807, 2305-445X=O # Scriptura
0254-1807=O # Scriptura
2304-8557=O # KoersBulletinforChristianScholarship
23048557=O # KoersBulletinforChristianScholarship
2304-4896=A # ZeitschriftderSavigny-StiftungfürRechtsgeschichte/KanonistischeAbteilung
2297-6469=O # ZeitschriftfürReligionskunde
2297-6167=A # Revued'histoireduprotestantisme
2295-6093=O # Augustiniana
2295-5186=A # Theoforum
2295-3027=A # StudiaCanonica
2295-3019=A # StudiaCanonica
2294-9321=O # Judaïsmeancien
2294-6209=O # Byzantion
2291-1723=O # WesleyandMethodiststudies
22911731=O # WesleyandMethodiststudies
22911723=O # WesleyandMethodiststudies
22911723,22911731=O # WesleyandMethodiststudies
2284-7308=O # Perichoresis
2272-9011=O # Etudesthéologiquesetreligieuses!!eppn
2267-7313=A # Histoire,mondeetculturesreligieuses
2254-6219=O # Iuscanonicum
2244-5161=A # Landas
2237-6461=O # EstudosTeológicos
2236-6296=O # Numen
22366296=O # Numen
2222-582X=O # JournalofearlyChristianhistory
2213-056X=O # LIBERQuarterly
2211-4866=O # ReviewofReligiousResearch
2199-4625=O # JournalofReligiousEducation
2199-4463=O # ReligionintheRomanEmpire
21994463,21994471=O # ReligionintheRomanEmpire
2198-0462, 0946-3518=O # Praktische Theologie
2198-0462=O # Praktische Theologie
0946-3518=O # Praktische Theologie
2197-0831=O # Pastoraltheologie
2196-8802=O # InternationalJournalofDharmaStudies
2196-8225=O # PraxisderKinderpsychologieundKinderpsychiatrieOnlinePublikation|krimdok
2196-6265=O # JahrbuchfürChristlicheSozialwissenschaften
2195-9773=O # Philosophy,TheologyandtheSciences
2192-2276=O # HebrewBibleandAncientIsrael
2191-0456=A # Hikma
2190-6238=O # PsychologischeRundschauOnlinePublikation|krimdok
2182‑8822=O # LusitaniaSacra
2182-8822=O # LusitaniaSacra
2179-0019=O # Plura,revistadeestudosdereligião
21790019=O # Plura,revistadeestudosdereligião
2176-1078=O # Estudosdereligião
2175-5841=O # Horizonte
2169-3994=O # ConversationswiththeBiblicalWorld
2169-2335=A # Internationaljournalofphilosophyandtheology
2169-2327=O # Internationaljournalofphilosophyandtheology
2169-1304=O # Theologicalstudies
2167-2040=O # JournalofKoreanReligions
2165-5413=O # JournalofAfricanaReligions
2165-5405=O # JournalofAfricanaReligions
2164-6279=O # JournalofHindu-ChristianStudies
2161-8534=O # AmericanCatholicStudies
21618062=O # BulletinoftheAmericanSchoolsofOrientalResearch
2161-007X=A # Counselingandvalues!!eppn
2572-4088=O # Journalforthesociologicalintegrationofreligionandsociety
2159-6875=O # JonathanEdwardsstudies
2159-340X=O # Interpretation=AJournalofBibleandTheology
2159-3159=O # Greek,Roman,andByzantineStudies
21568022=A # MormonstudiesReview
2156-8022=A # MormonstudiesReview
2156-4795=O! # Americanjournaloftheologyandphilosophy
2154-7270=O # InternationalJournalofCulticStudies
2154-7270=O # InternationalJournalofCulticStudies
2153-9650=O # JournalofMedievalReligiousCultures
2153-6945=O # Newmanstudiesjournal
2153-599X=O # Religion,Brain&Behavior
2153-3326=A # Businessethicsquarterly!!eppn
21509301=O # Religionandsociety
2150-9301,2150-9298=O # Religionandsociety
2150-9298,2150-9301=O # Religionandsociety
2150-9301=O # Religionandsociety
2150-9298=O # Religionandsociety
2093-7288=O # JournalofKoreanReligions
2079-7222=O # Indo-PacificJournalofPhenomenology
2074-7705=O # Verbumetecclesia
2065-5940=O # ReviewofEcumenicalStudiesSibiu
2057-4517=O # TheJournalofReligiousHistory,LiteratureandCulture
2056-9971=O # InternationaljournalofChristianity&education
2056-5666=O # Christianity&literature
2055-7973,2055-7981=O # BritishCatholic
2054-1988=O # JournalofHolyLandandPalestineStudies
2053-6712=O # SecularismandNonreligion
20536267=A # TheHuguenotSocietyJournal
2053-6267=A # TheHuguenotSocietyJournal
2052-9449=O # Review&expositor!!Druckausgabeausgewertetbis112.2015,4
2051-3623=O # Missiology
2050-3032=O # Critical Research on Religion
2049-7563=O # JournalfortheCognitiveScienceofReligion
2049-7555=O # JournalfortheCognitiveScienceofReligion
2049-7555,2049-7563=O # JournalfortheCognitiveScienceofReligion
2047-7058=O # JournalfortheAcademicStudyofReligion
2047-704X=O # JournalfortheAcademicStudyofReligion
2047704X=O # JournalfortheAcademicStudyofReligion
2047-704X,2047-7058=O # JournalfortheAcademicStudyofReligion
20477058=O # JournalfortheAcademicStudyofReligion
2044-2696=O # Theology
2044-2556=O # Theologytoday
2044-0243=O # JournalfortheStudyofSpirituality
2042-0587=O # Studiesinreligion=Sciencesreligieuses
2041-3599=O # PentecoStudies
2041-3599,1871-7691=O # PentecoStudies
2041-1871=O # BulletinfortheStudyofReligion
2041-1863=O # BulletinfortheStudyofReligion
2041-1863,2041-1871=O # BulletinfortheStudyofReligion
2040-4867=O # Journalofchurchandstate!!eppn
2035-6455=O # HistoriaReligionum
2034-3515=O # JournalofMedievalMonasticStudies
2032-5215=O # ET-StudiesOnlinePublikation-weiteruntengleicheZsmitA
2500-5413=O # RevistaAlbertusMagnus
2006-5442=O # Journalofreligionandhumanrelations
2001-8819=O # DeEthica
20018819=O # DeEthica
2001-5828=A # Svensktgudstjänstliv!!eppn
1988-4265=O # HispaniaSacra
1988-3269=O # 'Ílu
1983-7828=O # FragmentosdeCultura
1983-2850=O # RevistaBrasileiradeHistóriadasReligiões
19832850=O # RevistaBrasileiradeHistóriadasReligiões
1980-6736=O # Teocomunicação
1947-8224=O # U.S.CatholicHistorian
1947-6566=O # JournalofMedievalReligiousCultures
1945-9718=O # FranciscanStudies
1941-1022=O # PsychologyofReligionandSpirituality
1939-3881=O # Crosscurrents
19393881=O # Crosscurrents
1934-9645=O # Journalofspiritualityinmentalhealth
1934-9637=O # Journalofspiritualityinmentalhealth
1934-4945=O # JournalofresearchonChristianeducation
1934-1504=O # Quakerhistory
1933-6632=O # JournalofMoravianHistory
2161-6310=O # JournalofMoravianHistory
19336632,21616310=O # JournalofMoravianHistory
1930-3777=O # StudiesinChristian-JewishRelations
1930-1200=A # Contagion
1918-6371=O # TorontoJournalofTheology
19084862=A # JournalofAsiaAdventistSeminary
1904-8181=O # ReligionsvidenskabeligtTidsskrift
1890-7008=O # Nordicjournalofreligionandsociety
1890-7008,0809-7291=O # Nordicjournalofreligionandsociety
1889-5662=A # FaciesDomini
1888-346X=A # Bandue=revistadelaSociedadEspañoladeCienciasdelasReligiones
1886-4945=O # Cauriensia
2340-4256=O # Cauriensia
1885-0588=A # SeleccionesdeFranciscanismo
1874-6349=O # ActaAnalytica
1873-930X=O # Sophia
1872-0226=O # ContemporaryIslam
1871-7691=O # PentecoStudies
18717691=O # PentecoStudies
1871-2428=O # Churchhistoryandreligiousculture
1871-241X=O # Churchhistoryandreligiousculture
1871-2428, 1871-241X=O # Churchhistoryandreligiousculture
2196-7954, 1869-3296=O # Journal of ancient Judaism
2196-7954=O # Journal of ancient Judaism
1869-3296=O # Journal of ancient Judaism
1869-3261=O # Diaconia
1868-8020=O # EarlyChristianity
1868-7032=O # EarlyChristianity
1868-6788=O # JewishStudiesQuarterly
1867-4240=O # TransformierteBuddhismen
1863-0502=O # Theo-WebZeitschriftfürReligionspädagogik
18630502=O # Theo-WebZeitschriftfürReligionspädagogik
1862-5886=O # ZeitschriftfürjungeReligionswissenschaft
1862-2593=O # BerlinerJournalfürSoziologieOnlinePublikation|krimdok
1862-1678=O # theologie.geschichte
1861-5813=O # Online-HeidelbergJournalofReligionsontheInternet
1861-5813=O # Online-HeidelbergJournalofReligionsontheInternet
1839-2598=O # Pacifica
18277365=O # RivistadiStoriadelCristianesimo
1827-7365=O # RivistadiStoriadelCristianesimo
1799-3121=O # Approachingreligion
1783-8401=O # RevueThéologiquedeLouvain
1783-2446=O # JournaloftheEuropeanSocietyofWomeninTheologicalResearch-AbspeicherungmitZauberstaub!AufsätzeanStücktitel!
1783-1814=O # Studiesinspirituality
1783-1806=O # StudiesinInterreligiousDialogue
1783-1709=O # QuestionsLiturgiques/StudiesinLiturgy
1783-1652=O # OnsGeestelijkErf
1783-1474=A # INTAMSreview
1783-1431=O # EthicalPerspectives
1783-1423=O # EphemeridestheologicaeLovanienses
1771-1347=O # Réforme,humanisme,renaissance
1768-9260=O # Revued'Etudes Augustiniennes et Patristiques
2428-3606=O # Revued'Etudes Augustiniennes et Patristiques
1759-8818=O # Sociologyofreligion
1758-6631=O # Internationalreviewofmission!!eppn
1758-6623=O # Theecumenicalreview!!eppn
1757-2479=O # JournalforResearchintoFreemasonryandFraternalism
1757-2460=O # JournalforResearchintoFreemasonryandFraternalism
1757-2460,1757-2479=O # JournalforResearchintoFreemasonryandFraternalism
1756-4263=O # TheJournalofHinduStudies
1756-4255=O # TheJournalofHinduStudies
1756-4255,1756-4263=O # TheJournalofHinduStudies
1756-073X=O # PracticalTheology
1755-2613=O # Churchhistory!!eppn
1755-0491=O # PoliticsandReligion
1755-0483=O # PoliticsandReligion
1755-0483,1755-0491=O # PoliticsandReligion
1754-517X=O # Journalforlateantiquereligionandculture
1752-0738=O # Reformation
1749-8171=O # Religioncompass
1749-4907=O # Journalforthestudyofreligion,natureandculture
1749-4915=O # Journalforthestudyofreligion,natureandculture
17494907=O # JournalfortheStudyofReligion,NatureandCulture
1749-4907,1749-4915=O # JournalfortheStudyofReligion,NatureandCulture
1748-0922=O # Religiousstudiesreview
1747-0234=O # InternationaljournalforthestudyoftheChristianchurch
1745-5316=O # Ecclesiology
1744-1366=O # Ecclesiology
1744-1366, 1745-5316=O # Ecclesiology
1745-5308=O # TheExpositorytimes
1745-5294=O # JournalforthestudyoftheNewTestament!!hierkeindirekterDownlaod,sondernüberbuttonabstracts # ansonstenkeineISSN-Übernahme!!
1745-5286=O # Journalforthestudyofthepseudepigrapha!!eppn
1745-5251=A # Journalofpentecostaltheology!!pppn-inZ.140mitppngemappt=dieseZ.löschen?
1745-5251=A # Journalofpentecostaltheology
1745-5235=O # StudiesinChristianethics
1745-5227, 1477-8351=O # Aramaic studies
1477-8351=O # Aramaic studies
1745-5227=O # Aramaic studies
1745-5200=O # Currentsinbiblicalresearch
1745-5189=O # Feministtheology
1744-4195=O # Christianbioethics
1744-4195=O # Christianbioethics
1743-2200=O # MaterialReligion=TheJournalofObjects,ArtandBelief
1743-1719=O # Politicaltheology
1743-1301=A # Palestineexplorationquarterly
1743-0623=O # FieldworkinReligion
1743-0615=O # FieldworkinReligion
1743-0615,1743-0623=O # FieldworkinReligion
1741-2005=O # NewBlackfriars
1740-3553,1745-5278=O # JournalofAnglicanStudies
1745-5278=O # JournalofAnglicanStudies
1740-3553=O # JournalofAnglicanStudies
1722-4705=A # Religioniesocietà
17224705=O # Religioniesocietà
1703-289X=O # TheJournalofReligionandPopularCulture
1697-2104=O # Collectanea Christiana orientalia
2386-7442=O # Collectanea Christiana orientalia
1689-8311=O # EuropeanJournalforPhilosophyofReligion
1677-1222=O # Rever=revistadeestudosdareligião
1666-7832=O # DavarLogos
1661-3317=O # Lectiodifficilior!!eppn
1612-9776=O # JournalfortheHistoryofModernTheology//ZeitschriftfürNeuereTheologiegeschichte
1612-2941=O # MarburgJournalofReligion
1609-9982=O # Verbumetecclesia
1594-3445=A # Barnabitistudi
1591-2957=A # Archivioteologicotorinese
1590-6833=O # Hermeneutica
15906833=O # Hermeneutica
1583-0039=O # JournalfortheStudyofReligionsandIdeologies
1574-3012=O # Religionandtheology
1574-3012, 1023-0807=O # Religion&theology
1573-6679=O # Pastoralpsychology!!eppn
1573-6571=O # JournalofReligionandHealth
1573-322X=A # Journalofagriculturalandenvironmentalethics!!eppn
1573-0697=O # Journalofbusinessethics
1573-0395=O # JournalofIndianPhilosophy
1572-8609=O # TheJournalofEthics
1572-8447=O # Ethicaltheoryandmoralpractice
1572-8366=A # Agricultureandhumanvalues!!eppn
1572-543X=O # Exchange
1572-543X, 0166-2740=O # Exchange
0166-2740=O # Exchange
1570-0739=O # ZeitschriftfürReligions-undGeistesgeschichte
1570-0720=A # VigiliaeChristianae!!eppn
1570-0682=O # Method&theoryinthestudyofreligion
1570-0674=O # Medievalencounters
1570-0666=A # JournalofreligioninAfrica
1570-0631=O # JournalforthestudyofJudaism
1570-0631, 0047-2212=O # JournalforthestudyofJudaism
0047-2212=O # JournalforthestudyofJudaism
1568-5330=A # VetusTestamentum!!eppn
1568-5292=O # Religionandthearts
1568-5276=O # NumenEISSN
0029-5973=O # NumenEISSN
1568-5179=O # DeadSeadiscoveries!!eppn
0929-0761=O # DeadSeadiscoveries
0929-0761, 1568-5179=O # Dead Sea Discoveries
1568-5152=O # Biblical interpretation
1568-5152, 0927-2569=O # Biblical interpretation
0927-2569=O # Biblical interpretation
1556-3537=O # AnthropologyofConsciousness
1553-9962=O # ReligionandSocietyinCentralandEasternEurope
1553-3913=O # Journaloffeministstudiesinreligion
8755-4178=O # Journaloffeministstudiesinreligion
1552-8030=O # JournalofReligion,Spirituality&Aging
1552-146X=O # TheHastingsCenterreport!!eppn
1550-4891=O # Culturalencounters
1550-0195=A # JournalofUnitarianUniversalistHistory
1549-6538=O # JournalofReligion
1545-6935=O # Historyofreligions
1541-8480=O # Novareligio
1541-8480=O # Nova religio
1540-6385=O # Dialog!!eppn
1535-3117=A # Spiritus!!eppn
1534-8423=O # JournalofMediaandReligion
1533-8568=O # ReligionandAmericanCulture
1533-791X=O # Logos
1530-5228=O # JournalforCulturalandReligiousTheory
1527-9472=O # Buddhist-ChristianStudies
1527-6457=O # JournalofGlobalBuddhism
1520-7307=O # TheSouthernBaptistJournalofTheology
1495-7922=A # Theoforum
1492-1413=O # Théologiques
1478-1913=O # TheMuslimWorld
1478-0542=O # HistoryCompass
1477-8556=O # JournalofSemiticstudies!!eppn
1477-8351=A # Aramaicstudies
1477-4623=O # LiteratureandTheology
1477-4607=O # Thejournaloftheologicalstudies!!eppn
0969-7330=O # Nursing Ethics
1476-9948=O # BlackTheology
1476-993X=O # Currentsinbiblicalresearch!!Druckausgabeausgewertetbis14.2015=genauer=nur14.2015,1
1476993X=O # Currentsinbiblicalresearch
1476-8690=O # JournalforthestudyofthehistoricalJesus
1745-5197, 1476-8690=O # JournalforthestudyofthehistoricalJesus
1745-5197=O # JournalforthestudyofthehistoricalJesus
1476-6728=O # JournalforthestudyoftheOldTestament!!hierkeindirekterDownlaod,sondernüberbuttonabstracts # ansonstenkeineISSN-Übernahme!!
1475-5610=O # CultureandReligion
1475-4517=O # TheHarvardtheologicalreview
1475-3065=O # ScottishJournalofTheology
1474-6700=O # Theologyandscience
1474-225X=O # InternationaljournalforthestudyoftheChristianchurch
1473-4257=A # Journalofmedicalethics!!eppn
1472-2089=A # Internationalcongregationaljournal
1471-6917=O # JournalofIslamicStudies
1469-901X=O # Religiousstudies
1469-8145=O # NewTestamentstudies
1469-5103=O # Thehistoricaljournal
1469-2147=O # Cambridgequarterlyofhealthcareethics
1469-2147=O # CambridgeQuarterlyofHealthcareEthics
1468-5906=O # JournalfortheScientificStudyofReligion
00218294=O # JournalfortheScientificStudyofReligion
0021-8294=O # JournalfortheScientificStudyofReligion
1468-2400=O # Internationaljournalofsystematictheology!!eppn
1468-2303=O # Historyandtheory
1468-2265=O # TheHeythropjournal
1468-0025=O # ModerntheologyPrint-PPNEISSN
1468-0025=O # Moderntheology!!eppn
1467-9809=O # Journalofreligioushistory
1467-9795=O # Journalofreligiousethics
1467-9744=O # Zygon
1467-9647=O # Teachingtheology&religion
1467-9647=O # Teachingtheology&religion
1467-9418=O # ReviewsinReligion&Theology
1467-8608=O # Businessethics=AEuropeanReview
1467-8519=O # Bioethics
1466-769X=O # Nursingphilosophy!!eppn
1465-3877=O # Journalofmoraleducation
14639955=O # ImplicitReligion
1463-9955=O # ImplicitReligion
14639955,17431697=O # ImplicitReligion
1743-1697=O # ImplicitReligion
1743-1697, 1463-9955=O # ImplicitReligion
1463-9947=O # ContemporaryBuddhism
1463-1652=O # Internationaljournalofsystematictheology!!pppn
14631652=O # Internationaljournalofsystematictheology!!pppn
1462-317X=O # Politicaltheology
1462-3153=A # JournalfortheAramaicbible!!pppn
1462-3153=A # JournalfortheAramaicbible!!eppn
1462-2459=O # Reformation&Renaissancereview
1461-7439=O # TheoreticalcriminologyOnlinePublikation|krimdok
1461-7404=O # Socialcompass
1460-3586=O # Journalofmaterialculture
1451-3455=A # Philotheos
1438-9460=O # ZeitschriftfürSexualforschungOnlinePublikation|krimdok
1437-1618=O # EthikinderMedizin
1386-2820=O # Ethicaltheoryandmoralpractice
1386-2820=A # Ethicaltheoryandmoralpractice!!pppn
1386-2820,1572-8447=O # Ethicaltheoryandmoralpractice
1380-7854=O # Medievalencounters
1380-3603=O # Christianbioethics
1380-3603=O # Christianbioethics
1380-3603,1744-4195=O # Christianbioethics
1370-6020=A # INTAMSreview!!sieheweitererEintragoben-AbspeicherungmitZauberstaub!
1368-4868=O # Teachingtheology&religion
1364-436X=O # Internationaljournalofchildren'sspirituality!!pppn
1364436X=O # Internationaljournalofchildren'sspirituality!!pppn
1363-7320=A # Ecotheology!!pppn
1363-013X=O # Quakerstudies
1363-013X,2397-1770=O # Quakerstudies
1361-7672=O # JournalofBeliefs&Values
1359-1835=O # Journalofmaterialculture
1357-6275=O # Mortality
1357-4175=O # Reformation
1355-8358=O # Theology&sexuality!!pppn
1354-9901=O # Studiesinworldchristianity!!pppn
13549901=O # Studiesinworldchristianity!!pppn
1353-7903=O # JournalofContemporaryReligion
1344-7297=A # TheJapanmissionjournal
13447297=A # TheJapanmissionjournal
1323-6377=A # UnitingChurchStudies
1270-2056=O # Théophilyon
1266-0078=O # Revued'éthiqueetdethéologiemorale
1216-7827=O # Shaman
12167827=O # Shaman
1209-9392=A # WomeninJudaism
1203-1542=O # ThejournalofHebrewscriptures!!eppn
1188-7109=O # Théologiques
1188-7109,1492-1413=O # Théologiques
1187-7863=A # Journalofagriculturalandenvironmentalethics!!pppn
1179-7231=O # Relegere
1155-3316=O # Apocrypha
1135-4712=O # 'Ílu
1127-2171=A # Studisull'OrienteCristiano
1126-6244=A # Adamantius
1124-1225=A # Hagiographica
1124-1179=A # Quaderni di diritto ecclesiale
1122-5661=A # Recollectio
1120-8333=A # RicercheTeologiche
1120-4001=A # AnnalidiStoriadell’Esegesi
1120267X=A # Teologia,rivistadellaFacoltàTeologicadell'ItaliaSettentrionale
1120-267X=A # Teologia,rivistadellaFacoltàTeologicadell'ItaliaSettentrionale
1100-2298=O # Svenskexegetiskårsbok
1099-0046=A # Reviewofbiblicalliterature!!pppn
1097-6566=O # Stone-Campbelljournal
1094-2076=O # NearEasternarchaeology!!pppn
10942076,23255404=O # NearEasternarchaeology!!pppn
1092-6690=O # Novareligio
1092-6690=O # Nova religio
1092-6690,1541-8480=O # Novareligio
1092-6690, 1541-8480=O # Nova religio
1092-1311=O # Thejournalofreligionandfilm
1091-6687=A # Logos=ajournalofcatholicthoughtandculture!!pppn
1090-5642=O # TheAsburyJournal
1089-7747=O # TC=AJournalofBiblicalTextualCriticism
10897747=O # TC=AJournalofBiblicalTextualCriticism
1088-6923=A # Affirmation&Critique
1086-3273=O # ModernJudaism-AJournalofJewishIdeasandExperience
1086-3249=A # KennedyInstituteofEthicsjournal
1086-3222=O # Journalofthehistoryofideas
1086-3184=O # JournalofearlyChristianstudies
1079-9265=O # Religionandthearts
1079-9265, 1568-5292=O # Religionandthearts
1075-7201=A # Contagion
1071-8257=A # Josephinumjournaloftheology
1069-4404=O # Sociologyofreligion
1069-4404,1759-8818=O # Sociologyofreligion
1067-6341=O # JournalofearlyChristianstudies
1065-6219=O # JournalofresearchonChristianeducation
1065-223X=O # BulletinoftheBiblicalResearch
1065223X=O # BulletinoftheBiblicalResearch
1063-8512=O # Proecclesia
10626549=O # Cistercianstudiesquarterly
1062-6549=O # Cistercianstudiesquarterly
1052-150X=A # Businessethicsquarterly!!pppn
1052-1151=O # ReligionandAmericanCulture
1052-1151,1533-8568=O # ReligionandAmericanCulture
1052-1151,1533-8568=O # ReligionandAmericanCulture
1051-3558=O # AmericanCatholicPhilosophicalQuarterly
2153-8441=O # American Catholic Philosophical Quarterly
10513558=O # AmericanCatholicPhilosophicalQuarterly
1050-8619=O # TheInternationalJournalforthePsychologyofReligion
1050-4125=A # ChristianstudiesapublicationoftheFacultyofAustinGraduateSchoolofTheology
1030-570X=O # Pacifica
1026-2946=A # AfricaJournalofEvangelicalTheology
1025-6555,1814-2036=O # MitteilungenzurChristlichenArchäologie
1023-0807=O # Religionandtheology
1017-0499=O # Studiahistoriaeecclesiasticae
1015-8758=O # ActaTheologica
10158758=O # ActaTheologica
1015-8758,2309-9089=O # ActaTheologica
1011-7601=O # JournalfortheStudyofReligion
1010-9919=O # oldtestamentessays
2312-3621=O # Old Testament Essays
1010-7215=A # Lateranum
0967-8948=O # JournaloftheBritishAssociationfortheStudyofReligions-formerlyDISKUS
0966-7369, 1745-5251=O # Journal of Pentecostal Theology
1745-5251=O # Journal of pentecostal theology
0966-7369=O # Journal of pentecostal theology
0966-7350=O # Feministtheology
09667350=O # Feministtheology
0963-7494=O # Religion,StateandSociety
0963-1801=O # Cambridgequarterlyofhealthcareethics
0963-1801=O # CambridgeQuarterlyofHealthcareEthics
0963-1801,1469-2147=O # CambridgeQuarterlyofHealthcareEthics
0962-8770=O # Businessethics=AEuropeanReview
09602720=O # EuropeanJournalofTheology
0960-2720=O # Europeanjournaloftheology
0959-6410=O # IslamandChristian-Muslimrelations!!pppn
0955-2340=O # JournalofIslamicStudies
0955-2340,1471-6917=O # JournalofIslamicStudies
0954-4194=O # Science&Christianbelief
09544194=O # Science&Christianbelief
0953-9468=O # StudiesinChristianethics
09539468=O # StudiesinChristianethics
0951-8207=O # Journalforthestudyofthepseudepigrapha!!pppn
09518207=O # Journalforthestudyofthepseudepigrapha!!pppn
0946-3518=A # PraktischeTheologie
0944-5706=O # JewishStudiesQuarterly
0943-7592=O # JournalfortheHistoryofModernTheologyüberDegruyter=4213Hauptsacht.bis14.2007=ZeitschriftfürneuereTheologiegeschichte;@Grotz=als„…$h1-2“(stattmitQuerstrich=„…$h1/2“)
0943-3058=O # Method&theoryinthestudyofreligion
0943-3058, 1570-0682=O # Method&theoryinthestudyofreligion
0938-5320=A # PraktischeTheologie
0935-7335=O # EthikinderMedizin
0932-9951=O # KirchlicheZeitgeschichteInternationaleZeitschriftfürTheologieundGeschichtswissenschaft
09329951=O # KirchlicheZeitgeschichteInternationaleZeitschriftfürTheologieundGeschichtswissenschaft
0932-9951,2196-808X=O # KirchlicheZeitgeschichteInternationaleZeitschriftfürTheologieundGeschichtswissenschaft
0926-6453=O # Studiesinspirituality
0926-2326=O # StudiesinInterreligiousDialogue
0901-8328=O # ScandinavianjournaloftheOldTestament
0894-4857=O # TheMertonannual
08944857=O # TheMertonannual
0892-5712=O # CriswellTheologicalReview
0891-5881=A # Dialogueandalliance
0890-2461=O # Philosophy&theology
0890-1112=A # Journalofritualstudies
0890-0132=O # Journalofinterdisciplinarystudies
08900132=O # Journalofinterdisciplinarystudies
0889-048X=A # Agricultureandhumanvalues!!pppn
0887-1760=O # Mid-Americajournaloftheology
0884-5379=O # fidesethistoria
08845379=O # fidesethistoria
0883-0053=O # Exauditu
0882-0945=O # Buddhist-ChristianStudies
08820945=O # Buddhist-ChristianStudies
0826-9831=O # TorontoJournalofTheology
08194920=O # Phronema
0809-7291=O # Nordicjournalofreligionandsociety
0802-0167=O # Nordicjournalofreligionandsociety
0778-8304, 2665-9484=O # Trajecta
2665-9484=O # Trajecta
0778-8304=O # Trajecta
0774-5524=A # Questionsliturgiques
0771-7776=O # Sacriserudiri
0745-3698=A # AmericanBaptistQuarterly
0739-8913=O # ChristianEducationJournal
0737-769X=O # JournalofChineseReligions
0733-4273=O # JournalofpsychologyandChristianity
07334273=O # JournalofpsychologyandChristianity
0727-3215=O # AustalasianCatholicRecord
0720-6259=O # Pastoraltheologie
0718-9273=O # Veritas=RevistadeFilosofíayTeología
0718-4727=O # RevistaCultura&Religión
0717-4675=O # Veritas=RevistadeFilosofíayTeología
07174675=O # Veritas=RevistadeFilosofíayTeología
0716-1662=A # AnuariodehistoriadelaIglesiaenChile
0591-2385=O # Zygon
0588-3237=A # Colloquium
0585-766X=A # Studiumrevistadefilosofíayteología
0580-1400=A # MünchenertheologischeZeitschrift
0573-2018=A # Compostellanum
0569-9789=O # Analectacalasanctiana
0559-2186=A # ScriptoriumVictoriense
0555-9308=O # ZeitschriftfürPastoraltheologie
0544-9073=A # MonteCarmelo
0521-8195=A # Burgense
0495-1549=A # Teologíaespiritual
0486-5642=O # Restorationquarterly
0470-3790=A # Naturalezaygracia
0458-063X=O # Liturgy
0456-8494=A # Lumen
0449-508X=A # Journalofpastoralcounseling!!pppn
0449-508X=A # Journalofpastoralcounseling!!eppn
0425-340X=A # Estudioagustiniano
0425-1466=A # EphemeridesMariologicae
0394-9397=A # Religioniesocietà
03938417=O # Studiematerialidistoriadellereligioni
0393-8417=O # Studiematerialidistoriadellereligioni
03933849=A # Rivistadiscienzedell'educazione
0393-3849=A # Rivistadiscienzedell'educazione
0392-7288=A # Islamochristiana
0392-4556=A # Teresianum
0392-2855=A # AnalectaAugusiniana
0392-2359=A # Apollinaris
0384-9694=O # Journalofreligiousethics
03849694=O # Journalofreligiousethics
0383-431X=O # Œcuménisme/Ecumenism
03799557=O # Theologicalreview
0379-9557=O # Theological Review
0378-2506=O # Byzantion
0362-1596=A # Parabola
0361-0160=O # TheSixteenthCenturyJournal
03610160=O # TheSixteenthCenturyJournal
0360-9669,2050-8557=O # Horizons
0360-9669=O # Horizons
2050-8557=O # Horizons
0360-8808=O # JournaloftheEvangelicalTheologicalSociety
0360-6503=O # Processstudies
0360-6503=O # Processstudies
03606503=O # Processstudies
0360-3032=A # Trinityjournal
03449254=A # UnitasFratrum
0342-2356=A # Ugarit-Forschungen
0342-1465=A # UnaSancta
0342-0914=A # Lutherjahrbuch
0341-9479=O # BlätterfürwürttembergischeKirchengeschichte
03419479=O # BlätterfürwürttembergischeKirchengeschichte
0341-7905=O # Erwachsenenbildung
0340-6407=A # OriensChristianus
0340-6210=O # Luther
0340-6083=O # GöttingerPredigtmeditationen
0335-5985=O # Archivesdesciencessocialesdesreligions
0323-4142=A # ZeitschriftderSavigny-StiftungfürRechtsgeschichte/KanonistischeAbteilung
0319-485X=O # Religiousstudiesreview
0316-5345=A # ScienceetEsprit
0309-0892=O # JournalforthestudyoftheOldTestament!!hierkeindirekterDownlaod,sondernüberbuttonabstracts # ansonstenkeineISSN-Übernahme!!
03090892=O # JournalforthestudyoftheOldTestament
0306-624X=O # International journal of offender therapy and comparative criminology | krim
0305-7240=O # Journalofmoraleducation
0304-1042=O # JapaneseJournalofReligiousStudies
0283-8486=A # Journalofprehistoricreligion
0276-1114=O # ModernJudaism-AJournalofJewishIdeasandExperience
0276-1114,1086-3273=O # ModernJudaism-AJournalofJewishIdeasandExperience
0275-5270=O # WordandWorld
0272-6122=O # InternationalBulletinofMissionResearch
0270-2533=O # TrinitySeminaryReview
02702533=O # TrinitySeminaryReview
0269-9702=O # Bioethics
0269-1205=O # LiteratureandTheology
0269-1205,1477-4623=O # LiteratureandTheology
0268-5809=O # InternationalsociologyOnlinePublikation|krimdok
0266-7177=O # ModerntheologyPrint-PPNPISSN
0265-4539=A # TheScottishbulletinofevangelicaltheology
0265-3788=O # Transformation
0256-9507=O # Missionalia
0254-8356,2518-4628=O # Neotestamentica
0254-4407=A # Zwingliana
0253-620X=A # Indiantheologicalstudies
0253-3812=A # Theology&life
0251-4788=A # TaiwanJournalofTheology
0229-2807=A # ARC
0214-2996=A # Filologíaneotestamentaria
0212-1964=A # Teologíaycatequesis
0212-1964=A # Teologíaycatequesis
0212-1964=A # Teologíaycatequesis
0211-7096=A # Urgellia
0211-612X=A # Revistaagustiniana
0211-5255=A # ArchivoDominicano
0211-4011=A # Liceofranciscano
0211-2582=A # Misionesextranjeras
0211-2035=A # Archivoagustiniano
0210-7112=A # Revista española de teología
0210-7074=A # Estudiosjosefinos
0210-5225=A # Sinite
0210-4393=A # Estudiosfranciscanos
0210-3877=A # Phase
0210-3133=A # Escritosdelvedat
0210-2900=O # Mayéutica
0210-1629=O # ArchivoteológicoGranadino
0210-1610=O # Estudioseclesiásticos
0210-0851=A # Moralia=revistadecienciasmorales
0210-0525=A # Estudios
0210-0460=A # Analesvalentinos
0210-0398=A # CienciaTomista
0210-0363=A # Estidiostrinitarios
0209-0864=O # AnalectaCracoviensia
0194-3448=O # Americanjournaloftheologyandphilosophy
01943448,21564795=O # Americanjournaloftheologyandphilosophy
0193-6212=O # Presbyterion
01936212=O # Presbyterion
0179-7239=O # KircheundIsrael
0178-2967=O # BiblischeNotizen
0178-1626=A # ForumKatholischeTheologie
0174-9927=O # Pastoraltheologie
0172-6943=A # PietismusundNeuzeit
0169-7536=O # ZeitschriftfürDialektischeTheologie
0167-4544=O # Journalofbusinessethics
0163-4275=O # Environmental ethics
01634275=O # Environmental ethics
0148-3331=O # Christianity&literature
01483331=O # Christianity&literature
0146-1079=O # BiblicalTheologyBulletin
0145-7233=A # Concordia journal
0144-8722=A # Sobornost
01448153=O # EvangelicalReviewofTheology
0144-8153=O # Evangelicalreviewoftheology
0142-064X=O # JournalforthestudyoftheNewTestament!!hierkeindirekterDownlaod,sondernüberbuttonabstracts # ansonstenkeineISSN-Übernahme!!
0142064X=O # JournalforthestudyoftheNewTestament
0141-6200=O # Britishjournalofreligiouseducation
0119-3228=A # JournalofAsianMission
0118-8534=O # Asianjournalofpentecostalstudies
01188534=O # Asianjournalofpentecostalstudies
0107-4164=O # Grundtvig-Studier
0105-3191=O # DanskTeologiskTidsskrift
01053191=O # DanskTeologiskTidsskrift
0104-0073=O # VoxScripturae
0098-9444=A # Biblicalarchaeologyreview!!pppn
0098-9444=A # Biblicalarchaeologyreview!!eppn
0094-7342=O # JournaloftheMormonHistory
0094-5323=O # Augustinianstudies
00945323=O # Augustinianstudies
0094-2065=A # Communio
0093-531X=A # Perspectivesinreligiousstudies
0092-6558=A # JournaloftheInterdenominationalTheologicalCenter
0092-4245=A # Wesleyantheologicaljournal
0091-8296=O # Missiology
00916471=O # Journalofpsychologyandtheology!ohneBindestrichimZoterofeld
0091-6471=O # Journalofpsychologyandtheology
0084-005X,1813-3924=O # WienerStudien
1813-3924=O # WienerStudien
0084-005X=O # WienerStudien
0082-7118=O # Tyndale Bulletin
0081-8933=O # Liberannuus
0080-5459=O # FranciscanStudies
0076-5872=O # Mediaevalstudies
00765872=O # Mediaevalstudies
0075-2681=O # JahrbuchfürLiturgikundHymnologie
0075-2584=A # JahrbuchfürchristlicheSozialwissenschaften
00752541=O # JahrbuchfürAntikeundChristentum
0071-2086=A # Étudesgrégoriennes
0067-6535=A # Biblicalresearch
00666785=O # ArchivumHistoriaePontificiae
0066-6386=A # ArchivfürLiturgiewissenschaft
0065-7638=O # ProceedingsoftheAmericanCatholicPhilosophicalAssociation
00657638=O # ProceedingsoftheAmericanCatholicPhilosophicalAssociation
0049-366X=A # TheologieundGlaube
0049-3449=O # Teologiayvida
0049-3449,0717-6295=O # Teologiayvida
0049-2353=O # Stromata
0048-7988=O # Revued'Histoiredel'EglisedeFrance
0048-721X=O # Religion
0048-1009=O # Novum Testamentum
1568-5365=O # Novum Testamentum
0048-1009, 1568-5365=O # Novum Testamentum
0047-8105=O # Moreana
0047-2867=A # !015194620!JournalofTheologyforSouthernAfrica
0045-0308=A # Australianbiblicalreview
00450308=A # Australianbiblicalreview
0044-3549=O # ZeitschriftfürTheologieundKirche
0044-3441=O # ZeitschriftfürReligions-undGeistesgeschichte
0044-3441, 1570-0739=O # ZeitschriftfürReligions-undGeistesgeschichte
0044-3123=O # ZeitschriftfürMissionswissenschaftundReligionswissenschaft
0044-3123=A # ZeitschriftfürMissionswissenschaftundReligionswissenschaft
0044-2690=A # ZeitschriftfuerEvangelischesKirchenrecht
0043-941X=A # Worship.Areviewconcernedwiththeproblemsofliturgicalrenewal
0043-4388=A # WestminsterTheologicalJournal
00434388=A # WestminsterTheologicalJournal
0043-2873=A # ProceedingsoftheWesleyHistoricalSociety
0043-2547=O # DieWeltdesOrients
00432547=O # DieWeltdesOrients
0043-2040=O # WegezumMenschen
0042-3718=A # Verdadyvida
0041-2945=A # TriererTheologischeZeitschrift
0040-5736=O # Theologytoday
00405736=O # Theologytoday
0040-571X=O # Theology
0040-5698=O # TheologischeRundschau
0040-5639=O # Theologicalstudies
00405639=O # Theologicalstudies
0040-5620=A # Theologicaleducation
0039-7946=O # Syria.Archéologie,artethistoire
0039-6761=O # SwedishTheologicalQuarterly
2003-6248=O # Svensk Teologisk Kvartalskrift
0039-338X=O # Studiatheologica
0039-3258=A # Studiamonastica
0039-3207=O # Studialiturgica
0038-8610=O # ConcordiaTheologicalQuarterly
0038-1527,1873-930X=O # Sophia
00378887=O # ArchivumhistoricumSocietatisIesu
0037-8887=O # ArchivumhistoricumSocietatisIesu
0037-7686=O # Socialcompass
0036-9764=O # ScriptaTheologica
0036-9306=O # ScottishJournalofTheology
0036-9306,1475-3065=O # ScottishJournalofTheology
0036-4703=A # Sapientia
0036-3537=O# Salmanticensis
0036-3227=O # St.Vladimir'stheologicalquarterly
0035-7812=O # RömischeQuartalschriftfürchristlicheAltertumskundeundKirchengeschichte
0035-6573=A # Rivistadistoriaeletteraturareligiosa
0035-2403=O # Revued'histoireetdephilosophiereligieuses
2269-479X=O # Revue d'histoire et de philosophie religieuses
0035-2381=O # Revued'histoireecclésiastique
2294-1088=O # Revued'histoireecclésiastique
0035-2217=A # RevuedesSciencesReligieuses
0035-2209=O # RevuedesSciencesPhilosophiquesetThéologiques
0035-1784=O # Revuedethéologieetdephilosophie
0035-1725=O # RevuedeQumran
0035-1423=O # HistoiredesReligions
2295-9009=O # Revuebénédictine
0034-8147=O # Revista de espiritualidad
0034-7078=A # Revistabíblica
0034-673X,2211-4866=O # ReviewofReligiousResearch
0034-6373=O # Review&Expositor
0034-429X=O # RenaissanceandReformation/RenaissanceetRéforme
0034-4125=O # Religiousstudies
0034-4125,1469-901X=O # Religiousstudies
0034-4087=O # Religiouseducation!
0034-3951=A # ReligionandSocietyPrint-PPN
0034-3072=O # Reformedtheologicalreview
0034-3056=A # ReformedWorld
0034-1258=O # Recherchesdesciencereligieuse
00339644=A # RassegnadiTeologia
0033-9644=A # RassegnadiTeologia
0033-5053=O # Quakerhistory
0033-1767=A # Protestantesimo
0032-9622=A # Proche-Orientchrétien
0031-8159=O # PhilosophischeRundschau
00318159=O # PhilosophischeRundschau
1868-7261=O # PhilosophischeRundschau
0031-529X=A # Periodicadirecanonica
0031-2827=O # Pastoraltheologie
0031-2789=O # Pastoralpsychology!!pppn
00312789=O # Pastoralpsychology
0031-2789,1573-6679=O # Pastoralpsychology
0031-0328=O # Palestineexplorationquarterly
0030-6487=A # OstkirchlicheStudien
0030-5839=A # TheOrthodoxword
0030-5375=A # Orientaliachristianaperiodica
0030-5367=A # Orientalia
0030-252X=O # OneinChrist
0029-5973=A # NumenPISSN
0029-4845=O # Nouvellerevuethéologique
0029-4500=A # Religionandliterature
0028-6885=O # NewTestamentstudies
0028-6885,1469-8145=O # NewTestamentstudies
0028-212X=O # Nederlandstheologischtijdschrift(NTT=Journalfortheologyandthestudyofreligion)
2542-6583=O # Nederlandstheologischtijdschrift(NTT=Journalfortheologyandthestudyofreligion)
0026587X=A # MiscellaneaFrancescana
0026-587X=A # MiscellaneaFrancescana
0026-1238=O # MethodistHistory
0025-8911=A # Mélangesdesciencereligieuse
0024-6964=O # LouvainStudies
0024-5895=A # Logos=ajournalofEasternChristianStudies
0024-5100=A # Liturgisches Jahrbuch
00244414=A # Listening,JournalofCommunicationEthics,Religion,andCulture
0024-4414=A # Listening,JournalofCommunicationEthics,Religion,andCulture
0023-9054,1703-8804=O # Lavalthéologiqueetphilosophique
0023-9054=O # Lavalthéologiqueetphilosophique
1703-8804=O # Lavalthéologiqueetphilosophique
0023-0707=O # KerygmaundDogma
0022-5762=A # Judaism!!pppn
0022-5762=A # Judaism!!eppn
0022-5185=O # Thejournaloftheologicalstudies!!pppn
0022-5185,1477-4607=O # Thejournaloftheologicalstudies!!eppn
0022-5037=O # Journalofthehistoryofideas
0022-4480=O # JournalofSemiticstudies!!pppn
0022-4480,1477-8556=O # JournalofSemiticStudies
0022-4235=A # Thejournalofreligiousthought!!pppn
0022-4235=A # Thejournalofreligiousthought!!eppn
0022-4200=O # JournalofreligioninAfrica
0022-4197=O # JournalofReligionandHealth
0022-4197,1573-6571=O # JournalofReligionandHealth
0022-4189=O # JournalofReligion
00224189=O # JournalofReligion
0022-2968=O # JournalofNearEasternStudies
0022-2097=O # ThejournalofJewishstudies
00222097=O # ThejournalofJewishstudies
0022-0558=A # Journalofecumenicalstudies!!pppn
0022-0469,1469-7637=O # TheJournalofEcclesiasticalHistory
0022-0469=O # TheJournalofEcclesiasticalHistory
1469-7637=O # TheJournalofEcclesiasticalHistory
0022-0256=A # Journalofcuneiformstudies!!pppn
0021-969X=O # Journalofchurchandstate!!pppn
0021-969X,2040-4867=O # Journalofchurchandstate
00219231=O # Journalofbiblicalliterature!!eppn
0021-9231=O # JournalofBiblicalLiterature
00218294=O # JournalfortheScientificStudyofReligion
0021-325X=O # Iuscanonicum
0021325X=O # Iuscanonicum
0021-3209=A # Itinerarium
0021-2423=A # Istina
0021-1400=O # Irishtheologicalquaterly
0021-0978=A # Irénikon
0020-9643=O # Interpretation=AJournalofBibleandTheology
0020-8582=O # Internationalreviewofmission!!eppn
00208582=O # Internationalreviewofmission!!eppn
1572-8684=O # InternationalJournalforPhilosophyofReligion
0020-7047=O # InternationalJournalforPhilosophyofReligion
00207047=O # InternationalJournalforPhilosophyofReligion
0020-157X=O # InnesReview
0019-4530=A # Indianchurchhistoryreview
0018-4276=O # HomiletischeMonatshefte
0018-2710=O # Historyofreligions
0018-2656=O # Historyandthoery
0018-2613=A # HistorischeZeitschrift
0018-246X=O # Thehistoricaljournal
0018-215X=O # HispaniaSacra
0017-8160=O # TheHarvardtheologicalreview
0017-8160,1475-4517=O # TheHarvardtheologicalreview
0017-4114=A # Gregorianum
0017-3916=O # Greek,Roman,andByzantineStudies
0017-2251=O # Christianscholar’sreview
00172251=O # Christianscholar’sreview
0016-5921=A # Geist und Leben
0014-701X=A # Faithandfreedom
0014-5246=O # TheExpositorytimes
00145246=O # TheExpositorytimes
0014-5246,1745-5308=O # TheExpositorytimes
0014-3367=O # Evangelicalquarterly
00143367=O # Evangelicalquarterly
0014-2239=O # Etudesthéologiquesetreligieuses!!pppn
0014-2239,2272-9011=O # Etudesthéologiquesetreligieuses!!pppn+eppn
0014-1437=A # EstudiosBiblicos
0013-9513=O # EphemeridestheologicaeLovanienses
00128708=O # EasternBuddhist
0012-5806=O # TheDownsidereview!!Druckausgabeausgewertetbis133.2015,470
0012-2157=O # Dialogue A Journal of Mormon Thought
00122157=O # Dialogue A Journal of Mormon Thought
0011-1953=O # Crosscurrents
00111953=O # Crosscurrents
0010-5236=A # Concilium-EnglischeAusgabe!!!!
00105236=A # Concilium-EnglischeAusgabe!!!!
0010-3713=A # Communioviatorum
0010-3497=O # CommunicatioSocialis
0009-7756=A # CiudaddeDios
0009-7497=A # Citeaux-CommentariiCistercienses
00097497=A # Citeaux-CommentariiCistercienses
0009-661X=A # Churchman
0009-6407=O # Churchhistory!!pppn
0009-6407,1755-2613=O # ChurchHistory
0009-5753=A # Christianitytoday!!pppn
0009-5753=A # Christianitytoday!!eppn
0009-5281=A # TheChristiancentury!!pppn
0009-5281=A # TheChristiancentury!!eppn
0008-8501=A # Catholica
0008-8080=O # Thecatholichistoricalreview
00088080=O # Thecatholichistoricalreview
0008-7912=O # Thecatholicbiblicalquarterly!!pppn
00087912=O # Thecatholicbiblicalquarterly!!pppn
0008-6673=A # Carmelus
0008-4298=O # Studiesinreligion=Sciencesreligieuses
0007-4322=A # Bulletindelittératureecclésiastique
0006-2014=A # BiblischeZeitschrift
0006-1921=A # Bibliotheca Sacra
0006-0895=A # TheBiblicalarcheologist!!pppn
0006-0887=O # Biblica
0006-0585=A # Bibbiaeoriente
0005-576X=O # Baptistquarterly
00055719=O # Baptisthistoryandheritage
0004-8011=O # Augustinianum
0004-4970=A # Asprenas
0004-0665=A # ArchivumFranciscanumhistoricum
0004-0452=A # Archivoibero-americano
0003-9160=O # ArchivfürkatholischesKirchenrecht
0003-9160,2589-045x=O # ArchivfürkatholischesKirchenrecht
0003-6064=A # Antonianum
00033286=O # Anglicantheologicalreview!!eppp
0003-3286=O # Anglicantheologicalreview!!eppp
0003-2980=O # AndrewsUniversitySeminarystudies
2507-0290=O # AnalectaBollandiana
0003-1224=O # AmericansociologicalreviewOnlinePublikation|krimdok
0003-097X=O # BulletinoftheAmericanSchoolsofOrientalResearch!!pppn
0003097X=O # BulletinoftheAmericanSchoolsofOrientalResearch
0003097X=O # BulletinoftheAmericanSchoolsofOrientalResearch
0003097X,21618062=O # BulletinoftheAmericanSchoolsofOrientalResearch
0003097X,21618062=O # BulletinoftheAmericanSchoolsofOrientalResearch
0003-0279=O # JournaloftheAmericanOrientalSociety!!pppn
0002-7650=A # TheAmericanBenedictineReview
00027650=A # TheAmericanBenedictineReview
1477-4585=O # JournaloftheAmericanAcademyofReligion
0002-7189=O # JournaloftheAmericanAcademyofReligion
0002-7189, 1477-4585=O # JournaloftheAmericanAcademyofReligion
0002-7189,1477-4585=O # JournaloftheAmericanAcademyofReligion
00027049=O # America
0002-7049=A # America!!pppn
2605-5147=O # Estudios eclesiásticos
2593-0265=O # TheoLogica: An International Journal for Philosophy of Religion and Philosophical Theology
0074-0160=A # Anthologica annua
1064-9867=O # Journal of Pastoral Theology
08883769=O # Religion & Literature
0888-3769=O # Religion & Literature
2056-6093=O # Journal of Religious and Political Practice
0021-2059=O # Israel exploration journal (BILDI) (Z=1698)
1529-1634=A # Philosophia Christi
1827-7977=O # Bollettino dell'Archivio per la storia del movimento sociale cattolico in Italia
0364-0094, 1475-4541=O # AJS Review
0364-0094=O # AJS Review
1475-4541=O # AJS Review
2055-7973, 2055-7981=O # British Catholic History
2055-7973=O # British Catholic History
2055-7981=O # British Catholic History
2627-6062=O # Journal of Ethics in Antiquity and Christianity
2397-348X=O # Interreligious Studies and Intercultural Theology
0896-8039=A # Anglican and Episcopal History
0748-0814, 2163-3088=O # Journal of Law and Religion
0748-0814=O # Journal of Law and Religion
2163-3088=O # Journal of Law and Religion
1047-7845=O # Journal of Religious & Theological Information
2046-5726=O # Medieval Mystical Theology
1751-8342=O # Material religion : the journal of objects, art and belief
1366-0691=O # Medieval Sermon Studies
0015-5357=O # Foi et vie
0023-1827=A # Kirchliches Amtsblatt für das Bistum Essen
1557-0274=O # The Review of Faith & International Affairs
00173894=O # Greek Orthodox Theological Review
0017-3894=O # Greek Orthodox Theological Review
0008-1795=A # Calvin Theological Journal
1476-6086=O # Journal of Management, Spirituality & Religion
2657-3555=O # European Journal for the Study of Thomas Aquinas
2194-508X=O # Zeitschrift für Religionswissenschaft
0943-8610, 2194-508X=O # Zeitschrift für Religionswissenschaft
0943-8610=O # Zeitschrift für Religionswissenschaft
1743-1735=O # Pomegranate: The International Journal of Pagan Studies
1536-3759=O # Christian Higher Education
0066-6785=A # Archivum Historiae Pontificiae
2284-3515=O # Aisthema, International Journal
1613-0928=O # Der Islam
0003-9659=O # Archives de sociologie des religions
2305-0853=O # In die Skriflig/In Luce Verbi
00384828=O # Southwestern Journal of Theology
0038-4828=O # Southwestern Journal of Theology
2162-3937=O # Journal of Ecumenical Studies
00220558=O # Journal of Ecumenical Studies
0022-0558=O # Journal of Ecumenical Studies
1936-0843=O # Journal of Theological Interpretation
19360843, 25767933=O # Journal of Theological Interpretation
2576-7933=O # Journal of Theological Interpretation
0210-2870=O # Diálogo ecuménico
0210-2870=O # Dialogo ecumenico
1567-9896=O # Aries
1570-0593=O # Aries
1436-3038=O # Archiv für Religionsgeschichte
0043-2539=O # Die Welt des Islams
1570-0607=O # Die Welt des Islams
2192-2284=O # Hebrew Bible and Ancient Israel
0040-5698=O # Theologische Rundschau
0484-0887=O # Recherches Augustiniennes et Patristiques
2232-1950=O # Al-Bayan: Journal of Qur'an and Hadith Studies
2232-1969=O # Al-Bayan: Journal of Qur'an and Hadith Studies
1568-4857=O # The Review of Rabbinic Judaism : ancient, medieval and modern
1570-0704=O # The Review of Rabbinic Judaism : ancient, medieval and modern
1871-2207, 0195-9085=O # Horizons in Biblical Theology
1871-2207=O # Horizons in Biblical Theology
0195-9085=O # Horizons in Biblical Theology
1569-7320, 1872-5171=O # International Journal of Public Theology
1569-7320=O # International Journal of Public Theology
1872-5171=O # International Journal of Public Theology
2214-1324, 2214-1332=O # Journal of Jesuit Studies
2214-1332=O # Journal of Jesuit Studies
2214-1324=O # Journal of Jesuit Studies
1570-9256, 0922-2936=O # Journal of Empirical Theology
0922-2936=O # Journal of Empirical Theology
1570-9256=O #  Journal of Empirical Theology
1569-7312, 1872-5163=O # Journal of Reformed Theology
1569-7312=O # Journal of Reformed Theology
1872-5163=O # Journal of Reformed Theology
1573-3831, 0168-9789=O # Mission Studies
1573-3831=O # Mission Studies
0168-9789=O # Mission Studies
0031-8035, 2352-8230=O # Philosophia Reformata
0031-8035=O # Philosophia Reformata
2352-8230=O # Philosophia Reformata
1570-0585=O # Arabica : journal of Arabic and islamic studies
0570-5398=O # Arabica : journal of Arabic and islamic studies
0272-0965, 1570-0747=O # Pneuma
0272-0965=O # Pneuma
1570-0747=O # Pneuma
0042-4935, 1568-5330=O # Vetus Testamentum
0042-4935=O # Vetus Testamentum
1568-5330=O # Vetus Testamentum
2214-4471, 2214-4463=O # Ecclesial Practices
2214-4471=O # Ecclesial Practices
2214-4463=O # Ecclesial Practices
1025-9996=O # European journal of jewish studies
1872-471X=O # European journal of jewish studies
1872-471X, 1025-9996=O # European journal of jewish studies
1569-2078=O # Hawwa : journal of woman in the Middle East and the Islamic world
1569-2086=O # Hawwa : journal of woman in the Middle East and the Islamic world
0019-7246=O # Indo-Iranian Journal
1572-8536=O # Indo-Iranian Journal
2210-5697=O # International Journal for the Study of Skepticism
2210-5700=O # International Journal for the Study of Skepticism
2210-5700, 2210-5697=O # International Journal for the Study of Skepticism 
2214-2363=O # Journal of Abbasid Studies
2214-2371=O # Journal of Abbasid Studies
2214-2371, 2214-2363=O # Journal of Abbasid Studies
1569-2116, 1569-2124=O # Journal of Ancient Near Eastern Religions
1569-2116=O # Journal of Ancient Near Eastern Religions
1569-2124=O # Journal of Ancient Near Eastern Religions
1567-7095=O # Journal of Cognition and Culture
1568-5373=O # Journal of Cognition and Culture
1568-5373, 1567-7095=O # Journal of Cognition and Culture
1477-285X=O # The Journal of Jewish Thought and Philosophy
1053-699X=O # The Journal of Jewish Thought and Philosophy
1053-699X, 1477-285X=O # The Journal of Jewish Thought and Philosophy
2212-6465=O # Journal of Law, Religion and State
2212-4810=O # Journal of Law, Religion and State
2212-4810, 2212-6465=O # Journal of Law, Religion and State
2211-7954=O # Journal of Muslims in Europe
2211-792X=O # Journal of Muslims in Europe
2211-7954, 2211-792X=O # Journal of Muslims in Europe
1570-0666, 0022-4200=O # JournalofreligioninAfrica
1570-0666=O # JournalofreligioninAfrica
1874-8929, 1874-8910=O # Journal of Religion in Europe
1874-8929=O # Journal of Religion in Europe
1874-8910=O # Journal of Religion in Europe
2211-8349=O # Journal of Religion in Japan
2211-8330=O # Journal of Religion in Japan
2211-8349, 2211-8330=O # Journal of Religion in Japan
2210-5948, 2210-5956=O # Journal of Sufi Studies
2210-5948=O # Journal of Sufi Studies
2210-5956=O # Journal of Sufi Studies
1570-0674, 1380-7854=O # Medievalencounters
0732-2992, 2211-8993=O # Muqarnas Online
0732-2992=O # Muqarnas Online
2211-8993=O # Muqarnas Online
1871-031X, 1871-0328=O # Religion &amp; Human Rights
1871-031X=O # Religion &amp; Human Rights
1871-0328=O # Religion &amp; Human Rights
2214-3947, 2214-3955=O # Review of Religion and Chinese Society
2214-3947=O # Review of Religion and Chinese Society
2214-3955=O # Review of Religion and Chinese Society
1958-5705, 0585-5292=O # Studia Islamica
1958-5705=O # Studia Islamica
0585-5292=O # Studia Islamica
1363-5247, 1568-5357=O # Worldviews: Global Religions, Culture, and Ecology
1363-5247=O # Worldviews: Global Religions, Culture, and Ecology
1568-5357=O # Worldviews: Global Religions, Culture, and Ecology
1570-0720, 0042-6032=O # Vigiliae Christianae
0042-6032=O # Vigiliae Christianae
1570-0720=O # Vigiliae Christianae
1571-7283, 1875-0214=O # Zutot
1571-7283=O # Zutot
1875-0214=O # Zutot
1862-9148=O # Naharaim
1874-9275, 0276-2854=O # Erasmus Studies
0276-2854=O # Erasmus Studies
1874-9275=O # Erasmus Studies
2405-5093, 1741-0819=O # Journal of Youth and Theology
2405-5093=O # Journal of Youth and Theology
1741-0819=O # Journal of Youth and Theology
1874-8945, 1874-8937=O # Social Sciences and Missions
1874-8945=O # Social Sciences and Missions
1874-8937=O # Social Sciences and Missions
1817-7530, 1817-7565=O # Scrinium
1817-7530=O # Scrinium
1817-7565=O # Scrinium
0084-6724, 1573-6121=O # Archive for the Psychology of Religion
0084-6724=O # Archive for the Psychology of Religion
1573-6121=O # Archive for the Psychology of Religion
1568-5349, 0042-7543=O # Vivarium
0042-7543=O # Vivarium
1568-5349=O # Vivarium
1612-9768=O # International Journal of Practical Theology
1430-5372=O # Kierkegaard Studies Yearbook
1612-9520=O # Neue Zeitschrift für Systematische Theologie und Religionsphilosophie
1612-961X=O # Zeitschrift für Antikes Christentum / Journal of Ancient Christianity
1613-0103=O # Zeitschrift für die alttestamentliche Wissenschaft
1613-009X=O # Zeitschrift für die neutestamentliche Wissenschaft
0044-2526, 1613-0103=O # Zeitschrift für die alttestamentliche Wissenschaft
0044-2526=O # Zeitschrift für die alttestamentliche Wissenschaft
1990-4231=O # International Yearbook for Tillich Research
1435-2249=O # ZNT – Zeitschrift für Neues Testament
2049-7563=O # Journal for the Cognitive Science of Religion
1827-790X=O # Rivista di Storia della Chiesa in Italia
2698-5446=O # Im Dialog – Beiträge aus der Akademie der Diözese Rottenburg-Stuttgart
2504-5156=O # Vulgata in Dialogue. A Biblical On-Line Review
0267-1700=O # Religion Today
2057-5831=O # Body and Religion
1877-5233=O # Annual review of the sociology of religion
18775233=O # Annual review of the sociology of religion
2009-7379=O # International Journal of Religious Tourism and Pilgrimage
20097379=O # International Journal of Religious Tourism and Pilgrimage
2293-7374=O # Renaissance and reformation
2699-5433=O # Theologische Review
2196-6265=O # Jahrbuch für Christliche Sozialwissenschaften
2532-2990=O # The Journal of CESNUR
1662-4653=O # Asdiwal : revue genevoise d'anthropologie et d'histoire des religions
1366-5456=O # Journal of education & Christian belief 
1996-0042=O # Protokolle zur Bibel
2412-2467=O # Protokolle zur Bibel
1378-4641=O # Ancient Near Eastern Studies
0776-3824=O # Kernos
0949-9571,1612-961X=O # Zeitschrift für antikes Christentum
0949-9571=O # Zeitschrift für antikes Christentum
1534-0708=O # The Catholic historical review
2365-8185=O # Spiritual Care
0010-7557=O # Contemporary religions in Japan
2300-6579=O # Open Theology
2183-3737=O # Revista Lusófona de Ciência das Religiões
2044-0243=O # Journal for the Study of Spirituality
0003-9381=O # Archiv für Reformationsgeschichte
1861-8065=O # Ichthys:theologische Orientierung für Studium & Gemeinde
2673-4273=O # Judaica. Neue digitale Folge
2451-280X=O # Verbum Vitae
2019-0050=O # Journal of religion and popular culture
2109-9502=O # Revue d'histoire de l'Eglise de France
1934-3876=O # Journal of Biblical Literature
2050-8999=O # Journal of Chinese religions
2589-8051, 1878-5417=O # Religion and Gender
2589-8051=O # Religion and Gender
1878-5417=O # Religion and Gender
1865-9438, 1016-4987=O # Aschkenas
1865-9438=O # Aschkenas
1016-4987=O # Aschkenas
0043-1575=O # The Way
1862-9156, 1862-9148=O # Naharaim
1862-9156=O # Naharaim
1862-9148=O # Naharaim
1210-3640 ,  2336-4475=O # Religio: revue pro religionistiku
1210-3640, 2336-4475=O # Religio: revue pro religionistiku
1210-3640=O # Religio: revue pro religionistiku
2336-4475=O # Religio: revue pro religionistiku
2158-1681=O # Hebrew Studies
0393-6805=A # Henoch
0040-5701=O # Theologische Zeitschrift (Digitalisate)
2176-0985=O # Mandrágora
0580-1400=A # Münchener Theologische Zeitschrift
2589-7454, 2589-7446=O # Brill Research Perspectives in Jesuit Studies
2589-7454=O # Brill Research Perspectives in Jesuit Studies
2589-7446=O # Brill Research Perspectives in Jesuit Studies
1612-9792=O # Kierkegaard Studies Yearbook
2709-8435=O # Zeitschrift für Theologie und Philosophie
2611-7649=O # Teresianum
2034-6468=O # Apocrypha
2507-0428=O # Liber Annuus
0332-4427=A # Proceedings of the Irish Biblical Association
0792-3910=O # Jewish Bible Quarterly
1052-4533=A # The Studia Philonica Annual
0948-0587=O # Zeitschrift für Altorientalische und Biblische Rechtsgeschichte / Journal for Ancient Near Eastern and Biblical Law
0360-9049=O # Hebrew Union College Annual
2507-0118=O # Transeuphratène
1089-7747=O # TC: A Journal of Biblical Textual Criticism
1551-3432=O # Journal of Scriptural Reasoning
2329-4434=O # Journal of the Bible and its Reception
1676-3394=O # Ribla - Revista de interpretação bíblica latino-americana
2620-0163=O # Journal of the Society of Christian Ethics
01372432, 20844077=O # Studia Religiologica
2084-4077=O # Studia Religiologica
2660-7743=O # Isidorianum
1010-9919=O # Old Testament Essays
2637-7500, 2637-7519=O # Socio-Historical Examination of Religion and Ministry
2637-7500=O # Socio-Historical Examination of Religion and Ministry
2637-7519=O # Socio-Historical Examination of Religion and Ministry
1753-1055=O # Journal of Eastern African Studies
2450-4955, 2451-2141=O # Philosophy and Canon Law
2450-4955=O # Philosophy and Canon Law
2451-2141=O # Philosophy and Canon Law
23744766=O # JournalofBookofMormonStudies
2374-4766=O # JournalofBookofMormonStudies
2374-4774=O # JournaloftheBookofMormonStudies
1065-9366=O # Journal of the Book of Mormon (1992-2015)
10659366=O # Journal of the Book of Mormon (1992-2015)
2155-7594=O # Journal of Childhood and Religion
0006-0895=O # The Biblical Archaeologist
2792-260X=O # Estudio Agustiniano
2165-9214=O # Journal of religion, media and digital culture
2588-8099=O # Journal of religion, media and digital culture
2165-9214, 2588-8099=O # Journal of religion, media and digital culture
1664-0136=O # ThéoRèmes. Penser le religieux
2141-7040=O # Ilorin Journal of Religious Studies
2617-1953=O # Limina
1820-659X=O # Politikologija religije - Politics and Religion Journal
19809425=O # Revista Ciências da Religião - História e Sociedade
1980-9425=O # Revista Ciências da Religião - História e Sociedade
1751-2697=O # Religions of South Asia
17512697=O # Religions of South Asia
1893-0271, 1893-0263=O # Teologisk tidsskrift
1893-0271=O # Teologisk tidsskrift
1893-0263=O # Teologisk tidsskrift
1661-3880=O # Schweizerische Zeitschrift für Religions- und Kulturgeschichte
2764-1287=O # Estudos Bíblicos
1527-2028=O # Jewish Social Studies
0253-7222=O # Journal of Dharma
0739-7046=O # Faith and Philosophy
07397046=O # Faith and Philosophy
2284-3892=O # Annali di studi religiosi
22843892=O # Annali di studi religiosi
1434-5935=O # Journal of religious culture = Journal für Religionskultur
14345935=O # Journal of religious culture = Journal für Religionskultur
1522-5658=O # Journal of Religion and Society
15225658=O # The journal of religion & society
1972-2516=O # Mythos. Rivista di Storia delle Religioni
19722516=O # Mythos. Rivista di Storia delle Religioni
2535-8863=O # Journal of Historical Network Research
25358863=O # Journal of Historical Network Research
1982-2650=O # Ciencias Sociales y Religión/Ciências Sociais e Religião
19822650=O # Ciencias Sociales y Religión/Ciências Sociais e Religião
00174114=O # Gregorianum : periodicum trimestre a Pontificia Universitate Gregoriana editum
IXTH-0001=O$a1 # The journal of gods and monsters
2183-2803=O # Social Inclusion
21832803=O # Social Inclusion
1050-2289=O # Journal of religious gerontology
10502289=O # Journal of religious gerontology
2213-8617, 0030-5472=O # Oriente Moderno
22138617, 00305472=O # Oriente Moderno
2213-8617=O # Oriente Moderno
0030-5472=O # Oriente Moderno
22138617=O # Oriente Moderno
00305472=O # Oriente Moderno
1822-4571=O # Religija ir kultūra
18224571=O # Religija ir kultūra
2521-6465=O # Chabaršy
25216465=O # Chabaršy
0046-2616=O # Ethnologie française
00462616=O # Ethnologie française
583217141=O # KNA, Katholische Nachrichten-Agentur (Zs-PPN, IKR)
613737075=O # Amtsblatt der Erzdiözese Freiburg (AB-PPN, IKR)
856427438=O # Kirchliches Amtsblatt für das Bistum Dresden-Meißen (AB-PPN, IKR)
1677381620=O # Amtsblatt des Erzbistums Berlin (AB-PPN, IKR)
565627228=O # Kirchliches Amtsblatt : Erzbistum Hamburg (AB-PPN, IKR)
1672844088=O # Kirchliches Amtsblatt für die Diözese Fulda (AB-PPN, IKR)
1728922038=O # Amtsblatt der Österreichischen Bischofskonferenz (AB-PPN, IKR)
1738254771=O # Amtsblatt des Bistums Limburg (AB-PPN, IKR)
1040236065=O # Kirchliches Amtsblatt für das Bistum Essen (AB-PPN, IKR)
167405373=A # Kirchliches Amtsblatt für das Bistum Essen (AB-PPN, IKR)
1784545694=O # Amtsblatt des Erzbistums Köln (AB-PPN, IKR)
166765988=A # Amtsblatt des Erzbistums Köln (AB-PPN, IKR)
175696663X=O # Kirchliches Amtsblatt für die Diözese Münster (AB-PPN, IKR)
1789065429=O # Kirchliches Amtsblatt für die Erzdiözese Paderborn (AB-PPN, IKR)
167405527=A # Kirchliches Amtsblatt für die Erzdiözese Paderborn (AB-PPN, IKR)
1789070287=O # Amtsblatt fuer die Dioezese  Regensburg (AB-PPN, IKR)
1041373554=O # Kirchliches Amtsblatt für die Diözese Rottenburg-Stuttgart (AB-PPN, IKR)
683497839=O # Amtsblatt des Bistums Magdeburg (AB-PPN, IKR)
736118896=O # Kirchliches Amtsblatt für die Diözese Osnabrück (AB-PPN, IKR)
735685517=O # Kirchlicher Anzeiger für das Bistum Hildesheim (AB-PPN, IKR)
1751188191=O # Amtsblatt : Bistum Passau (AB-PPN, IKR)
775920312=O # Pastoralblatt : Amtsblatt des Bistums Eichstätt (AB-PPN, IKR)
867167459=O # Oberhirtliches Verordnungsblatt : Amtsblatt für das Bistum Speyer (AB-PPN, IKR)
165667435=A # Kirchliches Amtsblatt : Ausgabe des Bischöflichen Amtes Erfurt-Meiningen (AB-PPN, IKR)
167359355=A # Kirchliches Amtsblatt für die Diözese Mainz (AB-PPN, IKR)
167405233=A # Kirchlicher Anzeiger für die Diözese Aachen (AB-PPN, IKR)
167737457=A # Verordnungsblatt des Katholischen Militärbischofs für die Deutsche Bundeswehr (AB-PPN, IKR)
613736710=O # Würzburger Diözesanblatt (AB-PPN, IKR)
328819700=A # Amtsblatt für das Erzbistum Bamberg (AB-PPN, IKR)
1677381620=O # Amtsblatt des Erzbistums Berlin (AB-PPN, IKR)
1779867972=O # Kirchliches Amtsblatt für das Bistum Trier (AB-PPN, IKR)
182405141=A # Amtsblatt : Bistum Görlitz (AB-PPN, IKR)
735685517=O # Kirchlicher Anzeiger für das Bistum Hildesheim (AB-PPN, IKR)
167358952=A # Amtsblatt fuer die Dioezese Augsburg (AB-PPN, IKR)
167361929=A # Amtsblatt für das Erzbistum München und Freising (AB-PPN, IKR)
2041-952X=O # International Journal for the Study of New Religions
2041952X=O # International Journal for the Study of New Religions
1796-4407=O # Uskonnontutkija - Religionsforskaren
17964407=O # Uskonnontutkija - Religionsforskaren
2434-4397=O # Bulletin of the International Institute for Buddhist Studies
24344397=O # Bulletin of the International Institute for Buddhist Studies
1301-966X=O # Dini Araştırmalar
1301966X=O # Dini Araştırmalar
2693-2148=O # Occasional papers on religion in Eastern Europe
26932148=O # Occasional papers on religion in Eastern Europe
2520-4696=O # European Journal of Philosophy, Culture and Religion
25204696=O # European journal of philosophy, culture and religion
0315-7997=O # Historical reflections
03157997=O # Historical reflections
