1862-2593=krzo #  Berliner Journal für Soziologie Online Publikation|krimdok
2282-2828=inzo # Archivio Giuridico Filippo Serafini (2234)
2035-3545=inzo # Il diritto ecclesiastico (1725)
0570-1953=inzo # L'Annee canonique (1728)
2040-4867=inzo # Journal of church and state (inzo) (1752)
0021-969X=inzo # Journal of church and state (inzo) (1752)
0082-7118=inzo # Tyndale Bulletin (inzo) (Z=1192)
0021-2059=inzo # Israel exploration journal (inzo) (Z=1698)
2605-3357=inzo # Vergentis (inzo) (Z=2915)
1240-3032=inzo # Revue Biblique (1892-1940) (JSTOR retro)
0035-0907=inzo # Revue Biblique (1946-) (JSTOR retro)
2192-3124=inzo # Zeitschrift des Deutschen Palästina-Vereins (1878-1945) (JSTOR retro)
0012-1169=inzo # Zeitschrift des Deutschen Palästina-Vereins (1953-) (JSTOR retro)
0044-2895=inzo # Zeitschrift für katholische Theologie (JSTOR-retro)
1015-8758,2309-9089=inzo # Acta Theologica
2309-9089=inzo # Acta Theologica
1015-8758=inzo # Acta Theologica
10158758=inzo # Acta Theologica
1120-4001=inzo # Annali di storia dell'esegesi
2034-6468=inzo # Apocrypha
2385-2062=inzo # Biblica
2565-7070=inzo # Biblica
1065-223X=inzo # Bulletin of the Biblical Research
1065223X=inzo # Bulletin of the Biblical Research
1868-8020=inzo # Early Christianity
1868-7032=inzo # Early Christianity
0014-1437=inzo # Estudios Biblicos
0214-2996=inzo # Filologíaneotestamentaria
2158-1681=inzo # Hebrew Studies
1934-3876=inzo # Journal of Biblical Literature
0179-7239=inzo # Kirche und Israel
2507-0428=inzo # Liber Annuus
1094-2076=inzo # Near Eastern archaeology!!pppn
0254-8356,2518-4628=inzo # Neotestamentica
0254-8356, 2518-4628=inzo # Neotestamentica
2192-2276=inzo # Hebrew Bible and Ancient Israel
2518-4628=inzo # Neotestamentica
0254-8356=inzo # Neotestamentica
0028-6885,1469-8145=inzo # New Testament studies
1469-8145=inzo # New Testament studies
0028-6885=inzo # New Testament studies
2312-3621=inzo # Old Testament Essays
1996-0042=inzo # Protokolle zur Bibel
2412-2467=inzo # Protokolle zur Bibel
2466-8583=inzo # Revue biblique
2506-7567=inzo # Revuede Qumran
0035-1725=inzo # Revuede Qumran
0254-1807, 2305-445X=inzo # Scriptura
2305-445X=inzo # Scriptura
0254-1807=inzo # Scriptura
1435-2249=inzo # ZNT – Zeitschrift für Neues Testament
0044-2526, 1613-0103=inzo # Zeitschrift für die alttestamentliche Wissenschaft
0044-2526=inzo # Zeitschrift für die alttestamentliche Wissenschaft
1613-0103=inzo # Zeitschrift für die alttestamentliche Wissenschaft
1613-009X=inzo # Zeitschrift für die neutestamentliche Wissenschaft
0792-3910=inzo # Jewish Bible Quarterly
2163-2529=inzo # The Catholic Biblical Quarterly
0948-0587=inzo # Zeitschrift für Altorientalische und Biblische Rechtsgeschichte / Journal for Ancient
2074-7705=inzo # Verbum et ecclesia
1609-9982=inzo # Verbum et ecclesia
0360-9049=inzo # Hebrew Union College Annual
1203-1542=inzo # The journal of Hebrew scriptures
2663-6573=inzo # Journal for Semitics
0364-0094, 1475-4541=inzo # AJS Review
0364-0094=inzo # AJS Review
1475-4541=inzo # AJS Review
2159-2063=inzo # Journal for the Study of Paul and His Letters
2329-4434=inzo # Journal of the Bible and its Reception
2504-5156=inzo # Vulgata in Dialogue. A Biblical On-Line Review
1676-3394=inzo # Ribla - Revista de interpretação bíblica latino-americana
2366-0597=inzo # Forum Exegese und Hochschuldidaktik: Verstehen von Anfang an (VvAa)
2633-0695=inzo # Journal for Interdisciplinary Biblical Studies
2451-280X=inzo # Verbum Vitae
2405-7649, 2405-7657=inzo # Brill Research Perspectives in Biblical Interpretation
2405-7649=inzo # Brill Research Perspectives in Biblical Interpretation
2405-7657=inzo # Brill Research Perspectives in Biblical Interpretation
2385-8907, 2335-4127=inzo # Edinost in dialog
2385-8907=inzo # Edinost in dialog
23354127=inzo # Edinost in Dialog
2335-4127=inzo # Edinost in Dialog
2295-3027=inzo # StudiaCanonica
2295-3019=inzo # StudiaCanonica
2254-6219=inzo # Iuscanonicum
1124-1179=inzo # Quaderni di diritto ecclesiale
2353-4877, 2391-4327=inzo # Ecumeny and Law
2353-4877=inzo # Ecumeny and Law
2391-4327=inzo # Ecumeny and Law
2445-2394=inzo # Vergentis : Revista de Investigación de la Cátedra Internacional conjunta Inocencio III
2450-4955, 2451-2141=inzo # Philosophy and Canon Law
2450-4955=inzo # Philosophy and Canon Law
2451-2141=inzo # Philosophy and Canon Law
