2001-9424=BIIN # Svensk exegetisk årsbok (1110)
0149-5712=BIIN # Maarav (1689 BILDI)
0211-2035=AUGU # Archivo agustiniano (88)
1100-2298=BIIN # Svensk exegetisk årsbok (1110)
0030-5367=BIIN # Orientalia (2136)
0996-5904=BIIN # Transeuphratène (1712)
2507-0118=BIIN # Transeuphratène (1712)
2466-6815=BIIN # Semitica (1632)
2466-5975=BIIN # Semitica (1632)
2325-4793=BIIN # Journal of septuagint and cognate studies (573)
1994-107X=BIIN # Journal of biblical and pneumatological research (1566)
0178-2967=BIIN # Biblische Notizen (154)
2628-5762=BIIN # Biblische Notizen (154)
2169-3994=BIIN # Conversations with the Biblical world (275)
2764-1287=BIIN # Estudos bíblicos (361)
1676-4951=BIIN # Estudos bíblicos (361)
2282-2828=KALD # Archivio Giuridico Filippo Serafini (2234)
2035-3545=KALD # Il diritto ecclesiastico (1725)
0570-1953=KALD # L'Annee canonique (1728)
2040-4867=KALD # Journal of church and state (1752)
0021-969X=KALD # Journal of church and state (1752)
0082-7118=BIIN # Tyndale Bulletin (Z=1192)
0021-2059=BIIN # Israel exploration journal (Z=1698)
1240-3032=BIIN # Revue Biblique (1892-1940) (JSTOR retro)
0035-0907=BIIN # Revue Biblique (1946-) (JSTOR retro)
2192-3124=BIIN # Zeitschrift des Deutschen Palästina-Vereins (1878-1945) (JSTOR retro)
0012-1169=BIIN # Zeitschrift des Deutschen Palästina-Vereins (1953-) (JSTOR retro)
0044-2895=BIIN # Zeitschrift für katholische Theologie (JSTOR-retro)
2309-9089=BIIN # Acta Theologica
1015-8758=BIIN # Acta Theologica
1120-4001=BIIN # Annali di storia dell'esegesi
2034-6468=BIIN # Apocrypha
2385-2062=BIIN # Biblica
2565-7070=BIIN # Biblica
1065-223X=BIIN # Bulletin of the Biblical Research
1868-8020=BIIN # Early Christianity (1110)
1868-7032=BIIN # Early Christianity (1110)
0014-1437=BIIN # Estudios Biblicos
0214-2996=BIIN # Filologíaneotestamentaria
2158-1681=BIIN # Hebrew Studies (436)
0146-4094=BIIN # Hebrew Studies (436)
1934-3876=BIIN # Journal of Biblical Literature (555)
0021-9231=BIIN # Journal of Biblical Literature (555)
0179-7239=BIIN # Kirche und Israel
2507-0428=BIIN # Liber Annuus (641)
0081-8933=BIIN # Liber Annuus (641)
1094-2076=BIIN # Near Eastern archaeology!!pppn (753)
1557-5594=BIIN # Near Eastern archaeology (753)
2192-2276=BIIN # Hebrew Bible and Ancient Israel (435)
2192-2284=BIIN # Hebrew Bible and Ancient Israel (435)
2518-4628=BIIN # Neotestamentica (755)
0254-8356=BIIN # Neotestamentica (755)
1469-8145=BIIN # New Testament studies (763)
0028-6885=BIIN # New Testament studies (763)
2312-3621=BIIN # Old Testament Essays (790)
1010-9919=BIIN # Old Testament Essays (790)
1996-0042=BIIN # Protokolle zur Bibel (877)
2412-2467=BIIN # Protokolle zur Bibel (877)
2466-8583=BIIN # Revue biblique
2506-7567=BIIN # Revuede Qumran (951)
0035-1725=BIIN # Revuede Qumran (951)
2305-445X=BIIN # Scriptura
0254-1807=BIIN # Scriptura
1435-2249=BIIN # ZNT – Zeitschrift für Neues Testament (1256)
1613-0103=BIIN # Zeitschrift für die alttestamentliche Wissenschaft (1263)
0934-2796=BIIN # Zeitschrift für die alttestamentliche Wissenschaft (1263)
1613-009X=BIIN # Zeitschrift für die neutestamentliche Wissenschaft (1264)
0792-3910=BIIN # Jewish Bible Quarterly (1318)
2163-2529=BIIN # The Catholic Biblical Quarterly (1340)
0008-7912=BIIN # The Catholic Biblical Quarterly (1340)
0948-0587=BIIN # Zeitschrift für Altorientalische und Biblische Rechtsgeschichte / Journal for Ancient (1548)
2074-7705=BIIN # Verbum et ecclesia
1609-9982=BIIN # Verbum et ecclesia
0360-9049=BIIN # Hebrew Union College Annual (1687)
1203-1542=BIIN # The journal of Hebrew scriptures (1701)
2663-6573=BIIN # Journal for Semitics (1850)
1013-8471=BIIN # Journal for Semitics (1850)
0364-0094=BIIN # AJS Review
1475-4541=BIIN # AJS Review
2159-2063=BIIN # Journal for the Study of Paul and His Letters (2030)
2576-7941=BIIN # Journal for the Study of Paul and His Letters (2030)
2329-4434=BIIN # Journal of the Bible and its Reception (2547)
2329-440X=BIIN # Journal of the Bible and its Reception (2547)
2504-5156=BIIN # Vulgata in Dialogue. A Biblical On-Line Review
1676-3394=BIIN # Ribla - Revista de interpretação bíblica latino-americana
2366-0597=BIIN # Forum Exegese und Hochschuldidaktik: Verstehen von Anfang an (VvAa)
2633-0695=BIIN # Journal for Interdisciplinary Biblical Studies (3112)
2451-280X=BIIN # Verbum Vitae (3331)
1644-8561=BIIN # Verbum Vitae (3331)
2405-7649=BIIN # Brill Research Perspectives in Biblical Interpretation (3364)
2405-7657=BIIN # Brill Research Perspectives in Biblical Interpretation (3364)
2385-8907=BIIN # Edinost in dialog
2335-4127=BIIN # Edinost in Dialog
2295-3027=KALD # Studia Canonica (1079)
2295-3019=KALD # Studia Canonica (1079)
2254-6219=KALD # Iuscanonicum (1564)
0021-325X=KALD # Iuscanonicum (1564)
1124-1179=KALD # Quaderni di diritto ecclesiale
2353-4877=KALD # Ecumeny and Law (2241)
2391-4327=KALD # Ecumeny and Law (2241)
2445-2394=KALD # Vergentis (2915)
2605-3357=KALD # Vergentis (2915)
2450-4955=KALD # Philosophy and Canon Law (3592)
2451-2141=KALD # Philosophy and Canon Law (3592)
0146-2989=KALD # Bulletin of medieval canon law (1719)
2372-2509=KALD # Bulletin of medieval canon law (1719)
