23354127=l # Edinost in Dialog
2335-4127=l # Edinost in Dialog
0569-9789=l # Analecta calasanctiana
01448153=l # Evangelical Review of Theology (ab 44.2020,3)
0144-8153=l # Evangelical Review of Theology (ab 44.2020,3)
0030252X=l # One in Christ
0030-252X=l # One in Christ
00122157=l # Dialogue: A Journal of Mormon Thought
0012-2157=l # Dialogue: A Journal of Mormon Thought
2699-5433=l # Theologische Revue
2359-8107=l # Review of Ecumenical Studies Sibiu
1804-6444=l # Journal of European Baptist Studies
0362-1529, 2166-5508=ZZ # Traditio
0362-1529=ZZ # Traditio
2166-5508=ZZ # Traditio
2284-7308=l # Perichoresis
2413-9467=l # STJ | Stellenbosch Theological Journal
2077-1444=l # Religions
2199-1960=l # DWI-Jahrbuch – Diakoniewissenschaft in Forschung und Lehre
2516-6379=l # Journal of the British Association for the Study of Religion (JBASR)
2520-4696=l # European Journal of Philosophy, Culture and Religion
0776-3824=l # Kernos
2034-7871=l # Kernos
2504-5156=l # Vulgata in Dialogue. A Biblical On-Line Review
1661-3317=l # Lectiodifficilior!!eppn
2363-6696=l # EntangledReligions
1862-5886=l # ZeitschriftfürjungeReligionswissenschaft
1612-2941=l # MarburgJournalofReligion
1861-5813=l # Online-HeidelbergJournalofReligionsontheInternet
1867-4240=l # TransformierteBuddhismen
1583-0039=l # JournalfortheStudyofReligionsandIdeologie
2380-8829=l # TheCovenantQuarterly
0555-9308=l # ZeitschriftfürPastoraltheologie
0967-8948=l # JournaloftheBritishAssociationfortheStudyofReligions-formerlyDISKUS
2342-7256=l # Temenos=nordicjournalofcomparativereligion
1799-3121=l # Approachingreligion
1677-1222=l # Rever=revistadeestudosdareligião
00224189=l # JournalofReligion
1549-6538=l # JournalofReligion
0022-4189=l # JournalofReligion
2312-878X=l # Missionalia
0256-9507=l # Missionalia
02569507=l # Missionalia
2305-445X=l # Scriptura
0254-1807, 2305-445X=l # Scriptura
0254-1807=l # Scriptura
2365-3140=l # Interdisciplinaryjournalforreligionandtransformationincontemporarysociety
18630502=l # Theo-WebZeitschriftfürReligionspädagogik
1863-0502=l # Theo-WebZeitschriftfürReligionspädagogik
1862-1678=l # theologie.geschichte
1983-2850=l # RevistaBrasileiradeHistóriadasReligiões
19832850=l # RevistaBrasileiradeHistóriadasReligiões
2179-0019=l # Plura revistadeestudosdereligião
21790019=l # Plura revistadeestudosdereligião
2175-5841=l # Horizonte
1092-1311=l # Thejournalofreligionandfilm
2159-6875=l # JonathanEdwardsstudies
2001-8819=l # DeEthica
20018819=l # DeEthica
2408-9370=l # Journalforreligion filmandmedia
2414-0201=l # Journalforreligion filmandmedia
2572-4088=l # Journalforthesociologicalintegrationofreligionandsociety
1179-7231=l # Relegere
1553-9962=l # ReligionandSocietyinCentralandEasternEurope
2006-5442=l # Journalofreligionandhumanrelations
1980-6736=l # Teocomunicação
2365-6565=l # EthikundGesellschaft
2053-6712=l # SecularismandNonreligion
2500-5413=l # RevistaAlbertusMagnus
2413-9459=l # StellenboschTheologicalJournal=StellenboschTeologieseJoernaal(STJ)
2176-1078=l # Estudosdereligião
1689-8311=zz # EuropeanJournalforPhilosophyofReligion
0049-3449=l # Teologiayvida
0717-6295=l # Teologiayvida
0304-1042=l # JapaneseJournalofReligiousStudies
0718-4727=l # RevistaCultura&Religión
1983-7828=l # FragmentosdeCultura
2159-3159=l # Greek Roman andByzantineStudies
0017-3916=l # Greek Roman andByzantineStudies
22366296=l # Numen
2236-6296=l # Numen
1011-7601=l # JournalfortheStudyofReligion
2589-3998=l # Yearbookofritualandliturgicalstudies
1520-7307=l # TheSouthernBaptistJournalofTheology
2297-6469=l # ZeitschriftfürReligionskunde
1930-3777=l # StudiesinChristian-JewishRelations
1904-8181=l # ReligionsvidenskabeligtTidsskrift
2317-4307=l # RevistadeCulturaTeológica
2237-6461=l # EstudosTeológicos
Word&World=l # Word&WorldE-PPN
DetroitBaptistSeminaryJournal=l # DetroitBaptistSeminaryJournalE-PPN
1015-8758=l # ActaTheologica
10158758=l # ActaTheologica
2309-9089=l # ActaTheologica
1015-8758 2309-9089=l # ActaTheologica
01188534=l # Asianjournalofpentecostalstudies
0118-8534=l # Asianjournalofpentecostalstudies
2304-8557=l # KoersBulletinforChristianScholarship
2364-382X=l # Gamevironments
0039-6761=l # Svenskteologiskkvartalskrift
1530-5228=l # JournalforCulturalandReligiousTheory
2397-1770=l # Quakerstudies
1363-013X=l # Quakerstudies
2074-7705=l # Verbumetecclesia
1609-9982=l # Verbumetecclesia
0104-0073=l # VoxScripturae
0030-252X=l # OneinChrist
2079-7222=l # Indo-PacificJournalofPhenomenology
2445-2394=l # Vergentis=revistadeinvestigacióndelaCátedraInternacionalconjuntaInocencioIII
2375-6330=l # TheAsburyJournal
1090-5642=l # TheAsburyJournal
10897747=l # TC=AJournalofBiblicalTextualCriticism
1089-7747=l # TC=AJournalofBiblicalTextualCriticism
07174675=l # Veritas=RevistadeFilosofíayTeología
0717-4675=l # Veritas=RevistadeFilosofíayTeología
0718-9273=l # Veritas=RevistadeFilosofíayTeología
2543-5973=l # AnnalsofTheology/Rocznikiteologiczne
ReviewofEcumenicalStudiesSibiu=l # ReviewofEcumenicalStudiesSibiu
2065-5940=l # ReviewofEcumenicalStudiesSibiu
2359-8107=l # ReviewofEcumenicalStudiesSibiu
2521-179X=kw # TheologicalReflections=Euro-AsianJournalofTheology
1697-2104=l # Collectanea Christiana orientalia
2386-7442=l # Collectanea Christiana orientalia
1754-517X=l # Journalforlateantiquereligionandculture
Religions=l # Religions
2196-8802=l # InternationalJournalofDharmaStudies
2213-056X=l # LIBERQuarterly
1988-3269=l # 'Ílu
1135-4712=l # 'Ílu
1988-4265=l # HispaniaSacra
0018-215X=l # HispaniaSacra
2375-3234=l # Church, Communication and Culture
2375-3242=l # Church, Communication and Culture
2593-0265=l # TheoLogica: An International Journal for Philosophy of Religion and Philosophical Theology
1010-9919=l # Old Testament Essays
2312-3621=l # Old Testament Essays
2627-6062=l # Journal of Ethics in Antiquity and Christianity
2617-3697=l # Journalforreligion,filmandmedia
0104-0073=l # Vox scripturae
0023-1827=l # Kirchliches Amtsblatt für das Bistum Essen
2657-3555=l # European Journal for the Study of Thomas Aquinas
2340-4256=l # Cauriensia
1886-4945=l # Cauriensia
2284-3515=l # Aisthema, International Journal
2305-0853=l # In die Skriflig/In Luce Verbi
2214-1324, 2214-1332=l # Journal of Jesuit Studies
2214-1332=l # Journal of Jesuit Studies
2214-1324=l # Journal of Jesuit Studies
1869-3261=l # Diaconia
2698-5446=l # Im Dialog – Beiträge aus der Akademie der Diözese Rottenburg-Stuttgart
2375-5814=l # The Asbury journal
2293-7374=kw # Renaissance and reformation
1783-8401=kw # Revue Théologique de Louvain
0080-2654=kw # Revue Théologique de Louvain
0048-7988=ZZ # Revue d'histoire de l'Eglise de France
0269-1205=ZZ # Literature & theology
2196-6265=kw # Jahrbuch für Christliche Sozialwissenschaften
1804-6444=l # Journal of European Baptist Studies
2673-4273=l # Judaica. Neue digitale Folge
2451-280X=l # Verbum Vitae
1996-0042=l # Protokolle zur Bibel
2412-2467=l # Protokolle zur Bibel
2109-9502=zz # Revue d'histoire de l'Eglise de France
2050-8999=zz # Journal of Chinese religions
23354127=l # Edinost in Dialog
2335-4127=l # Edinost in Dialog
