1464-3529=krzo # The British journal of criminology|krimdok
2334-3745=krzo # Perspectives on terrorism|krimdok
0392-1484=itbk # Ho theologos (1283)
2211-6257=krzo # Fascism : journal of comparative fascist studies|krimdok
2747-4461=inzo # Zeitschrift für altorientalische und biblische Rechtsgeschichte = Journal for ancient near eastern and biblical law  (1548)
1521-0456=krzo # Deviant Behavior|krimdok
2079-5971=krzo # Oñati Socio-Legal Series|krimdok
0718-3399=krzo # Política criminal : revista electrónica semestral de políticas públicas en materias penales|krimdok 
2358-1956=krzo # Revista Eletrônica de Direito Penal e Política Criminal|krimdok
1813-3495=krzo # SIAK-Journal|krimdok
2385-779X=krzo # Revista de Victimologia|krimdok
0378-7931=krzo # Déviance et Société|krimdok
0039-3304=itbk # Studia Patavina (1680)
2281-9347=itbk # Rivista di teologia dell'evangelizzazione (978)
1591-2957=itbk # Archivio teologico Torinese (85)
1043-500X=krzo # Journal of offender monitoring|krimdok 
1988-7949=krzo # International e-journal of criminal sciences|krimdok
1752-7716=krzo # International journal of transitional justice|krimdok
IXTH-0003=itbk # Rivista di pedagogia e scienze religiose (Z=2723)
0178-2967=inzo # Biblische Notizen (154)
2628-5762=inzo # Biblische Notizen (154)
0149-5712=inzo # Maarav (1689 BILDI)
1663-4837=krzo # Crime, histoire & sociétés
1552-6119=krzo # Child maltreatment
1572-9877=krzo # Critical criminology – An international journal
1741-6604=krzo # Crime, media, culture
1573-0751=krzo # Crime Law Soc Change
2372-2509=inzo # Bulletin of medieval canon law (1719, KALDI)
2444-4170=krzo # Behavior & Law Journal
0003-1224=krzo # American sociological review Online Publikation|krimdok
1862-2593=krzo # Berliner Journal für Soziologie Online Publikation|krimdok
0268-5809=krzo # International sociology Online Publikation|krimdok
2196-8225=krzo # Praxis der Kinderpsychologie und Kinderpsychiatrie Online Publikation|krimdok
2190-6238=krzo # Psychologische Rundschau Online Publikation|krimdok
1461-7439=krzo # Theoretical criminology Online Publikation|krimdok
1438-9460=krzo # Zeitschrift für Sexualforschung Online Publikation|krimdok
1871-014X=krzo # Asian Journal of Criminology
0004-8658=krzo # Australian & New Zealand Journal of Criminology
1894-4183=krzo # Bergen Journal of Criminal Law & Criminal Justice
1743-4629=krzo # Crime Prevention and Community Safety
0093-8548=krzo # Criminal Justice and Behavior
0887-4034=krzo # Criminal Justice Policy Review
1478-601X=krzo # Criminal Justice Studies
1748-8958=krzo # Criminology & Criminal Justice
1132-9955=krzo # Revista de derecho penal y criminología
1057-5677=krzo # International Criminal Justice Review
0192-4036=krzo # International Journal of Comparative and Applied Criminal Justice
1756-0616=krzo # International Journal of Law, Crime and Justice
0306-624X=krzo # International Journal of Offender Therapy and Comparative Criminology
1461-3557=krzo # International Journal of Police Science & Management
0269-7580=krzo # International Review of Victimology
2161-1874=krzo # Journal of Addictions & Offender Counseling
1043-9862=krzo # Journal of Contemporary Criminal Justice
0735-648X=krzo # Journal of Crime and Justice
2090-7753=krzo # Journal of Criminology
2090-777X=krzo # Journal of Criminology
2199-465X=krzo # Journal of Developmental and Life-Course Criminology
1572-8315=krzo # Journal of Experimental Criminology
1573-3750=krzo # Journal of Experimental Criminology
1573-7799=krzo # Journal of Quantitative Criminology
2044-8333=krzo # Legal and Criminological Psychology
1043-9463=krzo # Policing and Society
0718-3399=krzo # Política criminal
0032-8855=krzo # The Prison Journal
0264-5505=krzo # Probation Journal
1068-316X=krzo # Psychology, Crime & Law
1462-4745=krzo # Punishment & Society
0954-6553=krzo # Terrorism and Political Violence
1362-4806=krzo # Theoretical Criminology
1936-4830=krzo # Trends in Organized Crime
0897-4454=krzo # Women & Criminal Justice
1541-2040=krzo # Youth Violence and Juvenile Justice
2282-2828=inzo # Archivio Giuridico Filippo Serafini (2234)
2035-3545=inzo # Il diritto ecclesiastico (1725)
0570-1953=inzo # L'Annee canonique (1728)
2040-4867=inzo # Journal of church and state (inzo) (1752)
0021-969X=inzo # Journal of church and state (inzo) (1752)
0082-7118=inzo # Tyndale Bulletin (inzo) (Z=1192)
0021-2059=inzo # Israel exploration journal (inzo) (Z=1698)
2605-3357=inzo # Vergentis (inzo) (Z=2915)
1240-3032=inzo # Revue Biblique (1892-1940) (JSTOR retro)
0035-0907=inzo # Revue Biblique (1946-) (JSTOR retro)
2192-3124=inzo # Zeitschrift des Deutschen Palästina-Vereins (1878-1945) (JSTOR retro)
0012-1169=inzo # Zeitschrift des Deutschen Palästina-Vereins (1953-) (JSTOR retro)
0044-2895=inzo # Zeitschrift für katholische Theologie (JSTOR-retro)
2309-9089=inzo # Acta Theologica
1015-8758=inzo # Acta Theologica
1120-4001=inzo # Annali di storia dell'esegesi
2034-6468=inzo # Apocrypha
2385-2062=inzo # Biblica
2565-7070=inzo # Biblica
1065-223X=inzo # Bulletin of the Biblical Research
1868-8020=inzo # Early Christianity
1868-7032=inzo # Early Christianity
0014-1437=inzo # Estudios Biblicos
0214-2996=inzo # Filologíaneotestamentaria
2158-1681=inzo # Hebrew Studies
1934-3876=inzo # Journal of Biblical Literature
0179-7239=inzo # Kirche und Israel
2507-0428=inzo # Liber Annuus
1094-2076=inzo # Near Eastern archaeology!!pppn
2192-2276=inzo # Hebrew Bible and Ancient Israel
2518-4628=inzo # Neotestamentica
0254-8356=inzo # Neotestamentica
1469-8145=inzo # New Testament studies
0028-6885=inzo # New Testament studies
2312-3621=inzo # Old Testament Essays
1996-0042=inzo # Protokolle zur Bibel
2412-2467=inzo # Protokolle zur Bibel
2466-8583=inzo # Revue biblique
2506-7567=inzo # Revuede Qumran
0035-1725=inzo # Revuede Qumran
2305-445X=inzo # Scriptura
0254-1807=inzo # Scriptura
1435-2249=inzo # ZNT – Zeitschrift für Neues Testament
0044-2526=inzo # Zeitschrift für die alttestamentliche Wissenschaft
1613-0103=inzo # Zeitschrift für die alttestamentliche Wissenschaft
1613-009X=inzo # Zeitschrift für die neutestamentliche Wissenschaft
0792-3910=inzo # Jewish Bible Quarterly
2163-2529=inzo # The Catholic Biblical Quarterly
0948-0587=inzo # Zeitschrift für Altorientalische und Biblische Rechtsgeschichte / Journal for Ancient
2074-7705=inzo # Verbum et ecclesia
1609-9982=inzo # Verbum et ecclesia
0360-9049=inzo # Hebrew Union College Annual
1203-1542=inzo # The journal of Hebrew scriptures
2663-6573=inzo # Journal for Semitics
0364-0094=inzo # AJS Review
1475-4541=inzo # AJS Review
2159-2063=inzo # Journal for the Study of Paul and His Letters
2329-4434=inzo # Journal of the Bible and its Reception
1676-3394=inzo # Ribla - Revista de interpretação bíblica latino-americana
2366-0597=inzo # Forum Exegese und Hochschuldidaktik: Verstehen von Anfang an (VvAa)
2633-0695=inzo # Journal for Interdisciplinary Biblical Studies
2451-280X=inzo # Verbum Vitae
2405-7649=inzo # Brill Research Perspectives in Biblical Interpretation
2405-7657=inzo # Brill Research Perspectives in Biblical Interpretation
2385-8907=inzo # Edinost in dialog
2335-4127=inzo # Edinost in Dialog
2295-3019=inzo # StudiaCanonica
2254-6219=inzo # Iuscanonicum
1124-1179=inzo # Quaderni di diritto ecclesiale
2353-4877=inzo # Ecumeny and Law
2391-4327=inzo # Ecumeny and Law
2445-2394=inzo # Vergentis : Revista de Investigación de la Cátedra Internacional conjunta Inocencio III
2450-4955=inzo # Philosophy and Canon Law
2451-2141=inzo # Philosophy and Canon Law
0393-3849=itbk # Rivista di Scienze dell'Educazione
