0012-1169=BILDI # Zeitschrift des Deutschen Palästina-Vereins (1953-) (JSTOR retro)
0044-2895=BILDI # Zeitschrift für katholische Theologie (JSTOR-retro)
1015-8758,2309-9089=BILDI # Acta Theologica
2309-9089=BILDI # Acta Theologica
1015-8758=BILDI # Acta Theologica
10158758=BILDI # Acta Theologica
1120-4001=BILDI # Annali di storia dell'esegesi
2034-6468=BILDI # Apocrypha
2385-2062=BILDI # Biblica
2565-7070=BILDI # Biblica
1065-223X=BILDI # Bulletin of the Biblical Research
1065223X=BILDI # Bulletin of the Biblical Research
1868-8020=BILDI # Early Christianity
1868-7032=BILDI # Early Christianity
0014-1437=BILDI # Estudios Biblicos
0214-2996=BILDI # Filologíaneotestamentaria
2192-2284=BILDI # Hebrew Bible and Ancient Israel
2158-1681=BILDI # Hebrew Studies
1934-3876=BILDI # Journal of Biblical Literature
0179-7239=BILDI # Kirche und Israel
2507-0428=BILDI # Liber Annuus
1094-2076=BILDI # Near Eastern archaeology!!pppn
0254-8356,2518-4628=BILDI # Neotestamentica
0254-8356, 2518-4628=BILDI # Neotestamentica
2518-4628=BILDI # Neotestamentica
0254-8356=BILDI # Neotestamentica
0028-6885,1469-8145=BILDI # New Testament studies
1469-8145=BILDI # New Testament studies
0028-6885=BILDI # New Testament studies
2312-3621=BILDI # Old Testament Essays
1996-0042=BILDI # Protokolle zur Bibel
2412-2467=BILDI # Protokolle zur Bibel
2466-8583=BILDI # Revue biblique
2506-7567=BILDI # Revuede Qumran
0035-1725=BILDI # Revuede Qumran
0254-1807, 2305-445X=BILDI # Scriptura
2305-445X=BILDI # Scriptura
0254-1807=BILDI # Scriptura
1435-2249=BILDI # ZNT – Zeitschrift für Neues Testament
0044-2526, 1613-0103=BILDI # Zeitschrift für die alttestamentliche Wissenschaft
0044-2526=BILDI # Zeitschrift für die alttestamentliche Wissenschaft
1613-0103=BILDI # Zeitschrift für die alttestamentliche Wissenschaft
1613-009X=BILDI # Zeitschrift für die neutestamentliche Wissenschaft
0792-3910=BILDI # Jewish Bible Quarterly
2163-2529=BILDI # The Catholic Biblical Quarterly
0948-0587=BILDI # Zeitschrift für Altorientalische und Biblische Rechtsgeschichte / Journal for Ancient
2074-7705=BILDI # Verbum et ecclesia
1609-9982=BILDI # Verbum et ecclesia
0360-9049=BILDI # Hebrew Union College Annual
1203-1542=BILDI # The journal of Hebrew scriptures
2663-6573=BILDI # Journal for Semitics
0364-0094, 1475-4541=BILDI # AJS Review
0364-0094=BILDI # AJS Review
1475-4541=BILDI # AJS Review
2159-2063=BILDI # Journal for the Study of Paul and His Letters
2329-4434=BILDI # Journal of the Bible and its Reception
2504-5156=BILDI # Vulgata in Dialogue. A Biblical On-Line Review
1676-3394=BILDI # Ribla - Revista de interpretação bíblica latino-americana
2366-0597=BILDI # Forum Exegese und Hochschuldidaktik: Verstehen von Anfang an (VvAa)
2633-0695=BILDI # Journal for Interdisciplinary Biblical Studies
2451-280X=BILDI # Verbum Vitae
2405-7649, 2405-7657=BILDI # Brill Research Perspectives in Biblical Interpretation
2405-7649=BILDI # Brill Research Perspectives in Biblical Interpretation
2405-7657=BILDI # Brill Research Perspectives in Biblical Interpretation
2385-8907, 2335-4127=BILDI # Edinost in dialog
2385-8907=BILDI # Edinost in dialog
23354127=BILDI # Edinost in Dialog
2335-4127=BILDI # Edinost in Dialog
2295-3027=KALDI # StudiaCanonica
2295-3019=KALDI # StudiaCanonica
2254-6219=KALDI # Iuscanonicum
1124-1179=KALDI # Quaderni di diritto ecclesiale
2353-4877, 2391-4327=KALDI # Ecumeny and Law
2353-4877=KALDI # Ecumeny and Law
2391-4327=KALDI # Ecumeny and Law
2445-2394=KALDI # Vergentis : Revista de Investigación de la Cátedra Internacional conjunta Inocencio III
2450-4955, 2451-2141=KALDI # Philosophy and Canon Law
2450-4955=KALDI # Philosophy and Canon Law
2451-2141=KALDI # Philosophy and Canon Law
