0022-0469=1 # The Journal of Ecclesiastical History (1347)
0026-587X=1 # Miscellanea francescana (717)
0017-8160=1 # Harvard Theological Review (1313)
0340-6210=1 # Luther (664)
0036-9306=1 # Scottish Journal of Theology (1022)
1740-3553=1 # Journal of Anglican Studies (545)
0360-9669=1 # Horizons (459)
2195-9773=1 # Philosophy, Theology and the Sciences (PTSc) (1907)
0009-6407=1 # Church History (237)
0042-3718=1 # Verdad y vida (1207)
2003-6248=1 # Svensk Teologisk Kvartalskrift
2199-1960=1 # DWI-Jahrbuch – Diakoniewissenschaft in Forschung und Lehre
0035-2209=1 # Revue des sciences philosophiques et théologiques : revue trimestrielle
2605-5147=1 # Estudios eclesiásticos : revista trimestral de investigaciòn e informaciòn teològica, publ.
0555-9308=1 # Zeitschrift für Pastoraltheologie (ZPTh)
2500-5413=1 # Revista Albertus Magnus
2699-5433=1 # Theologische Revue
2359-8107=1 # Review of Ecumenical Studies Sibiu
2156-4795=1 # American journal of theology and philosophy
0194-3448=1 # American journal of theology and philosophy
0210-7112=1 # Revista española de Teología
2041-952X=0 # International Journal for the Study of New Religions
1796-4407=0 # Uskonnontutkija - Religionsforskaren
2434-4397=0 # Bulletin of the International Institute for Buddhist Studies
1301-966X=0 # Dini Araştırmalar
0210-3877=1 # Phase: revista de pastoral litúrgica
0360-8808=1 # Journal of the Evangelical Theological Society
0007-4322=1 # Bulletin de littérature ecclésiastique
0006-1921=1 # Bibliotheca sacra
0025-9373=1 # The Mennonite quarterly review (1323)
0588-3237=1 # Colloquium (251)
1067-6341=1 # Journal of early Christian studies (559)
1086-3184=1 # Journal of early Christian studies (559)
0018-0645=1 # Herder-Korrespondenz (443)
0733-4273=1 # Journal of psychology and christianity (567)
2284-7308=1 # Perichoresis
2657-3555=1 # European Journal for the Study of Thomas Aquinas
1097-6566=1 # Stone-Campbell journal
1468-2265=1 # The Heythrop Journal
1468-2400=1 # International Journal of Systematic Theology
1467-8519=1 # Bioethics
2310-4430=1 # PATH
0082-7118=1 # Tyndale Bulletin
0254-4407=1 # Zwingliana
0023-9054=1 # Laval théologique et philosophique
1478-0542=1 # History Compass
0021-969X=1 # Journal of Church and State
0040-5671=1 # Theologische Literaturzeitung (ThLZ)
0014-3367=1 # Evangelical Quarterly
1540-6385=1 # Dialog
0034-8147=1 # Revista de espiritualidad
2174-0887=1 # Anuario de Historia de la Iglesia
0036-3537=1 # Salmanticensis
2595-5977=1 # Revista Eclesiástica Brasileira
2310-4430=1 # PATH
1853-9106=1 # DavarLogos
2792-4254=1 # Augustinus
2695-4397=1 # Archivo Teológico Granadino
0265-3788=1 # Transformation
2372-9988=0 # Studies in Chinese Religions
1871-2428=1 # Church History and Religious Culture
2593-0265=1 # TheoLogica
IXTH-0002=1 # Journal of the Grace Evangelical Society (Z=580)
1010-3872=1 # Ecclesia orans
1062-6549=1 # Cistercian studies quarterly
0025-8911=0$a1 # Mélanges de science religieuse
2628-5762=1 # Biblische Notizen
0521-8195=1 # Burgense : collectanea scientifica
0106-6749=1 # Kritisk forum for praktisk teologi
1934-1504=1 # Quaker History
2159-6875=1 # Jonathan Edwards studies : (JES)
0020-157X=1 # The Innes Review
0946-3178=1 # Imprimatur (ikr/Dakar)
1918-6371=1 # Toronto journal of theology
0043-2040=1 # Wege zum Menschen : Monatsschrift für Seelsorge und Beratung...
0026-976X=1 # Monitor ecclesiasticus (ikr/Dakar)
2248-9789=1 # Iustitia (ikr/Dakar)
2612-3746=1 # Angelicum (ikr/Dakar)
0943-7525=1 # Neue Zeitschrift für Arbeitsrecht : Zweiwochenschrift für die betriebliche Praxis (ikr/Dakar)
0514-6496=1 # Zeitschrift für Rechtspolitik (ikr/Dakar)
0721-880X=1 # Neue Zeitschrift für Verwaltungsrecht (ikr/Dakar)
0341-1915=1 # Neue Juristische Wochenschrift (ikr/Dakar)
0947-8094=1 # Kirche & Recht (ikr/Dakar)
0179-7387=1 # L' osservatore romano (ikr/Dakar)
0034-9372=1 # Revista española de derecho canónico (ikr/Dakar)
0948-0471=1 # De processibus matrimonialibus (ikr/Dakar)
0393-0327=1 # Communicationes (ikr/Dakar)
2199-4625=0$a1 # Journal of religious education
0009-7756=1 # La Ciudad de Dios - Revista Agustiniana (Z=3578)
0021-2059=1 # Israel exploration journal (BIlDI) (Z=1698)
0003-3286=1 # Anglican Theological Review (Z=51)
2605-3357=1 # Vergentis (Kaldi) (Z=2915)
1025-6555=1 # Mitteilungen zur Christlichen Archäologie
1126-9200=1 # Quaderni di storia religiosa medievale
2365-8185=1 # Spiritual Care
2520-0089=1 # Ius missionale : annuario della Facoltà di Diritto Canonico (ikr/Dakar)
0556-7378=1 # Revue de droit canonique (ikr/Dakar)
0949-7137=1 # Neue Zeitschrift für Arbeitsrecht (ikr/Dakar)
2196-0119=1 # Zeitschrift für Arbeitsrecht und Tarifpolitik in Kirche und Caritas (ikr/Dakar)
1981-7096=1 # Revista brasileira de direito canônico (ikr/Dakar)
0934-8603=1 # Neue Zeitschrift für Verwaltungsrecht (ikr/Dakar)
2815-1828=1 # Asia journal of theology
2627-6062=1 # Journal of Ethics in Antiquity and Christianity
2450-4629=1 # Annuarium Iuris Canonici (ikr/Dakar)
2513-1389=1 # Zeitschrift für christlich-jüdische Begegnung im Kontext
1095-9270=NABZ # International Journal of Nautical Archaeology
2567-9384=1 # Jahrbuch der Religionspädagogik (JRP)
2295-9025=1 # Sacris Erudiri
2297-1254=1 # Revue de théologie et de philosophie
2312-878X=1 # Missionalia
0043941X=1 # Worship
0034-1258=1 # Recherches de science religieuse
1466-769X=1 # Nursing Philosophy
1120-6462=1 # Ius ecclesiae (IKR)
0721-1937=1 # Anzeiger für die Seelsorge (IKR)
0323-4142=1 # Zeitschrift der Savigny-Stiftung für Rechtsgeschichte. Kanonistische Abteilung (IKR)
2304-4896=1 # Zeitschrift der Savigny-Stiftung für Rechtsgeschichte. Kanonistische Abteilung (IKR)
0022-6858=1 # The Jurist (IKR)
1240-3032=1 # Revue Biblique (1892-1940) (JSTOR retro)
0035-0907=1 # Revue Biblique (1946-) (JSTOR retro)
2192-3124=0$a1 # Zeitschrift des Deutschen Palästina-Vereins (1878-1945) (JSTOR retro)
0035-2403=1 # Revue d'histoire et de philosophie religieuses
2269-479X=0$a1 # Revue d'histoire et de philosophie religieuses
0012-1169=0$a1 # Zeitschrift des Deutschen Palästina-Vereins (1953-) (JSTOR retro)
0044-2895=1 # Zeitschrift für katholische Theologie (JSTOR retro)
0008-1795=1 # Calvin Theological Journal
20536267=1 # The Huguenot Society Journal
2053-6267=1 # The Huguenot Society Journal
2326-6236=1 # The jurist : studies in church law and ministry
2567-9384=1 # Jahrbuch der Religionspädagogik
0031-0328=1 # Palestine Exploration Quarterly
0040-5736=1 # Theology Today
1533-791X=1 # Logos
0458-063X=1 # Liturgy
0020-9643=1 # Interpretation
1476-993X=1 # Currents in Biblical Research
1536-3759=1 # Christian Higher Education
2663-6573=1 # Journal for Semitics
2353-4877=1 # Ecumeny and Law
2391-4327=1 # Ecumeny and Law
2413-2470=1 # Revista Theologika
2385-8907=1 # Edinost in dialog
2335-4127=1 # Edinost in dialog
2304-8557=1 # Koers - Bulletin for Christian Scholarship
0010-3497=1 # Communicatio Socialis
0033-1767=1 # Protestantesimo
0039-6761=1 # Svensk teologisk kvartalskrift
0010-5236=1 # Concilium-EnglischeAusgabe!!!!
00105236=1 # Concilium-EnglischeAusgabe!!!!
2474-1809=0 # Antisemitism Studies
1573-0697=1 # Journal of Business Ethics
0040-571X=1 # Theology
2413-9467=1 # STJ – Stellenbosch Theological Journal
0718-9273=1 # Veritas
1018-1539=1 # Österreichisches Religionspädagogisches Forum
2593-7308=1 # Journal of Septuagint and Cognate Studies
1868-7261=0$a1 # Philosophische Rundschau
0031-8159=0$a1 # Philosophische Rundschau
0953-9468=1 # Studies in Christian Ethics
1758-6623=1 # The Ecumenical Review
1783-1326=0$a1 # Ancient Near Eastern Studies
2633-0695=1 # Journal for Interdisciplinary Biblical Studies
0173-0339=1 # Religionspädagogische Beiträge
1783-1709=1 # Questions liturgiques
2295-6093=1 # Augustiniana
2385-2062=1 # Biblica
2295-2837=1 # Counseling et spiritualité
1783-1423=1 # Ephemerides theologicae Lovaniense
1783-1431=1 # Ethical perspectives
2325-4793=1 # Journal of septuagint and cognate studies
1783-2446=1 # Journal of the European Society of Women in Theological Research
1783-161X=1 # Louvain studies
0024-7324=1 # Lumen vitae
1783-1652=1 # Ons geestelijk erf
1783-1717=1 # Recherches de théologie et philosophie médiévales
2466-8583=1 # Revue biblique
2506-7567=1 # Revue de Qumran
1783-8401=1 # Revue théologique de Louvain
2295-3027=1 # Studia canonica
1783-1814=1 # Studies in spirituality
2295-5186=1 # Theoforum
1783-1520=1 # The journal of Eastern Christian studie
2294-6209=1 # Byzantion
1875-659X=0 # Bibliotheca orientalis
1783-1342=1 # Aram periodical
2466-6815=1 # Semitica
0065-0382=0$a1 # Ancient Near Eastern Studies
2033-5016=1 # Lias
2507-0347=0 # The Journal of the International Association of Buddhist Studies
1783-175X=0 # Revue des études juives
2593-0486=1 # Marriage, families & spirituality
0049-3449=1 # Teología y vida
2504-5156=1 # Vulgata in Dialogue
2159-2063=1 # Journal for the Study of Paul and His Letters
0364-0094=1 # AJS Review
1475-4541=1 # AJS Review
2663-6573=1 # Journal for Semitics
2074-7705=1 # Verbum et Ecclesia
2163-2529=1 # The Catholic Biblical Quarterly
0792-3910=1 # Jewish Bible Quarterly
2153-7925=1 # Proceedings of the American Catholic Philosophical Association
2507-0290=1 # Analecta Bollandiana
2748-6419=0$a1 # Advances in Ancient, Biblical, and Near Eastern Research
1367-4676=0 # Mental Health, Religion & Culture
1542-3050=1 # Journal of Pastoral Care & Counseling
1943-1562=0 # Psychology of religion and spirituality
1941-1022=0 # Psychology of religion and spirituality
2589-529X=0$a1 # Brill Research Perspectives in Religion and Education
2589-5303=0$a1 # Brill Research Perspectives in Religion and Education
2468-8878=0$a1 # Brill Research Perspectives in Religion and the Arts
2468-886X=0$a1 # Brill Research Perspectives in Religion and the Arts
2468-3485=1 # Brill Research Perspectives in Theology
2468-3493=1 # Brill Research Perspectives in Theology
2589-5842=0$a1 # Brill Research Perspectives in Religion and Politics
2589-5850=0$a1 # Brill Research Perspectives in Religion and Politics
2589-711X=0$a1 # Brill Research Perspectives in Religion and Psychology
2589-7128=0$a1 # Brill Research Perspectives in Religion and Psychology
2589-8809=1 # Brill Research Perspectives in Theological Traditions
2589-8795=1 # Brill Research Perspectives in Theological Traditions
2542-498X=1 # Brill Research Perspectives in Quaker Studies
2542-4971=1 # Brill Research Perspectives in Quaker Studies
2051-6770=1 # The Bible Translator
2468-5534=0$a1 # Journal of Islamic Ethics
2468-5542=0$a1 # Journal of Islamic Ethics
2589-255X=1 # Textus
0082-3767=1 # Textus
1893-4773=1 # Tidsskrift for Praktisk Teologi
1744-9626=1 # Journal of Global Ethics
2366-0597=1 # Forum Exegese und Hochschuldidaktik: Verstehen von Anfang an (VvAa)
2405-7649=1 # Brill Research Perspectives in Biblical Interpretation
2405-7657=1 # Brill Research Perspectives in Biblical Interpretation
1934-9637=0$a1 # Journal of Spirituality in Mental Health
2054-1988=0$a1 # Journal of Holy Land and Palestine Studies
2034-3523=1 # Journal of Medieval Monastic Studies
2634-7318=1 # The Global Anglican
0092-4245=1 # Wesleyan theological journal
0044-3123=0$a1 # Zeitschrift für Missionswissenschaft und Religionswissenschaft
0007-7704=1 # Byzantinische Zeitschrift
1868-9027=1 # Byzantinische Zeitschrift
0342-2410=1 # Verkündigung und Forschung
2198-0454=1 # Verkündigung und Forschung
2198-0489=1 # Archiv für Reformationsgeschichte - Archive for Reformation History
1783-1512=1 # Journal of Coptic studies
0048-1009=1 # Novum Testamentum
1568-5365=1 # Novum Testamentum
1744-1366=1 # Ecclesiology
1745-5316=1 # Ecclesiology
2542-6583=0$a1 # NTT Journal for Theology and the Study of Religion
1741-0819=1 # Journal of Youth and Theology
2405-5093=1 # Journal of Youth and Theology
1872-5171=1 # International Journal of Public Theology
1569-7320=1 # International Journal of Public Theology
1871-2207=1 # Horizons in Biblical Theology
0195-9085=1 # Horizons in Biblical Theology
2033-4273=1 # ET-Studies
0044-3441=0$a1 #  Zeitschrift für Religions- und Geistesgeschichte
1570-0739=0$a1 #  Zeitschrift für Religions- und Geistesgeschichte
1862-5886=0 #  Zeitschrift für junge Religionswissenschaft
1612-2941=0 #  Marburg Journal of Religion
2363-6696=0 #  Entangled Religions
0943-3058=0 #  Method and theory in the study of religion
1570-0682=0 #  Method and theory in the study of religion
0141-6200=0$a1 #  British Journal of Religious Education
1749-4907=0$a1 #  Journal for the study of religion nature and culture
17494907=0$a1 #  Journal for the Study of Religion Nature and Culture
1749-4915=0$a1 # Journal for the Study of Religion Nature and Culture
1574-3012=0$a1 #  Religion & theology
1023-0807=0$a1 #  Religion & theology
0022-5762=1 #  Judaism
1570-0631=1 #  Journal for the study of Judaism
0022-4480=1 #  Journal of Semitic studies !!pppn
1477-8556=1 #  Journal of Semitic studies !!eppn
0022-4235=0$a1 #  The journal of religious thought
0022-2097=0$a1 #  The journal of Jewish studies
0591-2385=0 #  Zygon
1467-9744=0 #  Zygon
0891-5881=0 #  Dialogue and alliance
0037-7686=0 #  Social compass
1461-7404=0 #  Social compass
0888-3769=0$a1 #  Religion and literature
0029-4500=0$a1 #  Religion and literature
0034-4125=0 #  Religious studies 
1469-901X=0 #  Religious studies
0018-2710=0 #  History of religions
1545-6935=0 #  History of religions
0384-9694=0 #  Journal of religious ethics
1467-9795=0 #  Journal of religious ethics
03849694=0 #  Journal of religious ethics
0022-4200=0 #  Journal of religion in Africa
1570-0666=0 #  Journal of religion in Africa
1092-6690=0 #  Nova religio
1541-8480=0 #  Nova religio
1079-9265=0$a1 #  Religion and the arts
1568-5292=0$a1 #  Religion and the arts
0008-4298=0 #  Studies in religion = Sciences religieuses
2042-0587=0 #  Studies in religion = Sciences religieuses
1380-7854=0 #  Medieval encounters
1570-0674=0 #  Medieval encounters
0319-485X=0 #  Religious studies review
1748-0922=0 #  Religious studies review
0497-1817=0 #  Temenos
2342-7256=0 #  Temenos
0890-1112=0 #  Journal of ritual studies
0011-1953=0$a1 #  Cross currents
1939-3881=0$a1 #  Cross currents
0229-2807=0$a1 #  ARC
1023-0807=0$a1 #  Religion and theology  
1574-3012=0$a1 #  Religion and theology
0809-7291=0 #  Nordic journal of religion and society 
0802-0167=0 #  Nordic journal of religion and society
1890-7008=0 #  Nordic journal of religion and society 
1069-4404=0 #  Sociology of religion
1759-8818=0 #  Sociology of religion
0029-5973=0 #  Numen PISSN
1570-0585=0 # Arabica : journal of Arabic and islamic studies
0570-5398=0 # Arabica : journal of Arabic and islamic studies
1568-5276=0 #  Numen
1092-1311=0$a1 #  The journal of religion and film
0014-701X=0 #  Faith and freedom
0283-8486=0 #  Journal of prehistoric religion
1861-5813=0 #  Online - Heidelberg Journal of Religions on the Internet
0342-2356=1 #  Ugarit-Forschungen
1086-3249=1 #  Kennedy Institute of Ethics journal
0889-048X=0 #  Agriculture and human values !!pppn
1572-8366=0 #  Agriculture and human values !!eppn
0959-6410=0 #  Islam and Christian-Muslim relations !!pppn
1469-9311=0 #  Islam and Christian-Muslim relations
0034-4087=0$a1 #  Religious education !!pppn
0022-0256=0 #  Journal of cuneiform studies !!pppn
1783-1806=0 #  Studies in Interreligious Dialogue
0926-2326=0 #  Studies in Interreligious Dialogue
1867-4240=0 #  Transformierte Buddhismen
1583-0039=0 #  Journal for the Study of Religions and Ideologies
2199-4463=0 #  Religion in the Roman Empire
0003-1224=FID-KRIM-DE-21 #  American sociological review Online Publikation|krimdok
1862-2593=FID-KRIM-DE-21 #  Berliner Journal für Soziologie Online Publikation|krimdok
0268-5809=FID-KRIM-DE-21 #  International sociology Online Publikation|krimdok
2196-8225=FID-KRIM-DE-21 #  Praxis der Kinderpsychologie und Kinderpsychiatrie Online Publikation|krimdok
2190-6238=FID-KRIM-DE-21 #  Psychologische Rundschau Online Publikation|krimdok
1461-7439=FID-KRIM-DE-21 #  Theoretical criminology Online Publikation|krimdok
1438-9460=FID-KRIM-DE-21 #  Zeitschrift für Sexualforschung Online Publikation|krimdok
0967-8948=0 #  Journal of the British Association for the Study of Religions - formerly DISKUS
2516-6379=0 #  Journal of the British Association for the Study of Religions - formerly DISKUS
2342-7256=0 #  Temenos=nordic journal of comparative religion
1799-3121=0 #  Approaching religion
1677-1222=0 #  Rever=revista de estudos da religião
1475-5610=0 #  Culture and Religion
1549-6538=0 #  Journal of Religion
0022-4189=0 #  Journal of Religion
1722-4705=0 #  Religioni e società
0394-9397=0 #  Religioni e società
0002-7189=0 #  Journal of the American Academy of Religion
1477-4585=0 #  Journal of the American Academy of Religion
1988-3269=0 #  'Ílu
1135-4712=0 #  'Ílu
0048-721X=0 #  Religion
2365-3140=0 #  Interdisciplinary journal for religion and transformation in contemporary society
1983-2850=0 #  Revista Brasileira de História das Religiões  
2179-0019=0 #  Plura revista de estudos de religião
2175-5841=0 #  Horizonte
2408-9370=0 #  Journal for religion film and media
2414-0201=0 #  Journal for religion film and media
2572-4088=0 #  Journal of sociology and Christianity
0035-1423=0 #  Histoire des Religions
2196-7954=0$a1 # Journal of ancient Judaism
1869-3296=0$a1 # Journal of ancient Judaism
1179-7231=0$a1 #  Relegere
1553-9962=0 #  Religion and Society in Central and Eastern Europe
2006-5442=0 #  Journal of religion and human relations
2053-6712=0 #  Secularism and Nonreligion
2509-9965=0 #  International journal of Latin American religions
1573-6571=0 #  Journal of Religion and Health
0022-4197=0 #  Journal of Religion and Health
1467-9809=0 #  Journal of religious history
2211-4866=0 #  Review of Religious Research
0393-8417=0 #  Studi e materiali di storia delle religioni
1553-3913=0 # Journal of feminist studies in religion
8755-4178=0 # Journal of feminist studies in religion (Print-ISSN)
1050-8619=0 #  The International Journal for the Psychology of Religion
1468-5906=0 #  Journal for the Scientific Study of Religion
0021-8294=0 #  Journal for the Scientific Study of Religion
1749-8171=0 #  Religion compass
1011-7601=0 #  Journal for the Study of Religion
2150-9298=0 #   Religion and society
2150-9301=0 #   Religion and society
1689-8311=0 #  European Journal for Philosophy of Religion
0020-7047=0 #  International Journal for Philosophy of Religion
1572-8684=0 # International Journal for Philosophy of Religion
1534-8423=0 #  Journal of Media and Religion
1888-346X=0 #  Bandue: revista de la Sociedad Española de Ciencias de las Religiones
2035-6455=0 #  Historia Religionum
1743-2200=0 #  Material Religion=The Journal of Objects Art and Belief 
2049-7555=0  #  Journal for the Cognitive Science of Religion
2049-7563=0  #  Journal for the Cognitive Science of Religion
2156-8022=0 #  Mormon studies Review
2041-1863=0 #  Bulletin for the Study of Religion
2041-1871=0 #  Bulletin for the Study of Religion
0963-7494=0 #  Religion State and Society
0094-7342=0 #  Journal of the Mormon History
0012-2157=0 #  Dialogue: A Journal of Mormon Thought
0392-7288=0 #  Islamochristiana
0304-1042=0 #  Japanese Journal of Religious Studies
1904-8181=0 #  Religionsvidenskabeligt Tidsskrift
2325-8780=0 #  journal for spiritual and consciousness studies
1527-9472=0 #  Buddhist-Christian Studies
0882-0945=0 #  Buddhist-Christian Studies
0737-769X=0 #  Journal of Chinese Religions
2047-704X=0 #  Journal for the Academic Study of Religion
2047-7058=0 #  Journal for the Academic Study of Religion
1533-8568=0 #  Religion and American Culture 
1052-1151=0 #  Religion and American Culture 
1467-9418=0 #  Reviews in Religion & Theology
2374-4766=0 #  Journal of Book of Mormon Studies
2374-4774=0 #  Journal of the Book of Mormon Studies
1361-7672=0 #  Journal of Beliefs & Values
1353-7903=0 #  Journal of Contemporary Religion
2154-7270=0 #  International Journal of Cultic Studies
1463-9947=0 #  Contemporary Buddhism
0718-4727=0 #  Revista Cultura & Religión
0012-8708=0 #  Eastern Buddhist
1743-0615=0 #  Fieldwork in Religion
1743-0623=0 #  Fieldwork in Religion
1463-9955=0 #  Implicit Religion
1743-1697=0 # Implicit Religion
1527-6457=0 #  Journal of Global Buddhism
2167-2040=0 #  Journal of Korean Religions
2093-7288=0 #  Journal of Korean Religions
1703-289X=0 #  The Journal of Religion and Popular Culture
2153-599X=0 #  Religion Brain & Behavior
1983-7828=0 #  Fragmentos de Cultura
2159-3159=0 #  Greek Roman and Byzantine Studies
0017-3916=0 #  Greek Roman and Byzantine Studies
1757-2460=0 #  Journal for Research into Freemasonry and Fraternalism
1757-2479=0 #  Journal for Research into Freemasonry and Fraternalism
1357-6275=0 #  Mortality
2236-6296=0 #  Numen
0335-5985=0 #  Archives de sciences sociales des religions
0024-4414=0$a1 #  Listening Journal of Communication Ethics Religion and Culture
2297-6469=0 #  Zeitschrift für Religionskunde
2331-2521=0 #  Journal of disability & religion
2044-0243=0 #  Journal for the Study of Spirituality
1941-1022=0 #  Psychology of Religion and Spirituality
1755-0483=0 #  Politics and Religion
1755-0491=0 #  Politics and Religion
2364-382X=0 #  Gamevironments
0035-2217=0$a1 #  Revue des Sciences Religieuses
2079-7222=0 #  Indo-Pacific Journal of Phenomenology
2154-7270=0 #  International Journal of Cultic Studies
2396-9393=0$a1 #  International bulletin of mission research
2165-5413=0 #  Journal of Africana Religions
2165-5405=0 #  Journal of Africana Religions
1552-8030=0 #  Journal of Religion Spirituality & Aging
2057-4517=0 #  The Journal of Religious History Literature and Culture
0362-1596=0 #  Parabola
1754-517X=0 #  Journal for late antique religion and culture
0890-0132=0 #  Journal of interdisciplinary studies
1872-0226=0 #  Contemporary Islam
2196-8802=0 #  International Journal of Dharma Studies
1573-0395=0 #  Journal of Indian Philosophy
1471-6917=0 #  Journal of Islamic Studies
0955-2340=0 #  Journal of Islamic Studies
0276-1114=0 #  Modern Judaism - A Journal of Jewish Ideas and Experience
1086-3273=0 #  Modern Judaism - A Journal of Jewish Ideas and Experience
1756-4255=0 #  The Journal of Hindu Studies
1756-4263=0 #  The Journal of Hindu Studies
1556-3537=0 #  Anthropology of Consciousness
1871-014X=FID-KRIM-DE-21 # Asian Journal of Criminology
0004-8658=FID-KRIM-DE-21 # Australian & New Zealand Journal of Criminology
1894-4183=FID-KRIM-DE-21 # Bergen Journal of Criminal Law & Criminal Justice
1743-4629=FID-KRIM-DE-21 # Crime Prevention and Community Safety
0093-8548=FID-KRIM-DE-21 # Criminal Justice and Behavior
0887-4034=FID-KRIM-DE-21 # Criminal Justice Policy Review
1478-601X=FID-KRIM-DE-21 # Criminal Justice Studies
1748-8958=FID-KRIM-DE-21 # Criminology & Criminal Justice
1132-9955=FID-KRIM-DE-21 # Revista de derecho penal y criminología
1057-5677=FID-KRIM-DE-21 # International Criminal Justice Review
0192-4036=FID-KRIM-DE-21 # International Journal of Comparative and Applied Criminal Justice
1756-0616=FID-KRIM-DE-21 # International Journal of Law, Crime and Justice
0306-624X=FID-KRIM-DE-21 # International Journal of Offender Therapy and Comparative Criminology
1461-3557=FID-KRIM-DE-21 # International Journal of Police Science & Management
0269-7580=FID-KRIM-DE-21 # International Review of Victimology
2161-1874=FID-KRIM-DE-21 # Journal of Addictions & Offender Counseling
1043-9862=FID-KRIM-DE-21 # Journal of Contemporary Criminal Justice
0735-648X=FID-KRIM-DE-21 # Journal of Crime and Justice
2090-7753=FID-KRIM-DE-21 # Journal of Criminology
2090-777X=FID-KRIM-DE-21 # Journal of Criminology
2199-465X=FID-KRIM-DE-21 # Journal of Developmental and Life-Course Criminology
1572-8315=FID-KRIM-DE-21 # Journal of Experimental Criminology
1573-3750=FID-KRIM-DE-21 # Journal of Experimental Criminology
1573-7799=FID-KRIM-DE-21 # Journal of Quantitative Criminology
2044-8333=FID-KRIM-DE-21 # Legal and Criminological Psychology
1043-9463=FID-KRIM-DE-21 # Policing and Society
0718-3399=FID-KRIM-DE-21 # Política criminal
0032-8855=FID-KRIM-DE-21 # The Prison Journal
0264-5505=FID-KRIM-DE-21 # Probation Journal
1068-316X=FID-KRIM-DE-21 # Psychology, Crime & Law
1462-4745=FID-KRIM-DE-21 # Punishment & Society
0954-6553=FID-KRIM-DE-21 # Terrorism and Political Violence
1362-4806=FID-KRIM-DE-21 # Theoretical Criminology
1936-4830=FID-KRIM-DE-21 # Trends in Organized Crime
0897-4454=FID-KRIM-DE-21 # Women & Criminal Justice
1541-2040=FID-KRIM-DE-21 # Youth Violence and Juvenile Justice
2050-3032=0 # Critical Research on Religion
2056-6093=0 # Journal of Religious and Political Practice
2397-348X=0 # Interreligious Studies and Intercultural Theology
0748-0814=0 # Journal of Law and Religion
2163-3088=0 # Journal of Law and Religion
2617-3697=0$a1 # Journalforreligion,filmandmedia
1930-1200=0$a1 # Contagion: Journal of Violence, Mimesis, and Culture
1557-0274=0$a1 # The Review of Faith & International Affairs
1743-1735=0 # Pomegranate: The International Journal of Pagan Studies
1613-0928=0 # Der Islam
0003-9659=0 # Archives de sociologie des religions
1567-9896=0 # Aries
1570-0593=0 # Aries
1436-3038=0$a1 # Archiv für Religionsgeschichte
0043-2539=0 # Die Welt des Islams
1570-0607=0 # Die Welt des Islam
1477-285X=0$a1 # The Journal of Jewish Thought and Philosophy
1053-699X=0$a1 # The Journal of Jewish Thought and Philosophy
1871-031X=0$a1 # Religion &amp; Human Rights
1871-0328=0$a1 # Religion &amp; Human Rights
1571-7283=0$a1 # Zutot
1875-0214=0$a1 # Zutot
1862-9156=0$a1 # Naharaim
1862-9148=0$a1 # Naharaim
1874-8945=0$a1 # Social Sciences and Missions
1874-8937=0$a1 # Social Sciences and Missions
00352217=0$a1 # Revue des sciences religieuses
0267-1700=0$a1 # Religion Today
2057-5831=0 # Body and Religion
1877-5233=0 # Annual review of the sociology of religion
2009-7379=0 # International Journal of Religious Tourism and Pilgrimage
2211-792X=0 # Journal of Muslims in Europe
2211-7954=0 # Journal of Muslims in Europe
2210-5697=0 # International Journal for the Study of Skepticism
2210-5700=0 # International Journal for the Study of Skepticism
1874-8910=0 # Journal of religion in Europe : JRE
1874-8929=0 # Journal of religion in Europe : JRE
2210-5948=0 # Journal of Sufi Studies
2210-5956=0 # Journal of Sufi Studies
1363-5247=0 # Worldviews : global religions, culture and ecology
1568-5357=0 # Worldviews : global religions, culture and ecology
1568-4857=0$a1 # The Review of Rabbinic Judaism : ancient, medieval and modern
1570-0704=0$a1 # The Review of Rabbinic Judaism : ancient, medieval and modern
0084-6724=0 # Archive for the psychology of religion
1573-6121=0 # Archive for the psychology of religion
2031-5929=0 # Annali di scienze religiose
2077-1444=0 # Religions
2232-1969=0 # Al-Bayān
2232-1950=0 # Al-Bayān
1394-3723=0 # Al-Bayān
1569-2078=0 # Hawwa : journal of woman in the Middle East and the Islamic world
1569-2086=0 # Hawwa : journal of woman in the Middle East and the Islamic world
0019-7246=0 # Indo-Iranian Journal
1572-8536=0 # Indo-Iranian Journal
1569-2124=0 # Journal of ancient Near Eastern religions
1569-2116=0 # Journal of ancient Near Eastern religions
0943-8610=0$a1 # Zeitschrift für Religionswissenschaft : ZfR
2194-508X=0$a1 # Zeitschrift für Religionswissenschaft : ZfR
2214-3947=0 # Review of Religion and Chinese Society
2214-3955=0 # Review of Religion and Chinese Society
1958-5705=0 # Studia Islamica
0585-5292=0 # Studia Islamica
2532-2990=0 # The Journal of CESNUR
1662-4653=0 # Asdiwal : revue genevoise d'anthropologie et d'histoire des religions
0028-212X=0$a1 # NTT Journal
2164-6279=0$a1 # Journal of Hindu-Christian studies 
1025-9996=0 # European journal of jewish studies
1872-471X=0 # European journal of jewish studies
0776-3824=0 # Kernos
1930-3777=0$a1 # Studies in christian-jewish relations
2212-4810=0 # Journal of law, religion and state
2212-6465=0 # Journal of law, religion and state
1530-5228=0 # Journal for Cultural and Religious Theory
0010-7557=0 # Contemporary religions in Japan
2183-3737=0 # Revista Lusófona de Ciência das Religiões
2211-8993=0 # Muqarnas Online
0732-2992=0 # Muqarnas Online
2044-0243=0 # Journal for the Study of Spirituality
2673-4273=0$a1 # Judaica. Neue digitale Folge
2451-280X=1 # Verbum Vitae
2019-0050=0 # Journal of religion and popular culture
2109-9502=1 # Revue d'histoire de l'Eglise de France
2050-8999=0 # Journal of Chinese religions
2041-3599=0$a1 # PentecoStudies
1871-7691=0$a1 # PentecoStudies
0035-6573=0$a1 # Rivista di storia e letteratura religiosa
2589-8051=0 # Religion and Gender
1878-5417=0 # Religion and Gender
1047-7845=0$a1 # Journal of Religious & Theological Information
1865-9438=0$a1 # Aschkenas
1016-4987=0$a1 # Aschkenas
0003-0279=0$a1 # Journal of the American Oriental Society
0043-1575=1 # The Way
1210-3640=0 # Religio: revue pro religionistiku
2336-4475=0 # Religio: revue pro religionistiku
2158-1681=1 # Hebrew Studies
1945-9718=1 # Franciscan Studies
0393-6805=1 # Henoch
0040-5701=1 # Theologische Zeitschrift (Digitalisate)
2176-0985=0$a1 # Mandrágora
2153-6945=1 # Newman Studies Journal
2473-3725=1 # The Thomist
0580-1400=1 # Münchener Theologische Zeitschrift
1010-7215=1 # Lateranum
2589-7454=1 # Brill Research Perspectives in Jesuit Studies
2589-7446=1 # Brill Research Perspectives in Jesuit Studies
1612-9792=1 # Kierkegaard Studies Yearbook
2162-3937=1 # Journal of Ecumenical Studies
2709-8435=1 # Zeitschrift für Theologie und Philosophie
2611-7649=1 # Teresianum
1052-4533=1 # The Studia Philonica Annual
0948-0587=1 # Zeitschrift für Altorientalische und Biblische Rechtsgeschichte / Journal for Ancient Near Eastern and Biblical Law
0360-9049=1 # Hebrew Union College Annual
2507-0118=1 # Transeuphratène
1089-7747=1 # TC: A Journal of Biblical Textual Criticism
1551-3432=1 # Journal of Scriptural Reasoning
1661-3317=1 # Lectio Difficilior
2329-4434=1 # Journal of the Bible and its Reception
1676-3394=1 # Ribla - Revista de interpretação bíblica latino-americana
0935-7335=0 # EthikinderMedizin
1437-1618=0 # EthikinderMedizin
2161-8534=1 # American Catholic Studies
0038-2876=0 # The South Atlantic quarterly
1573-0948=0 # Studies in East European Thought
0778-8304=0$a1 # Trajecta
2665-9484=0$a1 # Trajecta
0137-2432=0 # Studia Religiologica
2084-4077=0$a1 # Studia Religiologica
2660-7743=1 # Isidorianum
1010-9919=1 # Old Testament Essays
1203-1542=1 # The Journal of Hebrew Scriptures
2637-7500=0$a1 # Socio-Historical Examination of Religion and Ministry
2637-7519=0$a1 # Socio-Historical Examination of Religion and Ministry
2450-4955=1 # Philosophy and Canon Law
2451-2141=1 # Philosophy and Canon Law
23744766=0 # JournalofBookofMormonStudies
2374-4774=0 # JournaloftheBookofMormonStudies
1552-146X=0 # Hastings Center Report
2155-7594=0 # Journal of Childhood and Religion
0006-0895=1 # The Biblical Archaeologist
2792-260X=1 # Estudio Agustiniano
2165-9214=0 # Journal of religion, media and digital culture
2588-8099=0 # Journal of religion, media and digital culture
1664-0136=0$a1 # ThéoRèmes. Penser le religieux
2141-7040=0 # Ilorin Journal of Religious Studies
2617-1953=1 # Limina
1820-659X=0 # Politikologija religije - Politics and Religion Journal
19809425=0 # Revista Ciências da Religião - História e Sociedade
1980-9425=0 # Revista Ciências da Religião - História e Sociedade
1751-2697=0 # Religions of South Asia
17512697=0 # Religions of South Asia
1893-0271=1 # Teologisk tidsskrift
1893-0263=1 # Teologisk tidsskrift
1661-3880=0$a1 # Schweizerische Zeitschrift für Religions- und Kulturgeschichte
2764-1287=1 # Estudos Bíblicos
1472-2089=1 # International congregational journal
1527-2028=0 # Jewish social studies
0253-7222=0 # Journal of Dharma
1216-7827=0 # Shaman
12167827=0 # Shaman
0739-7046=0$a1 # Faith and Philosophy
07397046=0$a1 # Faith and Philosophy
2284-3892=0 # Annali di studi religiosi
22843892=0 # Annali di studi religiosi
1434-5935=0$a1 # Journal of religious culture = Journal für Religionskultur
0044-2690=1 # Zeitschrift für evangelisches Kirchenrecht (ZevKR) (IKR)
1868-7369=1 # Zeitschrift für evangelisches Kirchenrecht (ZevKR)(IKR)
0573-2018=1 # Compostellanum
0003-6064=1 # Antonianum
2309-9089=1 # Acta Theologica
2034-6468=1 # Apocrypha
1065-223X=1 # Bulletin for Biblical Research
1868-7032=1 # Early Christianity (EC)
0014-1437=1 # Estudios bíblicos
0214-2996=1 # Filología neotestamentaria
2192-2276=1 # Hebrew Bible and Ancient Israel (HeBAI)
0146-4094=1 # Hebrew Studies
0021-9231=1 # Journal of Biblical Literature
0179-7239=1 # Kirche und Israel
2507-0428=1 # Liber Annuus
1094-2076=1 # Near Eastern Archaeology
2518-4628=1 # Neotestamentica
0028-6885=1 # New Testament Studies
1469-8145=1 # New Testament Studies
2312-3621=1 # Old Testament Essays
2412-2467=1 # Protokolle zur Bibel
2305-445X=1 # Scriptura
1435-2249=1 # ZNT – Zeitschrift für Neues Testament
1613-0103=1 # Zeitschrift für die alttestamentliche Wissenschaft
1613-009X=1 # Zeitschrift für die neutestamentliche Wissenschaft
2470-5616=1 # Lutheran quarterly
1972-2516=0 # Mythos. Rivista di Storia delle Religioni
2535-8863=0 # Journal of Historical Network Research
1982-2650=0 # Ciencias Sociales y Religión/Ciências Sociais e Religião
0017-4114=1 # Gregorianum : periodicum trimestre a Pontificia Universitate Gregoriana editum
IXTH-0001=0$a1 # The @journal of gods and monsters
2183-2803=NABZ # Social Inclusion
2161-007X=NABZ # Counseling and values
0379-9557=NABZ # Theological Review
1086-3222=NABZ # Journal of the history of ideas
1468-2303=NABZ # History and theory
0018-2656=NABZ #  History and theory
0307-5133=NABZ # The Journal of Egyptian Archaeology
1357-6275=NABZ # Mortality
1469-9885=NABZ # Mortality
1540-6253=NABZ # Journal of Chinese Philosophy
0301-8121=NABZ # Journal of Chinese Philosophy
1467-9205=NABZ # Philosophical Investigations
1753-1055=NABZ # Journal of Eastern African Studies
0022-0221=NABZ # Journal of cross-cultural psychology
0021-9096=NABZ # Journal of Asian and African Studies
1548-1352=NABZ # Ethos
1359-1835=NABZ # Journal of material culture
1460-3586=NABZ # Journal of material culture
1475-4967=NABZ # Middle East Policy
1568-5209=NABZ # Journal of the Economic and Social History of the Orient
0022-4995=NABZ # Journal of the Economic and Social History of the Orient
0078-6527=NABZ # Oriens
1877-8372=NABZ # Oriens
0725-6868=NABZ # Journal of Intercultural Studies
0035-2160=NABZ # Revue des questions scientifiques
1050-2289=0 # Journal of religious gerontology
2213-8617=0 # Oriente Moderno
0030-5472=0 # Oriente Moderno
1822-4571=0 # Religija ir kultūra
2521-6465=0 # Chabaršy
583217141=1 # KNA, Katholische Nachrichten-Agentur (Zs-PPN, IKR)
613737075=1 # Amtsblatt der Erzdiözese Freiburg (AB-PPN, IKR)
856427438=1 # Kirchliches Amtsblatt für das Bistum Dresden-Meißen (AB-PPN, IKR)
1677381620=1 # Amtsblatt des Erzbistums Berlin (AB-PPN, IKR)
565627228=1 # Kirchliches Amtsblatt : Erzbistum Hamburg (AB-PPN, IKR)
1672844088=1 # Kirchliches Amtsblatt für die Diözese Fulda (AB-PPN, IKR)
1728922038=1 # Amtsblatt der Österreichischen Bischofskonferenz (AB-PPN, IKR)
1738254771=1 # Amtsblatt des Bistums Limburg (AB-PPN, IKR)
1040236065=1 # Kirchliches Amtsblatt für das Bistum Essen (AB-PPN, IKR)
167405373=1 # Kirchliches Amtsblatt für das Bistum Essen (AB-PPN, IKR)
1784545694=1 # Amtsblatt des Erzbistums Köln (AB-PPN, IKR)
166765988=1 # Amtsblatt des Erzbistums Köln (AB-PPN, IKR)
175696663X=1 # Kirchliches Amtsblatt für die Diözese Münster (AB-PPN, IKR)
1789065429=1 # Kirchliches Amtsblatt für die Erzdiözese Paderborn (AB-PPN, IKR)
167405527=1 # Kirchliches Amtsblatt für die Erzdiözese Paderborn (AB-PPN, IKR)
1789070287=1 # Amtsblatt fuer die Dioezese  Regensburg (AB-PPN, IKR)
1041373554=1 # Kirchliches Amtsblatt für die Diözese Rottenburg-Stuttgart (AB-PPN, IKR)
683497839=1 # Amtsblatt des Bistums Magdeburg (AB-PPN, IKR)
736118896=1 # Kirchliches Amtsblatt für die Diözese Osnabrück (AB-PPN, IKR)
735685517=1 # Kirchlicher Anzeiger für das Bistum Hildesheim (AB-PPN, IKR)
1751188191=1 # Amtsblatt : Bistum Passau (AB-PPN, IKR)
775920312=1 # Pastoralblatt : Amtsblatt des Bistums Eichstätt (AB-PPN, IKR)
867167459=1 # Oberhirtliches Verordnungsblatt : Amtsblatt für das Bistum Speyer (AB-PPN, IKR)
165667435=1 # Kirchliches Amtsblatt : Ausgabe des Bischöflichen Amtes Erfurt-Meiningen (AB-PPN, IKR)
167359355=1 # Kirchliches Amtsblatt für die Diözese Mainz (AB-PPN, IKR)
167405233=1 # Kirchlicher Anzeiger für die Diözese Aachen (AB-PPN, IKR)
167737457=1 # Verordnungsblatt des Katholischen Militärbischofs für die Deutsche Bundeswehr (AB-PPN, IKR)
613736710=1 # Würzburger Diözesanblatt (AB-PPN, IKR)
328819700=1 # Amtsblatt für das Erzbistum Bamberg (AB-PPN, IKR)
1677381620=1 # Amtsblatt des Erzbistums Berlin (AB-PPN, IKR)
1779867972=1 # Kirchliches Amtsblatt für das Bistum Trier (AB-PPN, IKR)
182405141=1 # Amtsblatt : Bistum Görlitz (AB-PPN, IKR)
735685517=1 # Kirchlicher Anzeiger für das Bistum Hildesheim (AB-PPN, IKR)
167358952=1 # Amtsblatt fuer die Dioezese Augsburg (AB-PPN, IKR)
167361929=1 # Amtsblatt für das Erzbistum München und Freising (AB-PPN, IKR)
1522-5658=0$a1 # The journal of religion & society
15225658=0$a1 # The journal of religion & society
0037-8887=1 # Archivum historicum Societatis Iesu
0076-1508=1 # Lusitania sacra : revista do Centro de Estudos de Historia Religiosa
2693-2148=0$a1 # Occasional papers on religion in Eastern Europe
26932148=0$a1 # Occasional papers on religion in Eastern Europe
2520-4696=0 # European journal of philosophy, culture and religion
25204696=0 # European journal of philosophy, culture and religion
