2282-2828=KALD # Archivio Giuridico Filippo Serafini (2234)
2035-3545=KALD # Il diritto ecclesiastico (1725)
0570-1953=KALD # L'Annee canonique (1728)
2040-4867=KALD # Journal of church and state (KALD) (1752)
0021-969X=KALD # Journal of church and state (KALD) (1752)
0082-7118=BIIN # Tyndale Bulletin (BIIN) (Z=1192)
0021-2059=BIIN # Israel exploration journal (BIIN) (Z=1698)
2605-3357=KALD # Vergentis (KALD) (Z=2915)
1240-3032=BIIN # Revue Biblique (1892-1940) (JSTOR retro)
0035-0907=BIIN # Revue Biblique (1946-) (JSTOR retro)
2192-3124=BIIN # Zeitschrift des Deutschen Palästina-Vereins (1878-1945) (JSTOR retro)
0012-1169=BIIN # Zeitschrift des Deutschen Palästina-Vereins (1953-) (JSTOR retro)
0044-2895=BIIN # Zeitschrift für katholische Theologie (JSTOR-retro)
1015-8758,2309-9089=BIIN # Acta Theologica
2309-9089=BIIN # Acta Theologica
1015-8758=BIIN # Acta Theologica
10158758=BIIN # Acta Theologica
1120-4001=BIIN # Annali di storia dell'esegesi
2034-6468=BIIN # Apocrypha
2385-2062=BIIN # Biblica
2565-7070=BIIN # Biblica
1065-223X=BIIN # Bulletin of the Biblical Research
1065223X=BIIN # Bulletin of the Biblical Research
1868-8020=BIIN # Early Christianity
1868-7032=BIIN # Early Christianity
0014-1437=BIIN # Estudios Biblicos
0214-2996=BIIN # Filologíaneotestamentaria
2158-1681=BIIN # Hebrew Studies
1934-3876=BIIN # Journal of Biblical Literature
0179-7239=BIIN # Kirche und Israel
2507-0428=BIIN # Liber Annuus
1094-2076=BIIN # Near Eastern archaeology!!pppn
0254-8356,2518-4628=BIIN # Neotestamentica
0254-8356, 2518-4628=BIIN # Neotestamentica
2192-2276=BIIN # Hebrew Bible and Ancient Israel
2518-4628=BIIN # Neotestamentica
0254-8356=BIIN # Neotestamentica
0028-6885,1469-8145=BIIN # New Testament studies
1469-8145=BIIN # New Testament studies
0028-6885=BIIN # New Testament studies
2312-3621=BIIN # Old Testament Essays
1996-0042=BIIN # Protokolle zur Bibel
2412-2467=BIIN # Protokolle zur Bibel
2466-8583=BIIN # Revue biblique
2506-7567=BIIN # Revuede Qumran
0035-1725=BIIN # Revuede Qumran
0254-1807, 2305-445X=BIIN # Scriptura
2305-445X=BIIN # Scriptura
0254-1807=BIIN # Scriptura
1435-2249=BIIN # ZNT – Zeitschrift für Neues Testament
0044-2526, 1613-0103=BIIN # Zeitschrift für die alttestamentliche Wissenschaft
0044-2526=BIIN # Zeitschrift für die alttestamentliche Wissenschaft
1613-0103=BIIN # Zeitschrift für die alttestamentliche Wissenschaft
1613-009X=BIIN # Zeitschrift für die neutestamentliche Wissenschaft
0792-3910=BIIN # Jewish Bible Quarterly
2163-2529=BIIN # The Catholic Biblical Quarterly
0948-0587=BIIN # Zeitschrift für Altorientalische und Biblische Rechtsgeschichte / Journal for Ancient
2074-7705=BIIN # Verbum et ecclesia
1609-9982=BIIN # Verbum et ecclesia
0360-9049=BIIN # Hebrew Union College Annual
1203-1542=BIIN # The journal of Hebrew scriptures
2663-6573=BIIN # Journal for Semitics
0364-0094, 1475-4541=BIIN # AJS Review
0364-0094=BIIN # AJS Review
1475-4541=BIIN # AJS Review
2159-2063=BIIN # Journal for the Study of Paul and His Letters
2329-4434=BIIN # Journal of the Bible and its Reception
2504-5156=BIIN # Vulgata in Dialogue. A Biblical On-Line Review
1676-3394=BIIN # Ribla - Revista de interpretação bíblica latino-americana
2366-0597=BIIN # Forum Exegese und Hochschuldidaktik: Verstehen von Anfang an (VvAa)
2633-0695=BIIN # Journal for Interdisciplinary Biblical Studies
2451-280X=BIIN # Verbum Vitae
2405-7649, 2405-7657=BIIN # Brill Research Perspectives in Biblical Interpretation
2405-7649=BIIN # Brill Research Perspectives in Biblical Interpretation
2405-7657=BIIN # Brill Research Perspectives in Biblical Interpretation
2385-8907, 2335-4127=BIIN # Edinost in dialog
2385-8907=BIIN # Edinost in dialog
23354127=BIIN # Edinost in Dialog
2335-4127=BIIN # Edinost in Dialog
2295-3027=KALD # StudiaCanonica
2295-3019=KALD # StudiaCanonica
2254-6219=KALD # Iuscanonicum
1124-1179=KALD # Quaderni di diritto ecclesiale
2353-4877, 2391-4327=KALD # Ecumeny and Law
2353-4877=KALD # Ecumeny and Law
2391-4327=KALD # Ecumeny and Law
2445-2394=KALD # Vergentis : Revista de Investigación de la Cátedra Internacional conjunta Inocencio III
2450-4955, 2451-2141=KALD # Philosophy and Canon Law
2450-4955=KALD # Philosophy and Canon Law
2451-2141=KALD # Philosophy and Canon Law
