0044-3441=0 #  Zeitschrift für Religions- und Geistesgeschichte
1570-0739=0 #  Zeitschrift für Religions- und Geistesgeschichte
1862-5886=0 #  Zeitschrift für junge Religionswissenschaft
1612-2941=0 #  Marburg Journal of Religion
2363-6696=0 #  Entangled Religions
0943-3058=0 #  Method and theory in the study of religion
1570-0682=0 #  Method and theory in the study of religion
0141-6200=0$a1 #  British Journal of Religious Education
1749-4907=0 #  Journal for the study of religion nature and culture
17494907=0 #  Journal for the Study of Religion Nature and Culture
1749-4907 1749-4915=0 #  Journal for the Study of Religion Nature and Culture
1094-2076=1 #  Near Eastern archaeology
1574-3012=0$a1 #  Religion & theology
1023-0807=0$a1 #  Religion & theology
0022-5762=1 #  Judaism
1570-0631=1 #  Journal for the study of Judaism
0022-4480=1 #  Journal of Semitic studies !!pppn
1477-8556=1 #  Journal of Semitic studies !!eppn
0022-4235=0$a1 #  The journal of religious thought
0022-2097=0$a1 #  The journal of Jewish studies
0003-0279=1 #  Journal of the American Oriental Society
0591-2385=0 #  Zygon
1467-9744=0 #  Zygon
0891-5881=0 #  Dialogue and alliance
0037-7686=0 #  Social compass
1461-7404=0 #  Social compass
0018-2613=1 #  Historische Zeitschrift
0888-3769=0 #  Religion and literature
0029-4500=0 #  Religion and literature
0034-4125=0 #  Religious studies 
1469-901X=0 #  Religious studies
0034-4125 1469-901X=0 #  Religious studies
0018-2710=0 #  History of religions
1545-6935=0 #  History of religions
0384-9694=0 #  Journal of religious ethics
1467-9795=0 #  Journal of religious ethics
03849694=0 #  Journal of religious ethics
0022-4200=0 #  Journal of religion in Africa
1570-0666=0 #  Journal of religion in Africa
1092-6690=0 #  Nova religio
1541-8480=0 #  Nova religio
1079-9265=0 #  Religion and the arts
1568-5292=0 #  Religion and the arts
0008-4298=0 #  Studies in religion = Sciences religieuses
2042-0587=0 #  Studies in religion = Sciences religieuses
1380-7854=0 #  Medieval encounters
1570-0674=0 #  Medieval encounters
0319-485X=0 #  Religious studies review
1748-0922=0 #  Religious studies review
0497-1817=0 #  Temenos
2342-7256=0 #  Temenos
0890-1112=0 #  Journal of ritual studies
0011-1953=0$a1 #  Cross currents
1939-3881=0$a1 #  Cross currents
00111953=0$a1 #  Cross currents
19393881=0$a1 #  Cross currents
0229-2807=0$a1 #  ARC
1934-9637=1 #  Journal of spirituality in mental health
1934-9645=1 #  Journal of spirituality in mental health
1023-0807=0$a1 #  Religion and theology  
1574-3012=0$a1 #  Religion and theology
0926-6453=1 #  Studies in spirituality
1783-1814=1 #  Studies in spirituality
0809-7291=0 #  Nordic journal of religion and society 
0802-0167=0 #  Nordic journal of religion and society
1890-7008=0 #  Nordic journal of religion and society 
1069-4404=0 #  Sociology of religion
1759-8818=0 #  Sociology of religion
0029-5973=0 #  Numen PISSN
1568-5276=0 #  Numen EISSN
0935-7335=1 #  Ethik in der Medizin 
1437-1618=1 #  Ethik in der Medizin
1209-9392=1 #  Women in Judaism
0305-7240=1 #  Journal of moral education !!pppn
1465-3877=1 #  Journal of moral education !!eppn
0269-9702=1 #  Bioethics !!pppn
1467-8519=1 #  Bioethics !!eppn
1468-2303=0$a1 #  History and theory !!eppn
0018-2656=0$a1 #  History and theory !!pppn
1092-1311=0$a1 #  The journal of religion and film
1086-3222=1 #  Journal of the history of ideas !!eppn
0022-5037=1 #  Journal of the history of ideas !!pppn
1469-5103=1 #  The historical journal !!eppn
0018-246X=1 #  The historical journal !!pppn
1469-2147=1 #  Cambridge quarterly of healthcare ethics !!eppn
0963-1801=1 #  Cambridge quarterly of healthcare ethics !!pppn
0014-701X=0 #  Faith and freedom
0283-8486=0 #  Journal of prehistoric religion
1861-5813=0 #  Online - Heidelberg Journal of Religions on the Internet
0342-2356=1 #  Ugarit-Forschungen
1086-3249=1 #  Kennedy Institute of Ethics journal
0889-048X=0 #  Agriculture and human values !!pppn
1572-8366=0 #  Agriculture and human values !!eppn
1187-7863=1 #  Journal of agricultural and environmental ethics !!pppn
1573-322X=1 #  Journal of agricultural and environmental ethics !!eppn
1468-2265=1 #  The Heythrop journal !!eppn
1364-436X=1 #  International journal of children's spirituality !!pppn
1364436X=1 #  International journal of children's spirituality
0959-6410=0 #  Islam and Christian-Muslim relations !!pppn
1203-1542=1 #  The journal of Hebrew scriptures !!eppn
1467-9647=1 #  Teaching theology & religion !!eppn
1473-4257=1 #  Journal of medical ethics !!eppn
0969-7330=1 #  Nursing ethics !!pppn
1477-0989=1 #  Nursing ethics !!eppn
0003-097X=1 #  Bulletin of the American Schools of Oriental Research !!pppn
0034-4087=0$a1 #  Religious education !!pppn
0022-0256=0 #  Journal of cuneiform studies !!pppn
1552-146X=1 #  The Hastings Center report
0163-4275=1 #  Environmental ethics
1783-1806=0 #  Studies in Interreligious Dialogue
0926-2326=0 #  Studies in Interreligious Dialogue
1867-4240=0 #  Transformierte Buddhismen
1583-0039=0 #  Journal for the Study of Religions and Ideologies
0378-2506=1 #  Byzantion 
2294-6209=1 #  Byzantion
Byzantion=1 #  Byzantion
0944-5706=1 #  Jewish Studies Quarterly
1868-6788=1 #  Jewish Studies Quarterly
2199-4463=0 #  Religion in the Roman Empire
1890-7008 0809-7291=0$a1 #  Nordic journal of religion and society
0003-1224=FID-KRIM-DE-21 #  American sociological review Online Publikation|krimdok
1862-2593=FID-KRIM-DE-21 #  Berliner Journal für Soziologie Online Publikation|krimdok
0268-5809=FID-KRIM-DE-21 #  International sociology Online Publikation|krimdok
2196-8225=FID-KRIM-DE-21 #  Praxis der Kinderpsychologie und Kinderpsychiatrie Online Publikation|krimdok
2190-6238=FID-KRIM-DE-21 #  Psychologische Rundschau Online Publikation|krimdok
1461-7439=FID-KRIM-DE-21 #  Theoretical criminology Online Publikation|krimdok
1438-9460=FID-KRIM-DE-21 #  Zeitschrift für Sexualforschung Online Publikation|krimdok
1890-7008 0809-7291=0$a1 #  Nordic journal of religion and society 
2380-8829=1 # The Covenant Quarterly
0967-8948=0 #  Journal of the British Association for the Study of Religions - formerly DISKUS
2342-7256=0 #  Temenos=nordic journal of comparative religion
1799-3121=0 #  Approaching religion
1677-1222=0 #  Rever=revista de estudos da religião
1475-5610=0 #  Culture and Religion
00224189=0 #  Journal of Religion
1549-6538=0 #  Journal of Religion
0022-4189=0 #  Journal of Religion
1722-4705=0 #  Religioni e società
0394-9397=0 #  Religioni e società
17224705=0 #  Religioni e società
0002-7189 1477-4585=0 #  Journal of the American Academy of Religion
0002-7189=0 #  Journal of the American Academy of Religion
1477-4585=0 #  Journal of the American Academy of Religion
1988-3269=0 #  'Ílu
1135-4712=0 #  'Ílu
0048-721X=0 #  Religion
18630502=1 # Theo-Web Zeitschrift für Religionspädagogik
1863-0502=1 # Theo-Web Zeitschrift für Religionspädagogik
2365-3140=0 #  Interdisciplinary journal for religion and transformation in contemporary society
1983-2850=0 #  Revista Brasileira de História das Religiões 
19832850=0 #  Revista Brasileira de História das Religiões 
2179-0019=0 #  Plura revista de estudos de religião
21790019=0 #  Plura revista de estudos de religião
2175-5841=0 #  Horizonte
2159-6875=1 #  Jonathan Edwards studies
2408-9370=0 #  Journal for religion film and media
2414-0201=0 #  Journal for religion film and media
2572-4088=0 #  Journal of sociology and Christianity
0035-1423=0 #  Histoire des Religions
2191-0456=1 #  Hikma
1869-3296=0$a1 #  Journal of ancient Judaism
1179-7231=0$a1 #  Relegere
1553-9962=0 #  Religion and Society in Central and Eastern Europe
2006-5442=0 #  Journal of religion and human relations
2053-6712=0 #  Secularism and Nonreligion
2509-9957 2509-9965=0 #  International journal of Latin American religions
2509-9965=0 #  International journal of Latin American religions
0022-4197 1573-6571=0 #  Journal of Religion and Health
1573-6571=0 #  Journal of Religion and Health
0022-4197=0 #  Journal of Religion and Health
1467-9809=0 #  Journal of religious history
0034-673X 2211-4866=0 #  Review of Religious Research
2211-4866=0 #  Review of Religious Research
03938417=0 #  Studi e materiali di storia delle religioni
0393-8417=0 #  Studi e materiali di storia delle religioni
1069-4404 1759-8818=0 #  Sociology of religion
1553-3913=0 #  Journal of feminist studies in religion
87554178 15533913=0 #  Journal of feminist studies in religion
1050-8619=0 #  The International Journal for the Psychology of Religion
1468-5906=0 #  Journal for the Scientific Study of Religion
00218294=0 #  Journal for the Scientific Study of Religion
1749-8171=0 #  Religion compass
1092-6690 1541-8480=0 #  Nova religio
1011-7601=0 #  Journal for the Study of Religion
21509301=0 #   Religion and society
2150-9298, 2150-9301=0 #   Religion and society
2150-9301 2150-9298=0 #   Religion and society
2150-9301=0 #   Religion and society
2267-7313=1 #  Histoire monde et cultures religieuses
1689-8311=0 #  European Journal for Philosophy of Religion
00207047=0 #  International Journal for Philosophy of Religion
1572-8684=0 # International Journal for Philosophy of Religion
1359-1835=0 #  Journal of material culture
1460-3586=0 #  Journal of material culture
1534-8423=0 #  Journal of Media and Religion
1888-346X=0 #  Bandue: revista de la Sociedad Española de Ciencias de las Religiones
2035-6455=0 #  Historia Religionum
1743-2200=0 #  Material Religion=The Journal of Objects Art and Belief 
2049-7555 2049-7563=0  #  Journal for the Cognitive Science of Religion
2049-7555=0  #  Journal for the Cognitive Science of Religion
2049-7563=0  #  Journal for the Cognitive Science of Religion
21568022=0 #  Mormon studies Review
2041-1863=0 #  Bulletin for the Study of Religion
2041-1871=0 #  Bulletin for the Study of Religion
0963-7494=0 #  Religion State and Society
0094-7342=0 #  Journal of the Mormon History
00122157=0 #  Dialogue: A Journal of Mormon Thought
0012-2157=0 #  Dialogue: A Journal of Mormon Thought
0392-7288=0 #  Islamochristiana
0304-1042=0 #  Japanese Journal of Religious Studies
1904-8181=0 #  Religionsvidenskabeligt Tidsskrift
23258780=0 #  journal for spiritual and consciousness studies
1527-9472=0 #  Buddhist-Christian Studies
08820945=0 #  Buddhist-Christian Studies
0882-0945=0 #  Buddhist-Christian Studies
0737-769X=0 #  Journal of Chinese Religions
2047704X=0 #  Journal for the Academic Study of Religion
2047-704X=0 #  Journal for the Academic Study of Religion
2047-7058=0 #  Journal for the Academic Study of Religion
2047-704X 2047-7058=0 #  Journal for the Academic Study of Religion
1052-1151 1533-8568=0 #  Religion and American Culture 
1533-8568=0 #  Religion and American Culture 
1052-1151=0 #  Religion and American Culture 
1467-9418=0 #  Reviews in Religion & Theology
23744766=0 #  Journal of Book of Mormon Studies
2374-4774=0 #  Journal of the Book of Mormon Studies
1361-7672=0 #  Journal of Beliefs & Values
1353-7903=0 #  Journal of Contemporary Religion
2154-7270=0 #  International Journal of Cultic Studies
1463-9947=0 #  Contemporary Buddhism
0718-4727=0 #  Revista Cultura & Religión
00128708=0 #  Eastern Buddhist
1743-0615=0 #  Fieldwork in Religion
1743-0623=0 #  Fieldwork in Religion
1743-0615 1743-0623=0 #  Fieldwork in Religion
14639955=0 #  Implicit Religion
1463-9955=0 #  Implicit Religion
14639955 17431697=0 #  Implicit Religion
1527-6457=0 #  Journal of Global Buddhism
2167-2040=0 #  Journal of Korean Religions
2093-7288=0 #  Journal of Korean Religions
1703-289X=0 #  The Journal of Religion and Popular Culture
2153-599X=0 #  Religion Brain & Behavior
1983-7828=0 #  Fragmentos de Cultura
2159-3159=0 #  Greek Roman and Byzantine Studies
0017-3916=0 #  Greek Roman and Byzantine Studies
1757-2460 1757-2479=0 #  Journal for Research into Freemasonry and Fraternalism
1757-2460=0 #  Journal for Research into Freemasonry and Fraternalism
1757-2479=0 #  Journal for Research into Freemasonry and Fraternalism
1357-6275=0 #  Mortality
22366296=0 #  Numen
2236-6296=0 #  Numen
0335-5985=0 #  Archives de sciences sociales des religions
00244414=0$a1 #  Listening Journal of Communication Ethics Religion and Culture
2555-5111=1 #  Journal international de bioéthique et d'éthique des sciences
0035-1784=1 #  Revue de théologie et de philosophie
2297-6469=0 #  Zeitschrift für Religionskunde
2041-3599 1871-7691=1 #  PentecoStudies
2041-3599=1 #  PentecoStudies
1871-7691=1 #  PentecoStudies
18717691=1 #  PentecoStudies
2331-2521=0 #  Journal of disability & religion
2044-0243=0 #  Journal for the Study of Spirituality
1941-1022=0 #  Psychology of Religion and Spirituality
1755-0483 1755-0491=0 #  Politics and Religion
1755-0483=0 #  Politics and Religion
1755-0491=0 #  Politics and Religion
2164-6279=1 #  Journal of Hindu-Christian Studies 
ARC=0$a1 #  ARC
2364-382X=0 #  Gamevironments
0035-2217=0 #  Revue des Sciences Religieuses
1530-5228=1 #  Journal for Cultural and Religious Theory
08944857=1 #  The Merton annual 
0894-4857=1 #  The Merton annual 
0035-6573=1 #  Rivista di storia e letteratura religiosa
2079-7222=0 #  Indo-Pacific Journal of Phenomenology
2154-7270=0 #  International Journal of Cultic Studies
0034-3951=1 #  Religion and Society Print-PPN
2396-9393=0$a1 #  International bulletin of mission research
2396-9393=0$a1 #  International bulletin of mission research
0028-212X=1 #  Nederlands theologisch tijdschrift (NTT: Journal for theology and the study of religion)
0025-8911=1 #  Mélanges de science religieuse
2165-5413=0 #  Journal of Africana Religions
2165-5405=0 #  Journal of Africana Religions
1552-8030=0 #  Journal of Religion Spirituality & Aging
2057-4517=0 #  The Journal of Religious History Literature and Culture
0362-1596=0 #  Parabola
1754-517X=0 #  Journal for late antique religion and culture
Religions=0 #  Religions
08900132=0 #  Journal of interdisciplinary studies
0890-0132=0 #  Journal of interdisciplinary studies
1872-0226=0 #  Contemporary Islam
2196-8802=0 #  International Journal of Dharma Studies
1573-0395=0 #  Journal of Indian Philosophy
0955-2340 1471-6917=0 #  Journal of Islamic Studies
1471-6917=0 #  Journal of Islamic Studies
0955-2340=0 #  Journal of Islamic Studies
0276-1114 1086-3273=0 #  Modern Judaism - A Journal of Jewish Ideas and Experience
0276-1114=0 #  Modern Judaism - A Journal of Jewish Ideas and Experience
1086-3273=0 #  Modern Judaism - A Journal of Jewish Ideas and Experience
1756-4255 1756-4263=0 #  The Journal of Hindu Studies
1756-4255=0 #  The Journal of Hindu Studies
1756-4263=0 #  The Journal of Hindu Studies
1556-3537=0 #  Anthropology of Consciousness
1871-014X=FID-KRIM-DE-21 # Asian Journal of Criminology
0004-8658=FID-KRIM-DE-21 # Australian & New Zealand Journal of Criminology
1894-4183=FID-KRIM-DE-21 # Bergen Journal of Criminal Law & Criminal Justice
1743-4629=FID-KRIM-DE-21 # Crime Prevention and Community Safety
0093-8548=FID-KRIM-DE-21 # Criminal Justice and Behavior
0887-4034=FID-KRIM-DE-21 # Criminal Justice Policy Review
1478-601X=FID-KRIM-DE-21 # Criminal Justice Studies
1748-8958=FID-KRIM-DE-21 # Criminology & Criminal Justice
1132-9955=FID-KRIM-DE-21 # Revista de derecho penal y criminología
1057-5677=FID-KRIM-DE-21 # International Criminal Justice Review
0192-4036=FID-KRIM-DE-21 # International Journal of Comparative and Applied Criminal Justice
1756-0616=FID-KRIM-DE-21 # International Journal of Law, Crime and Justice
0306-624X=FID-KRIM-DE-21 # International Journal of Offender Therapy and Comparative Criminology
1461-3557=FID-KRIM-DE-21 # International Journal of Police Science & Management
0269-7580=FID-KRIM-DE-21 # International Review of Victimology
2161-1874=FID-KRIM-DE-21 # Journal of Addictions & Offender Counseling
1043-9862=FID-KRIM-DE-21 # Journal of Contemporary Criminal Justice
0735-648X=FID-KRIM-DE-21 # Journal of Crime and Justice
2090-7753, 2090-777X=FID-KRIM-DE-21 # Journal of Criminology
2090-7753=FID-KRIM-DE-21 # Journal of Criminology
2090-777X=FID-KRIM-DE-21 # Journal of Criminology
2199-465X=FID-KRIM-DE-21 # Journal of Developmental and Life-Course Criminology
1573-3750, 1572-8315=FID-KRIM-DE-21 # Journal of Experimental Criminology
1572-8315=FID-KRIM-DE-21 # Journal of Experimental Criminology
1573-3750=FID-KRIM-DE-21 # Journal of Experimental Criminology
1573-7799=FID-KRIM-DE-21 # Journal of Quantitative Criminology
2044-8333=FID-KRIM-DE-21 # Legal and Criminological Psychology
1043-9463=FID-KRIM-DE-21 # Policing and Society
0718-3399=FID-KRIM-DE-21 # Política criminal
0032-8855=FID-KRIM-DE-21 # The Prison Journal
0264-5505=FID-KRIM-DE-21 # Probation Journal
1068-316X=FID-KRIM-DE-21 # Psychology, Crime & Law
1462-4745=FID-KRIM-DE-21 # Punishment & Society
0954-6553=FID-KRIM-DE-21 # Terrorism and Political Violence
1362-4806=FID-KRIM-DE-21 # Theoretical Criminology
1936-4830=FID-KRIM-DE-21 # Trends in Organized Crime
0897-4454=FID-KRIM-DE-21 # Women & Criminal Justice
1541-2040=FID-KRIM-DE-21 # Youth Violence and Juvenile Justice
2375-3234=1 # Church, Communication and Culture
1092-6690, 1541-8480=0 # Nova religio
1541-8480=0 # Nova religio
1092-6690=0 # Nova religio
2050-3032=0 # Critical Research on Religion
2056-6093=0 # Journal of Religious and Political Practice
2397-348X=0 # Interreligious Studies and Intercultural Theology
0748-0814, 2163-3088=0 # Journal of Law and Religion
0748-0814=0 # Journal of Law and Religion
2163-3088=0 # Journal of Law and Religion
2617-3697=0$a1 # Journalforreligion,filmandmedia
1930-1200=0$a1 # Contagion: Journal of Violence, Mimesis, and Culture
1557-0274=0$a1 # The Review of Faith & International Affairs
1743-1735=0 # Pomegranate: The International Journal of Pagan Studies
1613-0928=0 # Der Islam
0003-9659=0 # Archives de sociologie des religions
