1550-0195=l
1661-3317=l # Lectio difficilior !!eppn
2363-6696=l # Entangled Religions
1862-5886=l # Zeitschrift für junge Religionswissenschaft
1612-2941=l # Marburg Journal of Religion
1861-5813=l # Online - Heidelberg Journal of Religions on the Internet
1867-4240=l # Transformierte Buddhismen
1583-0039=l # Journal for the Study of Religions and Ideologie
2380-8829=l #The Covenant Quarterly
0555-9308=l # Zeitschrift für Pastoraltheologie
0967-8948=l # Journal of the British Association for the Study of Religions - formerly DISKUS
2342-7256=l # Temenos=nordic journal of comparative religion
1799-3121=l # Approaching religion
1677-1222=l # Rever=revista de estudos da religião
00224189=l # Journal of Religion
1549-6538=l # Journal of Religion
0022-4189=l # Journal of Religion
1138-4972=l # 'Ílu
1135-4712=l # 'Ílu
1139-1529=l # 'Ílu
2312-878X=l # Missionalia
0256-9507=l # Missionalia
2305-445X=l # Scriptura
2365-3140=l # Interdisciplinary journal for religion and transformation in contemporary society
18630502=l #Theo-Web Zeitschrift für Religionspädagogik
1863-0502=l #Theo-Web Zeitschrift für Religionspädagogik
1862-1678=l # theologie.geschichte
1983-2850=l # Revista Brasileira de História das Religiões 
19832850=l # Revista Brasileira de História das Religiões 
2179-0019=l # Plura, revista de estudos de religião
21790019=l # Plura, revista de estudos de religião
2175-5841=l # Horizonte
1092-1311=l # The journal of religion and film
2159-6875=l # Jonathan Edwards studies
2001-8819=l # De Ethica
20018819=l # De Ethica
2408-9370=l # Journal for religion, film and media
2414-0201=l # Journal for religion, film and media
2159-8711=l # Journal for the sociological integration of religion and society
1179-7231=l # Relegere
1553-9962=l # Religion and Society in Central and Eastern Europe
2006-5442=l # Journal of religion and human relations
1980-6736=l # Teocomunicação
2365-6565=l # Ethik und Gesellschaft
2053-6712=l # Secularism and Nonreligion
2011-9771=l # Revista Albertus Magnus
2413-9459=l # Stellenbosch Theological Journal = Stellenbosch Teologiese Joernaal (STJ) 
2176-1078=l # Estudos de religião
1689-8311=kw # European Journal for Philosophy of Religion
0049-3449=l # Teologia y vida
0304-1042=l # Japanese Journal of Religious Studies
0718-4727=l # Revista Cultura & Religión
1983-7828=l # Fragmentos de Cultura
2159-3159=l # Greek, Roman, and Byzantine Studies
0017-3916=l # Greek, Roman, and Byzantine Studies
22366296=l # Numen
2236-6296=l # Numen
1011-7601=l # Journal for the Study of Religion
2589-3998=l # Yearbook of ritual and liturgical studies
1520-7307=l # The Southern Baptist Journal of Theology
2297-6469=l # Zeitschrift für Religionskunde
1930-3777=l # Studies in Christian-Jewish Relations
1904-8181=l # Religionsvidenskabeligt Tidsskrift
2317-4307=l # Revista de Cultura Teológica
2237-6461=l # Estudos Teológicos
Word & World=l # Word & World E-PPN
Detroit Baptist Seminary Journal=l # Detroit Baptist Seminary Journal E-PPN
1015-8758=l # Acta Theologica
10158758=l # Acta Theologica
2309-9089=l # Acta Theologica
1015-8758, 2309-9089=l # Acta Theologica
01188534=l # Asian journal of pentecostal studies
0118-8534=l # Asian journal of pentecostal studies
2304-8557=l # Koers Bulletin for Christian Scholarship
2364-382X=l # Gamevironments
0039-6761=l # Svensk teologisk kvartalskrift
1530-5228=l # Journal for Cultural and Religious Theory
1363-013X=l # Quaker studies
2074-7705=l # Verbum et ecclesia
1609-9982=l # Verbum et ecclesia
