2593-0486=O # Marriage,FamiliesandSpirituality
2589-3998=O # Yearbookofritualandliturgicalstudies
2589-0468=O # BiblischeZeitschrift
2589-045x=O # ArchivfürkatholischesKirchenrecht
2565-7348=O # TijdschriftvoorTheologie
2565-7070=O # Biblica!!pppn
2565-7070=O # Biblica
2555-5111=O # Journalinternationaldebioéthiqueetd'éthiquedessciences
2543-5973=O # AnnalsofTheology/Rocznikiteologiczne
2521-179X=O # TheologicalReflections=Euro-AsianJournalofTheology
2518-4628=O # Neotestamentica
2509-9965=O # InternationaljournalofLatinAmericanreligions
2509-9957,2509-9965=O # InternationaljournalofLatinAmericanreligions
2506-7567=O # RevuedeQumran
2473-3725=O # TheThomist
2470-5616=O # LutheranQuarterly
2466-8583=O # Revuebiblique
2445-2394=O # Vergentis=revistadeinvestigacióndelaCátedraInternacionalconjuntaInocencioIII
2444-684X=A # Analesvalentinos,EscritosdelVedat
2414-0201=O # Journalforreligion,filmandmedia
2413-9459=O # StellenboschTheologicalJournal=StellenboschTeologieseJoernaal(STJ)
2412-4265=O # Studiahistoriaeecclesiasticae
2408-9370=O # Journalforreligion,filmandmedia
2396-9407=O # Internationalbulletinofmissionresearch!!eppn
2396-9393=O # Internationalbulletinofmissionresearch!!pppn
2396-9393,2396-9407=O # Internationalbulletinofmissionresearch
2391-6842=O # AnalectaCracoviensia
2385-2062=O # Biblica
2380-8829=O # TheCovenantQuarterly
2375-6330=O # TheAsburyJournal
2375-3234=O # Church, Communication and Culture
2374-4774=O # JournaloftheBookofMormonStudies
23744766=O # JournalofBookofMormonStudies
2371-2295=O # Œcuménisme/Ecumenism
2365-6565=O # EthikundGesellschaft
2365-3140=O # Interdisciplinaryjournalforreligionandtransformationincontemporarysociety
2364-382X=O # Gamevironments
2363-6696=O # EntangledReligions
2359-8107=O # ReviewofEcumenicalStudiesSibiu
2342-7256=O # Temenos=nordicjournalofcomparativereligion
2331-2521=O # Journalofdisability&religion
2326-6236=O # Thejurist=studiesinchurchlawandministry
2326-2176=O # JournaloftheSocietyofChristianEthics
23258780=A # journalforspiritualandconsciousnessstudies
2317-4307=O # RevistadeCulturaTeológica
2312-878X=O # Missionalia
2309-9089=O # ActaTheologica
2305-445X=O # Scriptura
2304-8557=O # KoersBulletinforChristianScholarship
23048557=O # KoersBulletinforChristianScholarship
2304-4896=A # ZeitschriftderSavigny-StiftungfürRechtsgeschichte/KanonistischeAbteilung
2297-6469=O # ZeitschriftfürReligionskunde
2297-6167=A # Revued'histoireduprotestantisme
2295-6093=O # Augustiniana
2295-5186=A # Theoforum
2295-3027=A # StudiaCanonica
2295-3019=A # StudiaCanonica
2294-9321=O # Judaïsmeancien
2294-6209=O # Byzantion
22911731=O # WesleyandMethodiststudies
22911723=O # WesleyandMethodiststudies
22911723,22911731=O # WesleyandMethodiststudies
2284-7308=A # Perichoresis
2272-9011=O # Etudesthéologiquesetreligieuses!!eppn
2267-7313=A # Histoire,mondeetculturesreligieuses
2254-6219=O # Iuscanonicum
2244-5161=A # Landas
2237-6461=O # EstudosTeológicos
2236-6296=O # Numen
22366296=O # Numen
2222-582X=O # JournalofearlyChristianhistory
2213-056X=O # LIBERQuarterly
2211-4866=O # ReviewofReligiousResearch
2199-4625=O # JournalofReligiousEducation
2199-4463=O # ReligionintheRomanEmpire
21994463,21994471=O # ReligionintheRomanEmpire
2198-0462=A # PraktischeTheologie
2197-0831=O # Pastoraltheologie
2196-8802=O # InternationalJournalofDharmaStudies
2196-8225=O # PraxisderKinderpsychologieundKinderpsychiatrieOnlinePublikation|krimdok
2196-6265=O # JahrbuchfürChristlicheSozialwissenschaften
2195-9773=O # Philosophy,TheologyandtheSciences
2192-2276=O # HebrewBibleandAncientIsrael
2191-0456=A # Hikma
2190-6238=O # PsychologischeRundschauOnlinePublikation|krimdok
2182‑8822=O # LusitaniaSacra
2182-8822=O # LusitaniaSacra
2179-0019=O # Plura,revistadeestudosdereligião
21790019=O # Plura,revistadeestudosdereligião
2176-1078=O # Estudosdereligião
2175-5841=O # Horizonte
2169-3994=O # ConversationswiththeBiblicalWorld
2169-2335=A # Internationaljournalofphilosophyandtheology
2169-2327=O # Internationaljournalofphilosophyandtheology
2169-1304=O # Theologicalstudies
2167-2040=O # JournalofKoreanReligions
2165-5413=O # JournalofAfricanaReligions
2165-5405=O # JournalofAfricanaReligions
2164-6279=O # JournalofHindu-ChristianStudies
2161-8534=O # AmericanCatholicStudies
21618062=O # BulletinoftheAmericanSchoolsofOrientalResearch
2161-007X=A # Counselingandvalues!!eppn
2159-8711=O # Journalforthesociologicalintegrationofreligionandsociety
2159-6875=O # JonathanEdwardsstudies
2159-340X=O # Interpretation=AJournalofBibleandTheology
2159-3159=O # Greek,Roman,andByzantineStudies
21568022=O # MormonstudiesReview
2156-4795=O! # Americanjournaloftheologyandphilosophy
2154-7270=O # InternationalJournalofCulticStudies
2154-7270=O # InternationalJournalofCulticStudies
2153-9650=O # JournalofMedievalReligiousCultures
2153-6945=O # Newmanstudiesjournal
2153-599X=O # Religion,Brain&Behavior
2153-3326=A # Businessethicsquarterly!!eppn
21509301=O # Religionandsociety
2150-9301,2150-9298=O # Religionandsociety
2150-9298,2150-9301=O # Religionandsociety
2093-7288=O # JournalofKoreanReligions
2079-7222=O # Indo-PacificJournalofPhenomenology
2074-7705=O # Verbumetecclesia
2065-5940=O # ReviewofEcumenicalStudiesSibiu
2057-4517=O # TheJournalofReligiousHistory,LiteratureandCulture
2056-9971=O # InternationaljournalofChristianity&education
2056-5666=O # Christianity&literature
2055-7973,2055-7981=O # BritishCatholic
2054-1988=O # JournalofHolyLandandPalestineStudies
2053-6712=O # SecularismandNonreligion
20536267=A # TheHuguenotSocietyJournal
2052-9449=O # Review&expositor!!Druckausgabeausgewertetbis112.2015,4
2051-3623=O # Missiology
2050-3032=O # Critical Research on Religion
2049-7563=A # JournalfortheCognitiveScienceofReligion
2049-7555=A # JournalfortheCognitiveScienceofReligion
2049-7555,2049-7563=A # JournalfortheCognitiveScienceofReligion
2047-7058=O # JournalfortheAcademicStudyofReligion
2047-704X=O # JournalfortheAcademicStudyofReligion
2047704X=O # JournalfortheAcademicStudyofReligion
2047-704X,2047-7058=O # JournalfortheAcademicStudyofReligion
2044-2696=O # Theology
2044-2556=O # Theologytoday
2044-0243=O # JournalfortheStudyofSpirituality
2042-0587=O # Studiesinreligion=Sciencesreligieuses
2041-3599=O # PentecoStudies
2041-3599,1871-7691=O # PentecoStudies
2041-1871=O # BulletinfortheStudyofReligion
2041-1863=O # BulletinfortheStudyofReligion
2041-1863,2041-1871=O # BulletinfortheStudyofReligion
2040-4867=O # Journalofchurchandstate!!eppn
2035-6455=O # HistoriaReligionum
2034-3515=O # JournalofMedievalMonasticStudies
2032-5215=O # ET-StudiesOnlinePublikation-weiteruntengleicheZsmitA
2031-5929=O # AnnalidiScienzeReligiose
2011-9771=O # RevistaAlbertusMagnus
2006-5442=O # Journalofreligionandhumanrelations
2001-8819=O # DeEthica
20018819=O # DeEthica
2001-5828=A # Svensktgudstjänstliv!!eppn
1988-4265=O # HispaniaSacra
1988-3269=O # 'Ílu
1983-7828=O # FragmentosdeCultura
1983-2850=O # RevistaBrasileiradeHistóriadasReligiões
19832850=O # RevistaBrasileiradeHistóriadasReligiões
1980-6736=O # Teocomunicação
1947-8224=O # U.S.CatholicHistorian
1947-6566=O # JournalofMedievalReligiousCultures
1945-9718=O # FranciscanStudies
1941-1022=O # PsychologyofReligionandSpirituality
1939-3881=O # Crosscurrents
19393881=O # Crosscurrents
1934-9645=O # Journalofspiritualityinmentalhealth
1934-9637=O # Journalofspiritualityinmentalhealth
1934-4945=O # JournalofresearchonChristianeducation
1934-1504=O # Quakerhistory
1933-6632=O # JournalofMoravianHistory
19336632,21616310=O # JournalofMoravianHistory
1930-3777=O # StudiesinChristian-JewishRelations
1930-1200=A # Contagion
1918-6371=O # TorontoJournalofTheology
19084862=A # JournalofAsiaAdventistSeminary
1904-8181=O # ReligionsvidenskabeligtTidsskrift
1890-7008=O # Nordicjournalofreligionandsociety
1890-7008,0809-7291=O # Nordicjournalofreligionandsociety
1889-5662=A # FaciesDomini
1888-346X=O # Bandue=revistadelaSociedadEspañoladeCienciasdelasReligiones
1886-4945=O # Cauriensia
1885-0588=A # SeleccionesdeFranciscanismo
1874-6349=O # ActaAnalytica
1873-930X=O # Sophia
1872-0226=O # ContemporaryIslam
1871-7691=O # PentecoStudies
18717691=O # PentecoStudies
1871-2428=A # Churchhistoryandreligiousculture
1871-241X=A # Churchhistoryandreligiousculture
1869-3296=O # JournalofancientJudaism
1869-3261=O # Diaconia
1868-8020=O # EarlyChristianity
1868-7032=O # EarlyChristianity
1868-6788=O # JewishStudiesQuarterly
1867-4240=O # TransformierteBuddhismen
1863-0502=O # Theo-WebZeitschriftfürReligionspädagogik
18630502=O # Theo-WebZeitschriftfürReligionspädagogik
1862-5886=O # ZeitschriftfürjungeReligionswissenschaft
1862-2593=O # BerlinerJournalfürSoziologieOnlinePublikation|krimdok
1862-1678=O # theologie.geschichte
1861-5813=O # Online-HeidelbergJournalofReligionsontheInternet
1861-5813=O # Online-HeidelbergJournalofReligionsontheInternet
1839-2598=O # Pacifica
18277365=O # RivistadiStoriadelCristianesimo
1799-3121=O # Approachingreligion
1783-8401=O # RevueThéologiquedeLouvain
1783-2446=A # JournaloftheEuropeanSocietyofWomeninTheologicalResearch-AbspeicherungmitZauberstaub!AufsätzeanStücktitel!
1783-1814=O # Studiesinspirituality
1783-1806=O # StudiesinInterreligiousDialogue
1783-1709=O # QuestionsLiturgiques/StudiesinLiturgy
1783-1652=O # OnsGeestelijkErf
1783-1474=A # INTAMSreview
1783-1431=O # EthicalPerspectives
1783-1423=O # EphemeridestheologicaeLovanienses
1771-1347=O # Réforme,humanisme,renaissance
1768-9260=O # Revued'EtudesAugustiniennesetPatristiques
1759-8818=O # Sociologyofreligion
1758-6631=O # Internationalreviewofmission!!eppn
1758-6623=O # Theecumenicalreview!!eppn
1757-2479=O # JournalforResearchintoFreemasonryandFraternalism
1757-2460=O # JournalforResearchintoFreemasonryandFraternalism
1757-2460,1757-2479=O # JournalforResearchintoFreemasonryandFraternalism
1756-4263=O # TheJournalofHinduStudies
1756-4255=O # TheJournalofHinduStudies
1756-4255,1756-4263=O # TheJournalofHinduStudies
1756-073X=O # PracticalTheology
1755-2613=O # Churchhistory!!eppn
1755-0491=O # PoliticsandReligion
1755-0483=O # PoliticsandReligion
1755-0483,1755-0491=O # PoliticsandReligion
1754-517X=O # Journalforlateantiquereligionandculture
1752-0738=O # Reformation
1749-8171=O # Religioncompass
1749-4907=O # Journalforthestudyofreligion,natureandculture
1749-4915=O # Journalforthestudyofreligion,natureandculture
17494907=O # JournalfortheStudyofReligion,NatureandCulture
1749-4907,1749-4915=O # JournalfortheStudyofReligion,NatureandCulture
1748-0922=O # Religiousstudiesreview
1747-0234=O # InternationaljournalforthestudyoftheChristianchurch
1745-5316=A # Ecclesiology!!hierkeindirekterDownlaod,sondernüberZotero-button
1745-5308=O # TheExpositorytimes
1745-5294=O # JournalforthestudyoftheNewTestament!!hierkeindirekterDownlaod,sondernüberbuttonabstracts # ansonstenkeineISSN-Übernahme!!
1745-5286=O # Journalforthestudyofthepseudepigrapha!!eppn
1745-5251=A # Journalofpentecostaltheology!!pppn-inZ.140mitppngemappt=dieseZ.löschen?
1745-5251=A # Journalofpentecostaltheology
1745-5235=O # StudiesinChristianethics
1745-5227=A # Aramaicstudies
1745-5200=O # Currentsinbiblicalresearch
1745-5189=O # Feministtheology
1744-4195=O # Christianbioethics
1744-4195=O # Christianbioethics
1743-2200=O # MaterialReligion=TheJournalofObjects,ArtandBelief
1743-1719=O # Politicaltheology
1743-1301=A # Palestineexplorationquarterly
1743-0623=O # FieldworkinReligion
1743-0615=O # FieldworkinReligion
1743-0615,1743-0623=O # FieldworkinReligion
1741-2005=O # NewBlackfriars
1740-3553,1745-5278=O # JournalofAnglicanStudies
1722-4705=O # Religioniesocietà
17224705=O # Religioniesocietà
1703-289X=O # TheJournalofReligionandPopularCulture
1697-2104=O # CollectaneaChristianaorientalia
1689-8311=O # EuropeanJournalforPhilosophyofReligion
1677-1222=O # Rever=revistadeestudosdareligião
1666-7832=O # DavarLogos
1661-3317=O # Lectiodifficilior!!eppn
1612-9776=A # JournalfortheHistoryofModernTheology//ZeitschriftfürNeuereTheologiegeschichte
1612-2941=O # MarburgJournalofReligion
1609-9982=O # Verbumetecclesia
1594-3445=A # Barnabitistudi
1591-2957=A # Archivioteologicotorinese
1590-6833=O # Hermeneutica
15906833=O # Hermeneutica
1583-0039=O # JournalfortheStudyofReligionsandIdeologies
1574-3012=A # Religionandtheology
1574-3012=A # Religion&theology!!eppn
1573-6679=O # Pastoralpsychology!!eppn
1573-6571=O # JournalofReligionandHealth
1573-322X=A # Journalofagriculturalandenvironmentalethics!!eppn
1573-0697=O # Journalofbusinessethics
1573-0395=O # JournalofIndianPhilosophy
1572-8609=O # TheJournalofEthics
1572-8447=O # Ethicaltheoryandmoralpractice
1572-8366=A # Agricultureandhumanvalues!!eppn
1572-543X=A # Exchange!!eppn
1570-0739=A # ZeitschriftfürReligions-undGeistesgeschichte
1570-0720=A # VigiliaeChristianae!!eppn
1570-0682=A # Method&theoryinthestudyofreligion
1570-0674=A # Medievalencounters
1570-0666=A # JournalofreligioninAfrica
1570-0631=A # JournalforthestudyofJudaism!!eppn
1568-5365=A # NovumTestamentum!!eppn
1568-5330=A # VetusTestamentum!!eppn
1568-5292=A # Religionandthearts
1568-5276=A # NumenEISSN
1568-5179=A # DeadSeadiscoveries!!eppn
1568-5179=A # DeadSeadiscoveries
1568-5152=A # Biblicalinterpretation!!eppn
1568-5152=A # Biblicalinterpretation
1556-3537=O # AnthropologyofConsciousness
1553-9962=O # ReligionandSocietyinCentralandEasternEurope
1553-3913=O # Journaloffeministstudiesinreligion
8755-4178=O # Journaloffeministstudiesinreligion
1552-8030=O # JournalofReligion,Spirituality&Aging
1552-146X=O # TheHastingsCenterreport!!eppn
1550-4891=O # Culturalencounters
1550-0195=A # JournalofUnitarianUniversalistHistory
1549-6538=O # JournalofReligion
1545-6935=O # Historyofreligions
1541-8480=O # Novareligio
1541-8480=O # Nova religio
1540-6385=O # Dialog!!eppn
1535-3117=A # Spiritus!!eppn
1534-8423=O # JournalofMediaandReligion
1533-8568=O # ReligionandAmericanCulture
1533-791X=O # Logos
1530-5228=O # JournalforCulturalandReligiousTheory
1527-9472=O # Buddhist-ChristianStudies
1527-6457=O # JournalofGlobalBuddhism
1520-7307=O # TheSouthernBaptistJournalofTheology
1495-7922=A # Theoforum
1492-1413=O # Théologiques
1478-1913=O # TheMuslimWorld
1478-0542=O # HistoryCompass
1477-8556=O # JournalofSemiticstudies!!eppn
1477-8351=A # Aramaicstudies
1477-4623=O # LiteratureandTheology
1477-4607=O # Thejournaloftheologicalstudies!!eppn
1477-4585=O # JournaloftheAmericanAcademyofReligion
1477-0989=A # Nursingethics!!eppn
1476-9948=O # BlackTheology
1476-993X=O # Currentsinbiblicalresearch!!Druckausgabeausgewertetbis14.2015=genauer=nur14.2015,1
1476993X=O # Currentsinbiblicalresearch
1476-8690=A # JournalforthestudyofthehistoricalJesus
1476-6728=O # JournalforthestudyoftheOldTestament!!hierkeindirekterDownlaod,sondernüberbuttonabstracts # ansonstenkeineISSN-Übernahme!!
1475-5610=O # CultureandReligion
1475-4517=O # TheHarvardtheologicalreview
1475-3065=O # ScottishJournalofTheology
1474-6700=O # Theologyandscience
1474-225X=O # InternationaljournalforthestudyoftheChristianchurch
1473-4257=A # Journalofmedicalethics!!eppn
1472-2089=A # Internationalcongregationaljournal
14722089=A # Internationalcongregationaljournal
1471-6917=O # JournalofIslamicStudies
1469-901X=O # Religiousstudies
1469-8145=O # NewTestamentstudies
1469-5103=O # Thehistoricaljournal
1469-2147=O # Cambridgequarterlyofhealthcareethics
1469-2147=O # CambridgeQuarterlyofHealthcareEthics
1468-5906=O # JournalfortheScientificStudyofReligion
1468-2400=O # Internationaljournalofsystematictheology!!eppn
1468-2303=O # Historyandtheory
1468-2265=O # TheHeythropjournal
1468-0025=O # ModerntheologyPrint-PPNEISSN
1468-0025=O # Moderntheology!!eppn
1467-9809=O # Journalofreligioushistory
1467-9795=O # Journalofreligiousethics
1467-9744=O # Zygon
1467-9647=O # Teachingtheology&religion
1467-9647=O # Teachingtheology&religion
1467-9418=O # ReviewsinReligion&Theology
1467-8608=O # Businessethics=AEuropeanReview
1467-8519=O # Bioethics
1466-769X=O # Nursingphilosophy!!eppn
1465-3877=O # Journalofmoraleducation
14639955=O # ImplicitReligion
1463-9955=O # ImplicitReligion
14639955,17431697=O # ImplicitReligion
1743-1697=O # ImplicitReligion
1463-9947=O # ContemporaryBuddhism
1463-1652=O # Internationaljournalofsystematictheology!!pppn
14631652=O # Internationaljournalofsystematictheology!!pppn
1462-317X=O # Politicaltheology
1462-3153=A # JournalfortheAramaicbible!!pppn
1462-3153=A # JournalfortheAramaicbible!!eppn
1462-2459=O # Reformation&Renaissancereview
1461-7439=O # TheoreticalcriminologyOnlinePublikation|krimdok
1461-7404=O # Socialcompass
1460-3586=O # Journalofmaterialculture
1451-3455=A # Philotheos
1438-9460=O # ZeitschriftfürSexualforschungOnlinePublikation|krimdok
1437-1618=A # EthikinderMedizin
1386-2820=O # Ethicaltheoryandmoralpractice
1386-2820=A # Ethicaltheoryandmoralpractice!!pppn
1386-2820,1572-8447=O # Ethicaltheoryandmoralpractice
1380-7854=A # Medievalencounters
1380-3603=O # Christianbioethics
1380-3603=O # Christianbioethics
1380-3603,1744-4195=O # Christianbioethics
1370-6020=A # INTAMSreview!!sieheweitererEintragoben-AbspeicherungmitZauberstaub!
1368-4868=O # Teachingtheology&religion
1364-436X=O # Internationaljournalofchildren'sspirituality!!pppn
1364436X=O # Internationaljournalofchildren'sspirituality!!pppn
1363-7320=A # Ecotheology!!pppn
1363-013X=O # Quakerstudies
1363-013X,2397-1770=O # Quakerstudies
1361-7672=O # JournalofBeliefs&Values
1359-1835=O # Journalofmaterialculture
1357-6275=O # Mortality
1357-4175=O # Reformation
1355-8358=O # Theology&sexuality!!pppn
1354-9901=O # Studiesinworldchristianity!!pppn
13549901=O # Studiesinworldchristianity!!pppn
1353-7903=O # JournalofContemporaryReligion
1344-7297=A # TheJapanmissionjournal
13447297=A # TheJapanmissionjournal
1323-6377=A # UnitingChurchStudies
1270-2056=O # Théophilyon
1266-0078=O # Revued'éthiqueetdethéologiemorale
1216-7827=A # Shaman
1209-9392=A # WomeninJudaism
1203-1542=A # ThejournalofHebrewscriptures!!eppn
1188-7109=O # Théologiques
1188-7109,1492-1413=O # Théologiques
1187-7863=A # Journalofagriculturalandenvironmentalethics!!pppn
1179-7231=O # Relegere
1155-3316=O # Apocrypha
1135-4712=O # 'Ílu
1133-0104=A # AnuariodehistoriadelaIglesia
1127-2171=A # Studisull'OrienteCristiano
1126-6244=A # Adamantius
1124-1225=A # Hagiographica
1124-1179=A # Quaderni di diritto ecclesiale
1122-5661=A # Recollectio
1120-8333=A # RicercheTeologiche
1120-4001=A # AnnalidiStoriadell’Esegesi
1120267X=A # Teologia,rivistadellaFacoltàTeologicadell'ItaliaSettentrionale
1100-2298=O # Svenskexegetiskårsbok
1099-0046=A # Reviewofbiblicalliterature!!pppn
1097-6566=O # Stone-Campbelljournal
1094-2076=O # NearEasternarchaeology!!pppn
10942076,23255404=O # NearEasternarchaeology!!pppn
1092-6690=O # Novareligio
1092-6690=O # Nova religio
1092-6690,1541-8480=O # Novareligio
1092-6690, 1541-8480=O # Nova religio
1092-1311=O # Thejournalofreligionandfilm
1091-6687=A # Logos=ajournalofcatholicthoughtandculture!!pppn
1090-5642=O # TheAsburyJournal
1089-7747=O # TC=AJournalofBiblicalTextualCriticism
10897747=O # TC=AJournalofBiblicalTextualCriticism
1089-7747=A # TC!!eppn
1088-6923=A # Affirmation&Critique
1086-3273=O # ModernJudaism-AJournalofJewishIdeasandExperience
1086-3249=A # KennedyInstituteofEthicsjournal
1086-3222=O # Journalofthehistoryofideas
1086-3184=O # JournalofearlyChristianstudies
1079-9265=A # Religionandthearts
1075-7201=A # Contagion
1071-8257=A # Josephinumjournaloftheology
1069-4404=O # Sociologyofreligion
1069-4404,1759-8818=O # Sociologyofreligion
1067-6341=O # JournalofearlyChristianstudies
1065-6219=O # JournalofresearchonChristianeducation
1065-223X=A # BulletinoftheBiblicalResearch
1065223X=A # BulletinoftheBiblicalResearch
1063-8512=A # Proecclesia
10626549=O # Cistercianstudiesquarterly
1062-6549=O # Cistercianstudiesquarterly
1052-150X=A # Businessethicsquarterly!!pppn
1052-1151=O # ReligionandAmericanCulture
1052-1151,1533-8568=O # ReligionandAmericanCulture
1052-1151,1533-8568=O # ReligionandAmericanCulture
1051-3558=O # AmericanCatholicPhilosophicalQuarterly
10513558=O # AmericanCatholicPhilosophicalQuarterly
1050-8619=O # TheInternationalJournalforthePsychologyofReligion
1050-4125=A # ChristianstudiesapublicationoftheFacultyofAustinGraduateSchoolofTheology
1030-570X=O # Pacifica
1026-2946=A # AfricaJournalofEvangelicalTheology
1025-6555,1814-2036=O # MitteilungenzurChristlichenArchäologie
1023-0807=A # Religionandtheology
1017-0499=O # Studiahistoriaeecclesiasticae
1015-8758=O # ActaTheologica
10158758=O # ActaTheologica
1015-8758,2309-9089=O # ActaTheologica
1011-7601=O # JournalfortheStudyofReligion
1010-9919=O # oldtestamentessays
1010-7215=A # Lateranum
0969-7330=A # Nursingethics!!pppn
0967-8948=O # JournaloftheBritishAssociationfortheStudyofReligions-formerlyDISKUS
0966-7369=A # Journalofpentecostaltheology
0966-7350=O # Feministtheology
09667350=O # Feministtheology
0963-7494=O # Religion,StateandSociety
0963-1801=O # Cambridgequarterlyofhealthcareethics
0963-1801=O # CambridgeQuarterlyofHealthcareEthics
0963-1801,1469-2147=O # CambridgeQuarterlyofHealthcareEthics
0962-8770=O # Businessethics=AEuropeanReview
09602720=O # EuropeanJournalofTheology
09602720=A # Europeanjournaloftheology
0959-6410=O # IslamandChristian-Muslimrelations!!pppn
0955-2340=O # JournalofIslamicStudies
0955-2340,1471-6917=O # JournalofIslamicStudies
0954-4194=O # Science&Christianbelief
09544194=O # Science&Christianbelief
0953-9468=O # StudiesinChristianethics
09539468=O # StudiesinChristianethics
0951-8207=O # Journalforthestudyofthepseudepigrapha!!pppn
09518207=O # Journalforthestudyofthepseudepigrapha!!pppn
0946-3518=A # PraktischeTheologie
0944-5706=O # JewishStudiesQuarterly
0943-7592=A # JournalfortheHistoryofModernTheologyüberDegruyter=4213Hauptsacht.bis14.2007=ZeitschriftfürneuereTheologiegeschichte;@Grotz=als„…$h1-2“(stattmitQuerstrich=„…$h1/2“)
0943-3058=A # Method&theoryinthestudyofreligion
0938-5320=A # PraktischeTheologie
0935-7335=A # EthikinderMedizin
0932-9951=O # KirchlicheZeitgeschichteInternationaleZeitschriftfürTheologieundGeschichtswissenschaft
09329951=O # KirchlicheZeitgeschichteInternationaleZeitschriftfürTheologieundGeschichtswissenschaft
0932-9951,2196-808X=O # KirchlicheZeitgeschichteInternationaleZeitschriftfürTheologieundGeschichtswissenschaft
0929-0761=A # DeadSeadiscoveries
0926-6453=O # Studiesinspirituality
0926-2326=O # StudiesinInterreligiousDialogue
0901-8328=O # ScandinavianjournaloftheOldTestament
0894-4857=O # TheMertonannual
08944857=O # TheMertonannual
0892-5712=O # CriswellTheologicalReview
0891-5881=A # Dialogueandalliance
0890-2461=O # Philosophy&theology
0890-1112=A # Journalofritualstudies
0890-0132=O # Journalofinterdisciplinarystudies
08900132=O # Journalofinterdisciplinarystudies
0889-048X=A # Agricultureandhumanvalues!!pppn
0888-3769=A # Religionandliterature
0887-1760=O # Mid-Americajournaloftheology
0884-5379=O # fidesethistoria
08845379=O # fidesethistoria
0883-0053=O # Exauditu
0882-0945=O # Buddhist-ChristianStudies
08820945=O # Buddhist-ChristianStudies
0826-9831=O # TorontoJournalofTheology
08194920=O # Phronema
0809-7291=O # Nordicjournalofreligionandsociety
0802-0167=O # Nordicjournalofreligionandsociety
0778-8304=O # Trajecta
07788304=O # Trajecta
0774-5524=A # Questionsliturgiques
0771-7776=O # Sacriserudiri
0745-3698=A # AmericanBaptistQuarterly
0739-8913=O # ChristianEducationJournal
0737-769X=O # JournalofChineseReligions
0733-4273=O # JournalofpsychologyandChristianity
07334273=O # JournalofpsychologyandChristianity
0727-3215=O # AustalasianCatholicRecord
0720-6259=O # Pastoraltheologie
0718-9273=O # Veritas=RevistadeFilosofíayTeología
0718-4727=O # RevistaCultura&Religión
0717-4675=O # Veritas=RevistadeFilosofíayTeología
07174675=O # Veritas=RevistadeFilosofíayTeología
0716-1662=A # AnuariodehistoriadelaIglesiaenChile
0591-2385=O # Zygon
0588-3237=O # Colloquium
0588-3237=A # Colloquium
0585-766X=A # Studiumrevistadefilosofíayteología
0580-1400=A # MünchenertheologischeZeitschrift
0573-2018=A # Compostellanum
0569-9789=A # Analectacalasanctiana
0559-2186=A # ScriptoriumVictoriense
0555-9308=O # ZeitschriftfürPastoraltheologie
0544-9073=A # MonteCarmelo
0521-8195=A # Burgense
0495-1549=A # Teologíaespiritual
0486-5642=O # Restorationquarterly
0470-3790=A # Naturalezaygracia
0458-063X=O # Liturgy
0456-8494=A # Lumen
0449-508X=A # Journalofpastoralcounseling!!pppn
0449-508X=A # Journalofpastoralcounseling!!eppn
0425-340X=A # Estudioagustiniano
0425-1466=A # EphemeridesMariologicae
0394-9397=O # Religioniesocietà
03938417=O # Studiematerialidistoriadellereligioni
0393-8417=O # Studiematerialidistoriadellereligioni
03933849=A # Rivistadiscienzedell'educazione
0393-3849=A # Rivistadiscienzedell'educazione
0392-7288=A # Islamochristiana
0392-4556=A # Teresianum
0392-2855=A # AnalectaAugusiniana
0392-2359=A # Apollinaris
0384-9694=O # Journalofreligiousethics
03849694=O # Journalofreligiousethics
0383-431X=O # Œcuménisme/Ecumenism
03799557=O # Theologicalreview
0378-2506=O # Byzantion
0362-1596=A # Parabola
0361-0160=O # TheSixteenthCenturyJournal
03610160=O # TheSixteenthCenturyJournal
0360-9669,2050-8557=O # Horizons
0360-9669=O # Horizons
2050-8557=O # Horizons
0360-8808=O # JournaloftheEvangelicalTheologicalSociety
0360-6503=O # Processstudies
0360-6503=O # Processstudies
03606503=O # Processstudies
0360-3032=A # Trinityjournal
03449254=A # UnitasFratrum
0342-2356=A # Ugarit-Forschungen
0342-1465=A # UnaSancta
0342-0914=A # Lutherjahrbuch
0341-9479=O # BlätterfürwürttembergischeKirchengeschichte
03419479=O # BlätterfürwürttembergischeKirchengeschichte
0341-7905=O # Erwachsenenbildung
0340-6407=A # OriensChristianus
0340-6210=O # Luther
0340-6083=O # GöttingerPredigtmeditationen
0335-5985=O # Archivesdesciencessocialesdesreligions
0323-4142=A # ZeitschriftderSavigny-StiftungfürRechtsgeschichte/KanonistischeAbteilung
0319-485X=O # Religiousstudiesreview
0316-5345=A # ScienceetEsprit
0309-0892=O # JournalforthestudyoftheOldTestament!!hierkeindirekterDownlaod,sondernüberbuttonabstracts # ansonstenkeineISSN-Übernahme!!
03090892=O # JournalforthestudyoftheOldTestament
0306-624X=O # International journal of offender therapy and comparative criminology | krim
0305-7240=O # Journalofmoraleducation
0304-1042=O # JapaneseJournalofReligiousStudies
0283-8486=A # Journalofprehistoricreligion
0276-1114=O # ModernJudaism-AJournalofJewishIdeasandExperience
0276-1114,1086-3273=O # ModernJudaism-AJournalofJewishIdeasandExperience
0275-5270=O # WordandWorld
0272-6122=O # InternationalBulletinofMissionResearch
0270-2533=O # TrinitySeminaryReview
02702533=O # TrinitySeminaryReview
0269-9702=O # Bioethics
0269-1205=O # LiteratureandTheology
0269-1205,1477-4623=O # LiteratureandTheology
0268-5809=O # InternationalsociologyOnlinePublikation|krimdok
0266-7177=O # ModerntheologyPrint-PPNPISSN
0265-4539=A # TheScottishbulletinofevangelicaltheology
0265-3788=O # Transformation
0256-9507=O # Missionalia
0254-8356,2518-4628=O # Neotestamentica
0254-4407=A # Zwingliana
0253-620X=A # Indiantheologicalstudies
0253-3812=A # Theology&life
0251-4788=A # TaiwanJournalofTheology
0229-2807=A # ARC
0214-2996=A # Filologíaneotestamentaria
0212-1964=A # Teologíaycatequesis
0212-1964=A # Teologíaycatequesis
0212-1964=A # Teologíaycatequesis
0211-7096=A # Urgellia
0211-612X=A # Revistaagustiniana
0211-5255=A # ArchivoDominicano
0211-4011=A # Liceofranciscano
0211-2582=A # Misionesextranjeras
0211-2035=A # Archivoagustiniano
0210-7112=O # Revistaespañoladeteología
0210-7074=A # Estudiosjosefinos
0210-5225=A # Sinite
0210-4393=A # Estudiosfranciscanos
0210-3877=A # Phase
0210-3133=A # Escritosdelvedat
0210-2900=O # Mayéutica
0210-1629=A # ArchivoteológicoGranadino
0210-1610=O # Estudioseclesiásticos
0210-0851=A # Moralia=revistadecienciasmorales
0210-0525=A # Estudios
0210-0460=A # Analesvalentinos
0210-0398=A # CienciaTomista
0210-0363=A # Estidiostrinitarios
0209-0864=O # AnalectaCracoviensia
0194-3448=O # Americanjournaloftheologyandphilosophy
01943448,21564795=O # Americanjournaloftheologyandphilosophy
0193-6212=A # Presbyterion
0179-7239=O # KircheundIsrael
0178-2967=O # BiblischeNotizen
0178-1626=A # ForumKatholischeTheologie
0174-9927=O # Pastoraltheologie
0172-6943=A # PietismusundNeuzeit
0169-7536=O # ZeitschriftfürDialektischeTheologie
0167-4544=O # Journalofbusinessethics
0163-4275=A # Environmentalethics!!pppn
0163-4275=A # Environmentalethics!!eppn
0148-3331=O # Christianity&literature
01483331=O # Christianity&literature
0146-1079=O # BiblicalTheologyBulletin
0145-7233=O # Concordiajournal!!pppn
0145-7233=O # Concordiajournal!!eppn
0144-8722=A # Sobornost
01448153=O # EvangelicalReviewofTheology
0144-8153=O # Evangelicalreviewoftheology
0142-064X=O # JournalforthestudyoftheNewTestament!!hierkeindirekterDownlaod,sondernüberbuttonabstracts # ansonstenkeineISSN-Übernahme!!
0142064X=O # JournalforthestudyoftheNewTestament
0141-6200=O # Britishjournalofreligiouseducation
0119-3228=A # JournalofAsianMission
0118-8534=O # Asianjournalofpentecostalstudies
01188534=O # Asianjournalofpentecostalstudies
0107-4164=O # Grundtvig-Studier
0105-3191=A # DanskTeologiskTidsskrift
01053191=A # DanskTeologiskTidsskrift
0104-0073=O # VoxScripturae
0101-8434=A # Revistaeclesiásticabrasileira
0098-9444=A # Biblicalarchaeologyreview!!pppn
0098-9444=A # Biblicalarchaeologyreview!!eppn
0094-7342=O # JournaloftheMormonHistory
0094-5323=O # Augustinianstudies
00945323=O # Augustinianstudies
0094-2065=A # Communio
0093-531X=A # Perspectivesinreligiousstudies
0092-6558=A # JournaloftheInterdenominationalTheologicalCenter
0092-4245=A # Wesleyantheologicaljournal
0091-8296=O # Missiology
00916471=O # Journalofpsychologyandtheology!ohneBindestrichimZoterofeld
0091-6471=O # Journalofpsychologyandtheology
0084-005X,1813-3924=O # WienerStudien
0082-7118=A # TyndaleBulletin
0081-8933=O # Liberannuus
0080-5459=O # FranciscanStudies
0076-5872=O # Mediaevalstudies
00765872=O # Mediaevalstudies
0075-2681=O # JahrbuchfürLiturgikundHymnologie
0075-2584=A # JahrbuchfürchristlicheSozialwissenschaften
00752541=O # JahrbuchfürAntikeundChristentum
0071-2086=A # Étudesgrégoriennes
0067-6535=A # Biblicalresearch
00666785=O # ArchivumHistoriaePontificiae
0066-6386=A # ArchivfürLiturgiewissenschaft
0065-7638=O # ProceedingsoftheAmericanCatholicPhilosophicalAssociation
00657638=O # ProceedingsoftheAmericanCatholicPhilosophicalAssociation
0049-366X=A # TheologieundGlaube
0049-3449=O # Teologiayvida
0049-3449,0717-6295=O # Teologiayvida
0049-2353=A # Stromata
0048-7988=O # Revued'Histoiredel'EglisedeFrance
0048-721X=O # Religion
0048-1009=A # NovumTestamentum
0047-8105=O # Moreana
0047-2867=A # !015194620!JournalofTheologyforSouthernAfrica
0045-0308=A # Australianbiblicalreview
00450308=A # Australianbiblicalreview
0044-3549=O # ZeitschriftfürTheologieundKirche
0044-3441=A # ZeitschriftfürReligions-undGeistesgeschichte
0044-3123=O # ZeitschriftfürMissionswissenschaftundReligionswissenschaft
0044-3123=A # ZeitschriftfürMissionswissenschaftundReligionswissenschaft
0044-2690=A # ZeitschriftfuerEvangelischesKirchenrecht
0043-941X=A # Worship.Areviewconcernedwiththeproblemsofliturgicalrenewal
0043-4388=A # WestminsterTheologicalJournal
00434388=A # WestminsterTheologicalJournal
0043-2873=A # ProceedingsoftheWesleyHistoricalSociety
0043-2547=O # DieWeltdesOrients
00432547=O # DieWeltdesOrients
0043-2040=O # WegezumMenschen
0042-3718=A # Verdadyvida
0041-2945=A # TriererTheologischeZeitschrift
0040-5736=O # Theologytoday
00405736=O # Theologytoday
0040-571X=O # Theology
0040-5698=O # TheologischeRundschau
0040-5671=A # TheologischeLiteraturzeitung!!pppn
0040-5639=O # Theologicalstudies
00405639=O # Theologicalstudies
0040-5620=A # Theologicaleducation
0039-7946=O # Syria.Archéologie,artethistoire
0039-6761=O # SwedishTheologicalQuarterly
0039-6761=O # Svenskteologiskkvartalskrift
0039-338X=O # Studiatheologica
0039-3258=A # Studiamonastica
0039-3207=O # Studialiturgica
0038-8610=O # ConcordiaTheologicalQuarterly
0038-1527,1873-930X=O # Sophia
00378887=O # ArchivumhistoricumSocietatisIesu
0037-7686=O # Socialcompass
0036-9764=O # ScriptaTheologica
0036-9306=O # ScottishJournalofTheology
0036-9306,1475-3065=O # ScottishJournalofTheology
0036-4703=A # Sapientia
0036-3537=A # Salmanticensis
0036-3227=O # St.Vladimir'stheologicalquarterly
0035-7812=O # RömischeQuartalschriftfürchristlicheAltertumskundeundKirchengeschichte
0035-6573=A # Rivistadistoriaeletteraturareligiosa
0035-2403=A # Revued'histoireetdephilosophiereligieuses
0035-2381=O # Revued'histoireecclésiastique
0035-2217=A # RevuedesSciencesReligieuses
0035-2209=A # RevuedesSciencesPhilosophiquesetThéologiques
0035-1784=O # Revuedethéologieetdephilosophie
0035-1725=O # RevuedeQumran
0035-1423=O # HistoiredesReligions
0035-0893=O # Revuebénédictine
0034-8147=A # Revistadeespiritualidad
0034-7078=A # Revistabíblica
0034-673X,2211-4866=O # ReviewofReligiousResearch
0034-6373=O # Review&Expositor
0034-429X=O # RenaissanceandReformation/RenaissanceetRéforme
0034-4125=O # Religiousstudies
0034-4125,1469-901X=O # Religiousstudies
0034-4087=O # Religiouseducation!
0034-3951=A # ReligionandSocietyPrint-PPN
0034-3072=O # Reformedtheologicalreview
0034-3056=A # ReformedWorld
0034-1258=O # Recherchesdesciencereligieuse
00339644=A # RassegnadiTeologia
0033-5053=O # Quakerhistory
0033-1767=A # Protestantesimo
0032-9622=A # Proche-Orientchrétien
0031-8159=O # PhilosophischeRundschau
00318159=O # PhilosophischeRundschau
1868-7261=O # PhilosophischeRundschau
0031-529X=A # Periodicadirecanonica
0031-2827=O # Pastoraltheologie
0031-2789=O # Pastoralpsychology!!pppn
00312789=O # Pastoralpsychology
0031-2789,1573-6679=O # Pastoralpsychology
0031-0328=A # Palestineexplorationquarterly
0030-6487=A # OstkirchlicheStudien
0030-5839=A # TheOrthodoxword
0030-5375=A # Orientaliachristianaperiodica
0030-5367=O # Orientalia
0030-252X=O # OneinChrist
0029-5973=A # NumenPISSN
0029-4845=O # Nouvellerevuethéologique
0029-4500=A # Religionandliterature
0028-6885=O # NewTestamentstudies
0028-6885,1469-8145=O # NewTestamentstudies
0028-212X=O # Nederlandstheologischtijdschrift(NTT=Journalfortheologyandthestudyofreligion)
0026587X=A # MiscellaneaFrancescana
0026-1238=O # MethodistHistory
0025-9373=O # TheMennonitequarterlyreview
00259373=O # TheMennonitequarterlyreview
0025-8911=A # Mélangesdesciencereligieuse
0024-6964=O # LouvainStudies
0024-5895=A # Logos=ajournalofEasternChristianStudies
0024-5100=A # LiturgischesJahrbuch!!pppn
0024-5100=A # LiturgischesJahrbuch!!eppn
00244414=A # Listening,JournalofCommunicationEthics,Religion,andCulture
0023-9054,1703-8804=O # Lavalthéologiqueetphilosophique
0023-9054=O # Lavalthéologiqueetphilosophique
1703-8804=O # Lavalthéologiqueetphilosophique
0023-0707=O # KerygmaundDogma
0022-5762=A # Judaism!!pppn
0022-5762=A # Judaism!!eppn
0022-5185=O # Thejournaloftheologicalstudies!!pppn
0022-5185,1477-4607=O # Thejournaloftheologicalstudies!!eppn
0022-5037=O # Journalofthehistoryofideas
0022-4480=O # JournalofSemiticstudies!!pppn
0022-4480,1477-8556=O # JournalofSemiticStudies
0022-4235=A # Thejournalofreligiousthought!!pppn
0022-4235=A # Thejournalofreligiousthought!!eppn
0022-4200=A # JournalofreligioninAfrica
0022-4197=O # JournalofReligionandHealth
0022-4197,1573-6571=O # JournalofReligionandHealth
0022-4189=O # JournalofReligion
00224189=O # JournalofReligion
0022-2968=O # JournalofNearEasternStudies
0022-2097=A # ThejournalofJewishstudies!!pppn-inZ.29mitppngemappt=dieseZ.löschen?
0022-2097=A # ThejournalofJewishstudies
0022-0558=A # Journalofecumenicalstudies!!pppn
0022-0469,1469-7637=O # TheJournalofEcclesiasticalHistory
0022-0469=O # TheJournalofEcclesiasticalHistory
1469-7637=O # TheJournalofEcclesiasticalHistory
0022-0256=A # Journalofcuneiformstudies!!pppn
0021-969X=O # Journalofchurchandstate!!pppn
0021-969X,2040-4867=O # Journalofchurchandstate
00219231=O # Journalofbiblicalliterature!!eppn
0021-9231=O # JournalofBiblicalLiterature
0021-9231=A # Journalofbiblicalliterature!!eppn
00218294=O # JournalfortheScientificStudyofReligion
0021-325X=O # Iuscanonicum
0021325X=O # Iuscanonicum
0021-3209=A # Itinerarium
0021-2423=A # Istina
0021-1400=O # Irishtheologicalquaterly
0021-0978=A # Irénikon
0020-9643=O # Interpretation=AJournalofBibleandTheology
0020-8582=O # Internationalreviewofmission!!eppn
00208582=O # Internationalreviewofmission!!eppn
1572-8684=O # InternationalJournalforPhilosophyofReligion
0020-7047=O # InternationalJournalforPhilosophyofReligion
00207047=O # InternationalJournalforPhilosophyofReligion
0020-157X=O # InnesReview
0019-4530=A # Indianchurchhistoryreview
0018-4276=O # HomiletischeMonatshefte
0018-2710=O # Historyofreligions
0018-2656=O # Historyandthoery
0018-2613=A # HistorischeZeitschrift
0018-246X=O # Thehistoricaljournal
0018-215X=O # HispaniaSacra
00180645=A # HerderKorrespondenz
0018-0645=A # HerderKorrespondenz
0017-8160=O # TheHarvardtheologicalreview
0017-8160,1475-4517=O # TheHarvardtheologicalreview
0017-4114=A # Gregorianum
0017-3916=O # Greek,Roman,andByzantineStudies
0017-2251=O # Christianscholar’sreview
00172251=O # Christianscholar’sreview
0016-5921=O # GeistundLeben
00165921=O # GeistundLeben
0014-701X=A # Faithandfreedom
0014-5246=O # TheExpositorytimes
00145246=O # TheExpositorytimes
0014-5246,1745-5308=O # TheExpositorytimes
0014-3367=A # Evangelicalquarterly
00143367=A # Evangelicalquarterly
0014-2239=O # Etudesthéologiquesetreligieuses!!pppn
0014-2239,2272-9011=O # Etudesthéologiquesetreligieuses!!pppn+eppn
0014-1437=O # EstudiosBiblicos
0013-9513=O # EphemeridestheologicaeLovanienses
00128708=O # EasternBuddhist
0012-5806=O # TheDownsidereview!!Druckausgabeausgewertetbis133.2015,470
0012-2157=O # Dialogue A Journal of Mormon Thought
00122157=O # Dialogue A Journal of Mormon Thought
0011-1953=O # Crosscurrents
00111953=O # Crosscurrents
0010-5236=A # Concilium-EnglischeAusgabe!!!!
00105236=A # Concilium-EnglischeAusgabe!!!!
0010-3713=O # Communioviatorum
0010-3497=O # CommunicatioSocialis
0009-7756=A # CiudaddeDios
0009-7497=A # Citeaux-CommentariiCistercienses
00097497=A # Citeaux-CommentariiCistercienses
0009-661X=A # Churchman
0009-6407=O # Churchhistory!!pppn
0009-6407,1755-2613=O # ChurchHistory
0009-5753=A # Christianitytoday!!pppn
0009-5753=A # Christianitytoday!!eppn
0009-5281=A # TheChristiancentury!!pppn
0009-5281=A # TheChristiancentury!!eppn
0008-8501=O # Catholica
0008-8080=O # Thecatholichistoricalreview
00088080=O # Thecatholichistoricalreview
0008-7912=O # Thecatholicbiblicalquarterly!!pppn
00087912=O # Thecatholicbiblicalquarterly!!pppn
0008-6673=A # Carmelus
0008-4298=O # Studiesinreligion=Sciencesreligieuses
0007-4322=A # Bulletindelittératureecclésiastique
0006-2014=A # BiblischeZeitschrift
0006-1921=O # BibliothecaSacra
0006-0895=A # TheBiblicalarcheologist!!pppn
0006-0887=O # Biblica
0006-0585=A # Bibbiaeoriente
0005-576X=O # Baptistquarterly
00055719=O # Baptisthistoryandheritage
0004-802X=A # Augustinus
0004-8011=O # Augustinianum
0004-4970=A # Asprenas
0004-0665=A # ArchivumFranciscanumhistoricum
0004-0452=A # Archivoibero-americano
0003-9160=O # ArchivfürkatholischesKirchenrecht
0003-9160,2589-045x=O # ArchivfürkatholischesKirchenrecht
0003-6064=A # Antonianum
00033286=O # Anglicantheologicalreview!!eppp
0003-3286=O # Anglicantheologicalreview!!eppp
0003-2980=O # AndrewsUniversitySeminarystudies
0003-2468=O # AnalectaBollandiana
0003-1224=O # AmericansociologicalreviewOnlinePublikation|krimdok
0003-097X=O # BulletinoftheAmericanSchoolsofOrientalResearch!!pppn
0003097X=O # BulletinoftheAmericanSchoolsofOrientalResearch
0003097X=O # BulletinoftheAmericanSchoolsofOrientalResearch
0003097X,21618062=O # BulletinoftheAmericanSchoolsofOrientalResearch
0003097X,21618062=O # BulletinoftheAmericanSchoolsofOrientalResearch
0003-0279=A # JournaloftheAmericanOrientalSociety!!pppn
0002-7650=A # TheAmericanBenedictineReview
00027650=A # TheAmericanBenedictineReview
0002-7189=O # JournaloftheAmericanAcademyofReligion
0002-7189,1477-4585=O # JournaloftheAmericanAcademyofReligion
00027049=O # America
0002-7049=A # America!!pppn
2605-5147=O # Estudios eclesiásticos
2593-0265=O # TheoLogica: An International Journal for Philosophy of Religion and Philosophical Theology
0074-0160=A # Anthologica annua
1064-9867=O # Journal of Pastoral Theology
08883769=O # Religion & Literature
0888-3769=O # Religion & Literature
2056-6093=O # Journal of Religious and Political Practice
0021-2059=O # Israel exploration journal
1529-1634=A # Philosophia Christi
1827-7977=O # Bollettino dell'Archivio per la storia del movimento sociale cattolico in Italia
0364-0094, 1475-4541=O # AJS Review
0364-0094=O # AJS Review
1475-4541=O # AJS Review
2055-7973, 2055-7981=O # British Catholic History
2055-7973=O # British Catholic History
2055-7981=O # British Catholic History
2627-6062=O # Journal of Ethics in Antiquity and Christianity
2397-348X=O # Interreligious Studies and Intercultural Theology
0896-8039=A # Anglican and Episcopal History
0748-0814, 2163-3088=O # Journal of Law and Religion
0748-0814=O # Journal of Law and Religion
2163-3088=O # Journal of Law and Religion
1047-7845=O # Journal of Religious & Theological Information
2046-5726=O # Medieval Mystical Theology
1751-8342=O # Material religion : the journal of objects, art and belief
