0044-3441=0; 1  # Zeitschrift für Religions- und Geistesgeschichte
1570-0739=0; 1  # Zeitschrift für Religions- und Geistesgeschichte
1862-5886=0  # Zeitschrift für junge Religionswissenschaft
1612-2941=0  # Marburg Journal of Religion
2363-6696=0  # Entangled Religions
0943-3058=0  # Method and theory in the study of religion
1570-0682=0  # Method and theory in the study of religion
0141-6200=0; 1  # British Journal of Religious Education
1749-4907=0; 1  # Journal for the study of religion, nature and culture
17494907=0; 1  # Journal for the Study of Religion, Nature and Culture
1749-4907, 1749-4915=0; 1  # Journal for the Study of Religion, Nature and Culture
1094-2076=1  # Near Eastern archaeology
1574-3012=0; 1  # Religion & theology
1023-0807=0; 1  # Religion & theology
0022-5762=0; 1  # Judaism
1570-0631=0; 1  # Journal for the study of Judaism
0022-4480=0; 1  # Journal of Semitic studies !!pppn
1477-8556=0; 1  # Journal of Semitic studies !!eppn
0022-4235=0; 1  # The journal of religious thought
0022-2097=0; 1  # The journal of Jewish studies
0003-0279=0; 1  # Journal of the American Oriental Society
0591-2385=0  # Zygon
1467-9744=0  # Zygon
0891-5881=0  # Dialogue and alliance
0037-7686=0; 1  # Social compass
1461-7404=0; 1  # Social compass
0018-2613=0; 1  # Historische Zeitschrift
1135-4712=0  # 'Ílu
0888-3769=0; 1  # Religion and literature
0029-4500=0; 1  # Religion and literature
0034-4125=0  # Religious studies 
1469-901X=0  # Religious studies
0034-4125, 1469-901X=0  # Religious studies
0018-2710=0  # History of religions
1545-6935=0  # History of religions
0384-9694=0; 1  # Journal of religious ethics
1467-9795=0; 1  # Journal of religious ethics
0022-4200=0  # Journal of religion in Africa
1570-0666=0  # Journal of religion in Africa
1092-6690=0  # Nova religio
1541-8480=0  # Nova religio
1079-9265=0; 1  # Religion and the arts
1568-5292=0; 1  # Religion and the arts
0008-4298=0  # Studies in religion = Sciences religieuses
2042-0587=0  # Studies in religion = Sciences religieuses
1380-7854=0; 1  # Medieval encounters
1570-0674=0; 1  # Medieval encounters
0319-485X=0  # Religious studies review
1748-0922=0  # Religious studies review
0497-1817=0; 1  # Temenos
2342-7256=0; 1  # Temenos
0890-1112=0  # Journal of ritual studies
0011-1953=0; 1  # Cross currents
1939-3881=0; 1  # Cross currents
00111953=0; 1  # Cross currents
19393881=0; 1  # Cross currents
0229-2807=0; 1  # ARC
1934-9637=0; 1  # Journal of spirituality in mental health
1934-9645=0; 1  # Journal of spirituality in mental health
1023-0807=0; 1  # Religion and theology  
1574-3012=0; 1  # Religion and theology
0926-6453=1  # Studies in spirituality
1783-1814=1  # Studies in spirituality
0809-7291=0; 1  # Nordic journal of religion and society 
0802-0167=0; 1  # Nordic journal of religion and society
1890-7008=0; 1  # Nordic journal of religion and society 
1069-4404=0; 1  # Sociology of religion
1759-8818=0; 1  # Sociology of religion
0029-5973=0  # Numen PISSN
1568-5276=0  # Numen EISSN
0935-7335=0; 1  # Ethik in der Medizin 
1437-1618=0; 1  # Ethik in der Medizin
1209-9392=0; 1  # Women in Judaism
0305-7240=0; 1  # Journal of moral education !!pppn
1465-3877=0; 1  # Journal of moral education !!eppn
0269-9702=0; 1  # Bioethics !!pppn
1467-8519=0; 1  # Bioethics !!eppn
1468-2303=0; 1  # History and theory !!eppn
0018-2656=0; 1  # History and theory !!pppn
1092-1311=0  # The journal of religion and film
1086-3222=0; 1  # Journal of the history of ideas !!eppn
0022-5037=0; 1  # Journal of the history of ideas !!pppn
1469-5103=0; 1  # The historical journal !!eppn
0018-246X=0; 1  # The historical journal !!pppn
1469-2147=0; 1  # Cambridge quarterly of healthcare ethics !!eppn
0963-1801=0; 1  # Cambridge quarterly of healthcare ethics !!pppn
0014-701X=0  # Faith and freedom
0283-8486=0  # Journal of prehistoric religion
1861-5813=0  # Online - Heidelberg Journal of Religions on the Internet
0342-2356=0; 1  # Ugarit-Forschungen
1086-3249=0; 1  # Kennedy Institute of Ethics journal
0889-048X=0; 1  # Agriculture and human values !!pppn
1572-8366=0; 1  # Agriculture and human values !!eppn
1187-7863=0; 1  # Journal of agricultural and environmental ethics !!pppn
1573-322X=0; 1  # Journal of agricultural and environmental ethics !!eppn
1468-2265=0; 1  # Heythrop journal !!eppn
1364-436X=0; 1  # International journal of children's spirituality !!pppn
1364436X=0; 1  # International journal of children's spirituality
0959-6410=0; 1  # Islam and Christian-Muslim relations !!pppn
1203-1542=0; 1  # The journal of Hebrew scriptures !!eppn
1467-9647=1  # Teaching theology & religion !!eppn
1473-4257=0; 1  # Journal of medical ethics !!eppn
0969-7330=0; 1  # Nursing ethics !!pppn
1477-0989=0; 1  # Nursing ethics !!eppn
0003-097X=0; 1  # Bulletin of the American Schools of Oriental Research !!pppn
0034-4087=0; 1  # Religious education !!pppn
0022-0256=0; 1  # Journal of cuneiform studies !!pppn
1552-146X=0; 1  # The Hastings Center report
0163-4275=0; 1  # Environmental ethics
1783-1806=0; 1  # Studies in Interreligious Dialogue
0926-2326=0; 1  # Studies in Interreligious Dialogue
1867-4240=0  # Transformierte Buddhismen
1583-0039=0  # Journal for the Study of Religions and Ideologies
0378-2506=0; 1  # Byzantion 
2294-6209=0, 1  # Byzantion
Byzantion=0; 1  # Byzantion
0944-5706=0; 1  # Jewish Studies Quarterly
2199-4463=0  # Religion in the Roman Empire
1890-7008, 0809-7291=0; 1  # Nordic journal of religion and society
0003-1224=FID-KRIM-DE-21  # American sociological review Online Publikation|krimdok
1862-2593=FID-KRIM-DE-21  # Berliner Journal für Soziologie Online Publikation|krimdok
0268-5809=FID-KRIM-DE-21  # International sociology Online Publikation|krimdok
2196-8225=FID-KRIM-DE-21  # Praxis der Kinderpsychologie und Kinderpsychiatrie Online Publikation|krimdok
2190-6238=FID-KRIM-DE-21  # Psychologische Rundschau Online Publikation|krimdok
1461-7439=FID-KRIM-DE-21  # Theoretical criminology Online Publikation|krimdok
1438-9460=FID-KRIM-DE-21  # Zeitschrift für Sexualforschung Online Publikation|krimdok
1890-7008, 0809-7291=0; 1  # Nordic journal of religion and society 
2380-8829=1  #The Covenant Quarterly
0967-8948=0  # Journal of the British Association for the Study of Religions - formerly DISKUS
2342-7256=0  # Temenos=nordic journal of comparative religion
1799-3121=0  # Approaching religion
1677-1222=0; 1  # Rever=revista de estudos da religião
1475-5610=0; 1  # Culture and Religion
00224189=0  # Journal of Religion
1549-6538=0  # Journal of Religion
0022-4189=0  # Journal of Religion
1722-4705=0  # Religioni e società
0394-9397=0  # Religioni e società
17224705=0  # Religioni e società
0002-7189=0  # Journal of the American Academy of Religion
1477-4585=0  # Journal of the American Academy of Religion
1138-4972=0  # 'Ílu
1135-4712=0  # 'Ílu
1139-1529=0  # 'Ílu
0048-721X=0  # Religion
18630502=1  #Theo-Web Zeitschrift für Religionspädagogik
1863-0502=1  #Theo-Web Zeitschrift für Religionspädagogik
2365-3140=0  # Interdisciplinary journal for religion and transformation in contemporary society
1983-2850=0  # Revista Brasileira de História das Religiões 
19832850=0  # Revista Brasileira de História das Religiões 
2179-0019=0; 1  # Plura, revista de estudos de religião
21790019=0; 1  # Plura, revista de estudos de religião
2175-5841=0  # Horizonte
2159-6875=1  # Jonathan Edwards studies
2408-9370=0; 1  # Journal for religion, film and media
2414-0201=0; 1  # Journal for religion, film and media
2159-8711=0; 1  # Journal for the sociological integration of religion and society
0035-1423=0  # Histoire des Religions
2191-0456=0  # Hikma
1869-3296=0; 1  # Journal of ancient Judaism
1179-7231=0; 1  # Relegere
1553-9962=0  # Religion and Society in Central and Eastern Europe
2006-5442=0  # Journal of religion and human relations
2053-6712=0  # Secularism and Nonreligion
2509-9957, 2509-9965=0  # International journal of Latin American religions
0022-4197, 1573-6571=0  # Journal of Religion and Health
1573-6571=0  # Journal of Religion and Health
0022-4197=0  # Journal of Religion and Health
1467-9809=0  # Journal of religious history
0034-673X, 2211-4866=0; 1  # Review of Religious Research
03938417=0  # Studi e materiali di storia delle religioni
1069-4404, 1759-8818=0; 1  # Sociology of religion
1553-3913=0; 1  # Journal of feminist studies in religion
87554178, 15533913=0; 1  # Journal of feminist studies in religion
1050-8619=0; 1  # The International Journal for the Psychology of Religion
1468-5906=0; 1  # Journal for the Scientific Study of Religion
00218294=0; 1  # Journal for the Scientific Study of Religion
1749-8171=0  # Religion compass
1092-6690, 1541-8480=0  # Nova religio
1011-7601=0  # Journal for the Study of Religion
21509301=0  #  Religion and society
2150-9298, 2150-9301=0  #  Religion and society
2150-9301=0  #  Religion and society
2267-7313=0; 1  # Histoire, monde et cultures religieuses
1689-8311=0; 1  # European Journal for Philosophy of Religion
00207047=0; 1  # International Journal for Philosophy of Religion
1359-1835=0  # Journal of material culture
1460-3586=0  # Journal of material culture
1534-8423=0; 1  # Journal of Media and Religion
1888-346X=0  # Bandue: revista de la Sociedad Española de Ciencias de las Religiones
2035-6455=0  # Historia Religionum
1743-2200=0  # Material Religion=The Journal of Objects, Art and Belief 
2049-7555, 2049-7563=0 # Journal for the Cognitive Science of Religion
2049-7555=0 # Journal for the Cognitive Science of Religion
2049-7563=0 # Journal for the Cognitive Science of Religion
21568022=0  # Mormon studies Review
2041-1863, 2041-1871=0  # Bulletin for the Study of Religion
2041-1863=0  # Bulletin for the Study of Religion
2041-1871=0  # Bulletin for the Study of Religion
0963-7494=0  # Religion, State and Society
0094-7342=0  # Journal of the Mormon History
00122157=0  # Dialogue: A Journal of Mormon Thought
0392-7288=0; 1  # Islamochristiana
0304-1042=0  # Japanese Journal of Religious Studies
1904-8181=0  # Religionsvidenskabeligt Tidsskrift
23258780=0  # journal for spiritual and consciousness studies
1527-9472=0; 1  # Buddhist-Christian Studies
08820945=0; 1  # Buddhist-Christian Studies
0882-0945=0; 1  # Buddhist-Christian Studies
0737-769X=0  # Journal of Chinese Religions
2047704X=0  # Journal for the Academic Study of Religion
2047-704X=0  # Journal for the Academic Study of Religion
1031-2943, 1744-9014=0  # Journal for the Academic Study of Religion
1052-1151, 1533-8568=0; 1  # Religion and American Culture 
1533-8568=0; 1  # Religion and American Culture 
1052-1151=0; 1  # Religion and American Culture 
1467-9418=0; 1  # Reviews in Religion & Theology
23744766=0  # Journal of Book of Mormon Studies
2374-4774=0  # Journal of the Book of Mormon Studies
1361-7672=0  # Journal of Beliefs & Values
1353-7903=0; 1  # Journal of Contemporary Religion
2154-7270=0  # International Journal of Cultic Studies
1463-9947=0  # Contemporary Buddhism
0718-4727=0  # Revista Cultura & Religión
00128708=0  # Eastern Buddhist
1743-0615=0  # Fieldwork in Religion
1743-0623=0  # Fieldwork in Religion
1743-0615, 1743-0623=0  # Fieldwork in Religion
14639955=0  # Implicit Religion
1463-9955=0  # Implicit Religion
14639955, 17431697=0  # Implicit Religion
1527-6457=0  # Journal of Global Buddhism
2167-2040=0  # Journal of Korean Religions
2093-7288=0  # Journal of Korean Religions
1703-289X=0  # The Journal of Religion and Popular Culture
2153-599X=0  # Religion, Brain & Behavior
1983-7828=0  # Fragmentos de Cultura
2159-3159=0  # Greek, Roman, and Byzantine Studies
0017-3916=0  # Greek, Roman, and Byzantine Studies
1757-2460, 1757-2479=0  # Journal for Research into Freemasonry and Fraternalism
1757-2460=0  # Journal for Research into Freemasonry and Fraternalism
1757-2479=0  # Journal for Research into Freemasonry and Fraternalism
1357-6275=0  # Mortality
22366296=0  # Numen
2236-6296=0  # Numen
0335-5985=0  # Archives de sciences sociales des religions
00244414=0  # Listening, Journal of Communication Ethics, Religion, and Culture
2555-5111=0; 1  # Journal international de bioéthique et d'éthique des sciences
0035-1784=O  # Revue de théologie et de philosophie
2047704X=0  # Journal for the Academic Study of Religion
1031-2943, 1744-9014=0  # Journal for the Academic Study of Religion
1052-1151, 1533-8568=0; 1  # Religion and American Culture
2297-6469=0; 1  # Zeitschrift für Religionskunde
2041-3599, 1871-7691=0; 1  # PentecoStudies
2041-3599=0; 1  # PentecoStudies
1871-7691=0; 1  # PentecoStudies
18717691=0; 1  # PentecoStudies
2331-2521=0  # Journal of disability & religion
2044-0243=0  # Journal for the Study of Spirituality
1941-1022=0  # Psychology of Religion and Spirituality
1755-0483, 1755-0491=0; 1  # Politics and Religion
1755-0483=0; 1  # Politics and Religion
1755-0491=0; 1  # Politics and Religion
2164-6279=1  # Journal of Hindu-Christian Studies 
ARC=0; 1  # ARC
2364-382X=0  # Gamevironments
0035-2217=0; 1  # Revue des Sciences Religieuses
1530-5228=0  # Journal for Cultural and Religious Theory
08944857=0; 1  # The Merton annual 
0894-4857=0; 1  # The Merton annual 
1012-8093=FID-KRIM-DE-21 # Acta criminologica
0748-0814, 2163-3088=0 # Journal of Law and Religion
2163-3088=0 # Journal of Law and Religion
0748-0814=0 # Journal of Law and Religion
2159-6808=0 # Journal of Religion and Violence
1216-7827=0 # Shaman
2057-4517=0 # The Journal of Religious History, Literature and Culture
0718-9273=1 # Veritas
1572-8447=1 # Ethical Theory and Moral Practice
0003-2980=1 # Andrews University Seminary Studies
2295-2837=1 # Counseling et spiritualité / Counselling and Spirituality
0210-1610=1 # Estudios Eclesiásticos. Revista teológica de investigación e información
0254-8356, 2518-4628=1 # Neotestamentica
0254-8356=1 # Neotestamentica
2518-4628=1 # Neotestamentica
1547-9080=1 # Newman Studies Journal
1945-9718=1 # Franciscan Studies
1871-014X=FID-KRIM-DE-21 # Asian Journal of Criminology
0004-8658=FID-KRIM-DE-21 # Australian & New Zealand Journal of Criminology
1894-4183=FID-KRIM-DE-21 # Bergen Journal of Criminal Law & Criminal Justice
1743-4629=FID-KRIM-DE-21 # Crime Prevention and Community Safety
0093-8548=FID-KRIM-DE-21 # Criminal Justice and Behavior
0887-4034=FID-KRIM-DE-21 # Criminal Justice Policy Review
1478-601X=FID-KRIM-DE-21 # Criminal Justice Studies
1748-8958=FID-KRIM-DE-21 # Criminology & Criminal Justice
1132-9955=FID-KRIM-DE-21 # Revista de derecho penal y criminología
1057-5677=FID-KRIM-DE-21 # International Criminal Justice Review
0192-4036=FID-KRIM-DE-21 # International Journal of Comparative and Applied Criminal Justice
1756-0616=FID-KRIM-DE-21 # International Journal of Law, Crime and Justice
0306-624X=FID-KRIM-DE-21 # International Journal of Offender Therapy and Comparative Criminology
1461-3557=FID-KRIM-DE-21 # International Journal of Police Science & Management
0269-7580=FID-KRIM-DE-21 # International Review of Victimology
2161-1874=FID-KRIM-DE-21 # Journal of Addictions & Offender Counseling
1043-9862=FID-KRIM-DE-21 # Journal of Contemporary Criminal Justice
0735-648X=FID-KRIM-DE-21 # Journal of Crime and Justice
2090-7753, 2090-777X=FID-KRIM-DE-21 # Journal of Criminology
2090-7753=FID-KRIM-DE-21 # Journal of Criminology
2090-777X=FID-KRIM-DE-21 # Journal of Criminology
2199-465X=FID-KRIM-DE-21 # Journal of Developmental and Life-Course Criminology
1573-3750, 1572-8315=FID-KRIM-DE-21 # Journal of Experimental Criminology
1572-8315=FID-KRIM-DE-21 # Journal of Experimental Criminology
1573-3750=FID-KRIM-DE-21 # Journal of Experimental Criminology
1573-7799=FID-KRIM-DE-21 # Journal of Quantitative Criminology
2044-8333=FID-KRIM-DE-21 # Legal and Criminological Psychology
1043-9463=FID-KRIM-DE-21 # Policing and Society
0718-3399=FID-KRIM-DE-21 # Política criminal
0718-3399=FID-KRIM-DE-21 # Política criminal


