0211-2035=l # Archivo agustiniano (88)
1660-5578=l # Hermeneutische Blätter (3571)
2444-4170=l # Behavior & Law Journal
0017-2251=l # Christian scholar's review (227)
2792-3045=l # Archivo agustiniano (88)
2532-2990=l # The Journal of CESNUR (3480)
2070-5484=l # The International Journal for Religious Freedom (IJRF) (481)
2447-7443=l # Vox scripturae (1227)
2033-4273=l # ET-Studies (329)
2773-2096=l # Handelingen (433)
1407-7841=l # Cel̜š (3651)
1210-3640=l # Religio / Česká Společnost pro Religionistiku (1485)
0015-5357=KF # Foi & vie (398)
0209-0872=l # Ruch biblijny i liturgiczny
0033-5088=l # Quaker religious thought : QRT
2620-0163=l # Philotheos : international journal for philosophy and theology
1451-3455=l # Philotheos : international journal for philosophy and theology
2651-7418=l # Philippiniana sacra
0115-9577=l # Philippiniana sacra
0038-4828=l # Southwestern journal of theology
2305-445X=l # Scriptura : international journal of bible, religion and theology in Southern Africa
1504-6605=l # Norsk tidsskrift for misjonsvitenskap
0213-0742=l # Miscellània litúrgica catalana
1015-6798=l # Musik und Gottesdienst : Zeitschrift für evangelische Kirchenmusik
2182-8822=l # Lusitania sacra : revista do Centro de Estudos de Historia Religiosa
0121-4799=l # Medellín : teología y pastoral para América Latina_ rev. del Instituto Pastoral del CELAM
1783-2446=l # Journal of the European Society of Women in Theological Research
0082-7118=l # Tyndale Bulletin (ab volume 72 (2021))
2174-0887=l # Anuario de historia de la Iglesia
2605-5147=l # Estudios eclesiásticos : revista trimestral de investigaciòn e informaciòn teològica, publ
2595-5977=l # Revista Eclesiástica Brasileira
0034-8147=l # Revista de espiritualidad
2695-4397=l # Archivo Teológico Granadino
0038-8610=l # Concordia theological quarterly (Link ändern!)
0106-6749=l # Kritisk forum for praktisk teologi
0034-9372=l # Revista española de derecho canónico (IKR)
2450-4629=l # Annuarium Iuris Canonici (ikr/Dakar)
0948-0471=l # De processibus matrimonialibus (IKR)
2605-3357=l # Vergentis (Kaldi) (Z=2915)
IXTH-0001=l # The journal of gods and monsters
2815-1828=l # Asia journal of theology
2353-4877=l # Ecumeny and Law
2413-2470=l # Revista Theologika
1018-1539=l # Österreichisches Religionspädagogisches Forum
2633-0695=l # Journal for Interdisciplinary Biblical Studies
0173-0339=l # Religionspädagogische Beiträge
2748-6419=l # Advances in Ancient, Biblical, and Near Eastern Research
2468-5534=l # Journal of Islamic Ethics
2385-8907=l # Edinost in dialog
0569-9789=l # Analecta calasanctiana
0144-8153=l # Evangelical Review of Theology (Link ändern!)
0030-252X=l # One in Christ
0012-2157=l # Dialogue: A Journal of Mormon Thought
2699-5433=l # Theologische Revue
2359-8107=l # Review of Ecumenical Studies Sibiu
1804-6444=l # Journal of European Baptist Studies
2284-7308=l # Perichoresis
2413-9467=l # STJ | Stellenbosch Theological Journal
2077-1444=l # Religions
2199-1960=l # DWI-Jahrbuch – Diakoniewissenschaft in Forschung und Lehre
2516-6379=l # Journal of the British Association for the Study of Religion (JBASR)
2520-4696=l # European Journal of Philosophy, Culture and Religion
25204696=l # European journal of philosophy, culture and religion
0776-3824=l # Kernos
2034-7871=l # Kernos
2504-5156=l # Vulgata in Dialogue. A Biblical On-Line Review
1661-3317=l # Lectiodifficilior!!eppn
2363-6696=l # EntangledReligions
1862-5886=l # ZeitschriftfürjungeReligionswissenschaft
1612-2941=l # MarburgJournalofReligion
1861-5813=l # Online-HeidelbergJournalofReligionsontheInternet
1867-4240=l # TransformierteBuddhismen
1583-0039=l # JournalfortheStudyofReligionsandIdeologie
2380-8829=l # TheCovenantQuarterly
0555-9308=l # ZeitschriftfürPastoraltheologie
0967-8948=l # JournaloftheBritishAssociationfortheStudyofReligions-formerlyDISKUS
2342-7256=l # Temenos=nordicjournalofcomparativereligion
1799-3121=l # Approachingreligion
1677-1222=l # Rever=revistadeestudosdareligião
2312-878X=l # Missionalia
0256-9507=l # Missionalia
0254-1807=l # Scriptura
2365-3140=l # Interdisciplinaryjournalforreligionandtransformationincontemporarysociety
1863-0502=l # Theo-WebZeitschriftfürReligionspädagogik
1862-1678=l # theologie.geschichte
1983-2850=l # RevistaBrasileiradeHistóriadasReligiões
2179-0019=l # Plura revistadeestudosdereligião
2175-5841=l # Horizonte
1092-1311=l # Thejournalofreligionandfilm
2159-6875=l # JonathanEdwardsstudies
2001-8819=l # DeEthica
20018819=l # DeEthica
2408-9370=l # Journalforreligion filmandmedia
2414-0201=l # Journalforreligion filmandmedia
2572-4088=l # Journalforthesociologicalintegrationofreligionandsociety
1179-7231=l # Relegere
1553-9962=l # ReligionandSocietyinCentralandEasternEurope
2006-5442=l # Journalofreligionandhumanrelations
1980-6736=l # Teocomunicação
2365-6565=l # EthikundGesellschaft
2053-6712=l # SecularismandNonreligion
2500-5413=l # RevistaAlbertusMagnus
2413-9459=l # StellenboschTheologicalJournal=StellenboschTeologieseJoernaal(STJ)
2176-1078=l # Estudosdereligião
0049-3449=l # Teologiayvida
0717-6295=l # Teologiayvida
0304-1042=l # JapaneseJournalofReligiousStudies
0718-4727=l # RevistaCultura&Religión
1983-7828=l # FragmentosdeCultura
2159-3159=l # Greek Roman andByzantineStudies
0017-3916=l # Greek Roman andByzantineStudies
2236-6296=l # Numen
1011-7601=l # JournalfortheStudyofReligion
2589-3998=l # Yearbookofritualandliturgicalstudies
1520-7307=l # TheSouthernBaptistJournalofTheology
2297-6469=l # ZeitschriftfürReligionskunde
1930-3777=l # StudiesinChristian-JewishRelations
1904-8181=l # ReligionsvidenskabeligtTidsskrift
2317-4307=l # RevistadeCulturaTeológica
2237-6461=l # EstudosTeológicos
Word&World=l # Word&WorldE-PPN
DetroitBaptistSeminaryJournal=l # DetroitBaptistSeminaryJournalE-PPN
1015-8758=l # ActaTheologica
0118-8534=l # Asianjournalofpentecostalstudies
2304-8557=l # KoersBulletinforChristianScholarship
2364-382X=l # Gamevironments
1530-5228=l # JournalforCulturalandReligiousTheory
2397-1770=l # Quakerstudies
1363-013X=l # Quakerstudies
2074-7705=l # Verbumetecclesia
1609-9982=l # Verbumetecclesia
0104-0073=l # VoxScripturae
0030-252X=l # OneinChrist
2079-7222=l # Indo-PacificJournalofPhenomenology
2445-2394=l # Vergentis=revistadeinvestigacióndelaCátedraInternacionalconjuntaInocencioIII
2375-6330=l # TheAsburyJournal
1090-5642=l # TheAsburyJournal
10897747=l # TC=AJournalofBiblicalTextualCriticism
1089-7747=l # TC=AJournalofBiblicalTextualCriticism
07174675=l # Veritas=RevistadeFilosofíayTeología
0717-4675=l # Veritas=RevistadeFilosofíayTeología
0718-9273=l # Veritas=RevistadeFilosofíayTeología
2543-5973=l # AnnalsofTheology/Rocznikiteologiczne
ReviewofEcumenicalStudiesSibiu=l # ReviewofEcumenicalStudiesSibiu
2065-5940=l # ReviewofEcumenicalStudiesSibiu
2359-8107=l # ReviewofEcumenicalStudiesSibiu
1697-2104=l # Collectanea Christiana orientalia
2386-7442=l # Collectanea Christiana orientalia
1754-517X=l # Journalforlateantiquereligionandculture
Religions=l # Religions
2196-8802=l # InternationalJournalofDharmaStudies
2213-056X=l # LIBERQuarterly
1988-3269=l # 'Ílu
1135-4712=l # 'Ílu
1988-4265=l # HispaniaSacra
0018-215X=l # HispaniaSacra
2375-3234=l # Church, Communication and Culture
2375-3242=l # Church, Communication and Culture
2593-0265=l # TheoLogica: An International Journal for Philosophy of Religion and Philosophical Theology
1010-9919=l # Old Testament Essays
2312-3621=l # Old Testament Essays
2627-6062=l # Journal of Ethics in Antiquity and Christianity
2617-3697=l # Journalforreligion,filmandmedia
0104-0073=l # Vox scripturae
0023-1827=l # Kirchliches Amtsblatt für das Bistum Essen
2657-3555=l # European Journal for the Study of Thomas Aquinas
2340-4256=l # Cauriensia
1886-4945=l # Cauriensia
2284-3515=l # Aisthema, International Journal
2305-0853=l # In die Skriflig/In Luce Verbi
2214-1324=l # Journal of Jesuit Studies
1869-3261=l # Diaconia
2698-5446=l # Im Dialog – Beiträge aus der Akademie der Diözese Rottenburg-Stuttgart
2375-5814=l # The Asbury journal
1804-6444=l # Journal of European Baptist Studies
2673-4273=l # Judaica. Neue digitale Folge
2451-280X=l # Verbum Vitae
1996-0042=l # Protokolle zur Bibel
2412-2467=l # Protokolle zur Bibel
2335-4127=l # Edinost in Dialog
0040-5701=l # Theologische Zeitschrift (Digitalisate)
0792-3910=l # Jewish Bible Quarterly
1089-7747=l # TC: A Journal of Biblical Textual Criticism
1551-3432=l # Journal of Scriptural Reasoning
1676-3394=l # Ribla
2660-7743=l # Isidorianum
1010-9919=l # Old Testament Essays
1203-1542=l # The Journal of Hebrew Scriptures
0778-8304, 2665-9484=l # Trajecta
0778-8304=l # Trajecta
2665-9484=l # Trajecta
2450-4955=l # Philosophy and Canon Law
2155-7594=l # Journal of Childhood and Religion
1527-6457=l # Journal of Global Buddhism
2792-260X=l # Estudio Agustiniano
2141-7040=l # Ilorin Journal of Religious Studies
2617-1953=l # Limina
1820-659X=l # Politikologija religije - Politics and Religion Journal
1980-9425=l # Revista Ciências da Religião - História e Sociedade
2176-0985=l # Mandrágora
1893-0271=l # Teologisk tidsskrift
1661-3880=l # Schweizerische Zeitschrift für Religions- und Kulturgeschichte
2764-1287=l # Estudos Bíblicos
0253-7222=l # Journal of Dharma
0739-7046=l # Faith and Philosophy
0997-1327=l # Revue des mondes musulmans et de la Méditerranée
2284-3892=l # Annali di studi religiosi
22843892=l # Annali di studi religiosi
1434-5935=l # Journal of religious culture = Journal für Religionskultur
1972-2516=l # Mythos. Rivista di Storia delle Religioni
2535-8863=l # Journal of Historical Network Research
1982-2650=l # Ciencias Sociales y Religión/Ciências Sociais e Religião
0000-0000=l # The @journal of gods and monsters
2183-2803=l # Social Inclusion
1822-4571=l # Religija ir kultūra
2521-6465=l # Chabaršy
1796-4407=l # Uskonnontutkija - Religionsforskaren
17964407=l # Uskonnontutkija - Religionsforskaren
2434-4397=l # Bulletin of the International Institute for Buddhist Studies
24344397=l # Bulletin of the International Institute for Buddhist Studies
1301-966X=l # Dini Araştırmalar
1301966X=l # Dini Araştırmalar
1522-5658=l # The journal of religion & society
15225658=l # The journal of religion & society
2693-2148=l # Occasional papers on religion in Eastern Europe
26932148=l # Occasional papers on religion in Eastern Europe
2750-7947, 2750-7955=l # Religion and development
27507947, 27507955=l # Religion and development
2750-7947=l # Religion and development
2750-7955=l # Religion and development
2300-6579=l # Open theology
23006579=l # Open theology
