Perspectives in Religious Studies=!014809931! #Perspectives in religious studies Print-PPN
Journal of the Evangelical Theological Society=!345580796! # Journal of the Evangelical Theological Society Print-PPN
American Baptist Quarterly=!015260909! # American Baptist Quarterly Print-PPN
Churchman=!015191273! # Churchman Print-PPN
Liturgisches Jahrbuch=!014407558! # Liturgisches Jahrbuch Print-PPN
The Mennonite Quarterly Review=!015181278! # The Mennonite Quarterly Review Print-PPN
Journal of Theological Interpretation=!424663988! # Journal of Theological Interpretation E-PPN
Oriens Christianus=!014895242! # Oriens Christianus Print-PPN
Phronema=!477959601! # Phronema E-PPN
Word & World=!325341044! # Word & World E-PPN
Ephemerides Theologicae Lovanienses=!389124699! # Ephemerides theologicae Lovanienses
Lumen Vitae=!428280439! # Lumen Vitae E-PPN
Religion and Society=!015198073! # Religion and Society Print-PPN
Counseling et spiritualité / Counselling and Spirituality=!791048802! # Counseling et spiritualité / Counselling and Spirituality E-PPN
Detroit Baptist Seminary Journal=!454420730! # Detroit Baptist Seminary Journal E-PPN
One in Christ=!015178552! # One in Christ Print-PPN
The Reformed Theological Review=!42401243X! # The Reformed Theological Review E-PPN
Studies in Spirituality=!113564856! # Studies in Spirituality E-PPN
Philosophia Christi=!106362623! # Philosophia Christi
Calvin Theological Journal=!501717714! # Calvin Theological Journal
Anglican and Episcopal History=!016232976! # Anglican and Episcopal History
Foi et vie=!455507414! # Foi et vie
Protestantesimo=!015182266! # Protestantesimo
Ethical Perspectives=!389126381! # Ethical Perspectives
Journal of Eastern Christian Studies=!112891225! # Journal of Eastern Christian Studies
Antonianum=!014992124! # Antonianum
Dialogue & Alliance=!023125381! # Dialogue & Alliance
Luther=!014414112! # Luther, Zeitschrift der Luthergesellschaft
Journal of Eastern Christian Studies=!112891225! # Journal of Eastern Christian Studies
American Journal of Theology & Philosophy=!318814447! # American journal of theology and philosophy
Louvain Studies=!113144229! # Louvain Studies
ARC=!059754931! # ARC
Science et Esprit=!015183734! # Science et Esprit
Questions Liturgiques/Studies in Liturgy=!11395039X! # Questions Litugiques
Ons Geestelijk Erf=!47168600X! # Ons Geestelijk Erf
Studia Canonica=!413867323! # Studia Canonica
Journal of Coptic Studies=!112891217! # Journal of Coptic Studies
Revue Théologique de Louvain=!379064863! # Revue Théologique de Louvain
Revue de Qumran=!85763870X! # Revue de Qumran
Biblica=!324958692! # Biblica
