Word&World=O # Word&WorldE-PPN
TijdschriftvoorTheologie=O # TijdschriftvoorTheologie
TheReformedTheologicalReview=O # TheReformedTheologicalReviewE-PPN
TheMennoniteQuarterlyReview=A # TheMennoniteQuarterlyReviewPrint-PPN
StudiesinSpirituality=O # StudiesinSpiritualityE-PPN
StudiaCanonica=O # StudiaCanonica
Semitica=O # Semitica
ScienceetEsprit=A # ScienceetEsprit
RevueBiblique=O # RevueBiblique
ReviewofEcumenicalStudiesSibiu=O # ReviewofEcumenicalStudiesSibiu
Religions=O # Religions
Réforme,Humanisme,Renaissance=O # Réforme,humanisme,renaissance
QuestionsLiturgiques/StudiesinLiturgy=O # QuestionsLiturgiques
Protestantesimo=A # Protestantesimo
Phronema=O # PhronemaE-PPN
PhilosophiaChristi=O # PhilosophiaChristi
PerspectivesinReligiousStudies=A # PerspectivesinreligiousstudiesPrint-PPN
Path=A # PATH
OriensChristianus=A # OriensChristianusPrint-PPN
OnsGeestelijkErf=O # OnsGeestelijkErf
Luther=O # Luther,ZeitschriftderLuthergesellschaft
LumenVitae=O # LumenVitaeE-PPN
LouvainStudies=O # LouvainStudies
LiturgischesJahrbuch=A # LiturgischesJahrbuchPrint-PPN
JournalofTheologicalInterpretation=O # JournalofTheologicalInterpretationE-PPN
JournaloftheGraceEvangelicalSociety=O # JournaloftheGraceEvangelicalSociety
JournaloftheEvangelicalTheologicalSociety=O # JournaloftheEvangelicalTheologicalSociety
JournalofSeptuagintandCognateStudies=O # JournalofSeptuagintandCognateStudies
JournalofEasternChristianStudies=O # JournalofEasternChristianStudies
JournalofCopticStudies=O # JournalofCopticStudies
Foietvie=O # Foietvie
EthicalPerspectives=O # EthicalPerspectives
EphemeridesTheologicaeLovanienses=O # EphemeridestheologicaeLovanienses
Dialogue&Alliance=A # Dialogue&Alliance
DetroitBaptistSeminaryJournal=O # DetroitBaptistSeminaryJournalE-PPN
Counselingetspiritualité/CounsellingandSpirituality=O # Counselingetspiritualité/CounsellingandSpiritualityE-PPN
Churchman=A # ChurchmanPrint-PPN
CalvinTheologicalJournal=O # CalvinTheologicalJournal
Byzantion=O # Byzantion
Biblica=O # Biblica
AustralasianCatholicRecord,The=O # TheAustralasianCatholicrecord
ARC=A # ARC
Antonianum=A # Antonianum
AnglicanandEpiscopalHistory=A # AnglicanandEpiscopalHistory
AmericanJournalofTheology&Philosophy=O # Americanjournaloftheologyandphilosophy
AmericanBaptistQuarterly=A # AmericanBaptistQuarterlyPrint-PPN
Africanecclesialreview.-Eldoret=GabaPublications=O # Africanecclesialreview
