ET-Studies=O # ET-Studies
Cultural Encounters=O # Cultural Encouters
American Catholic Philosophical Quarterly=O # American Catholic Philosophical Quarterly
Word & World=O # Word&WorldE-PPN
Tijdschrift voor Theologie=O # TijdschriftvoorTheologie
The Reformed Theological Review=O # TheReformedTheologicalReviewE-PPN
The Mennonite Quarterly Review=A # TheMennoniteQuarterlyReviewPrint-PPN
Studies in Spirituality=O # StudiesinSpiritualityE-PPN
Studia Canonica=O # StudiaCanonica
Semitica=O # Semitica
Science et Esprit=A # ScienceetEsprit
Revue Biblique=O # RevueBiblique
Review of Ecumenical Studies Sibiu=O # ReviewofEcumenicalStudiesSibiu
Religions=O # Religions
Réforme, Humanisme, Renaissance=O # Réforme,humanisme,renaissance
Questions Liturgiques / Studies in Liturgy=O # QuestionsLiturgiques
Protestantesimo=A # Protestantesimo
Phronema=O # PhronemaE-PPN
Philosophia Christi=A # PhilosophiaChristi
Perspectives in Religious Studies=A # PerspectivesinreligiousstudiesPrint-PPN
Path=A # PATH
Oriens Christianus=A # OriensChristianusPrint-PPN
Ons Geestelijk Erf=O # OnsGeestelijkErf
Luther=O # Luther,ZeitschriftderLuthergesellschaft
Lumen Vitae=O # LumenVitaeE-PPN
Louvain Studies=O # LouvainStudies
Liturgisches Jahrbuch=A # LiturgischesJahrbuchPrint-PPN
Journal of the Grace Evangelical Society=O # JournaloftheGraceEvangelicalSociety
Journal of the Evangelical Theological Society=O # JournaloftheEvangelicalTheologicalSociety
Journal of Septuagint and Cognate Studies=O # JournalofSeptuagintandCognateStudies
Journal of Eastern Christian Studies=O # JournalofEasternChristianStudies
Journal of Coptic Studies=O # JournalofCopticStudies
Ethical Perspectives=O # EthicalPerspectives
Ephemerides Theologicae Lovanienses=O # EphemeridestheologicaeLovanienses
Dialogue & Alliance=A # Dialogue&Alliance
Counseling et spiritualité / Counselling and Spirituality=O # Counselingetspiritualité/CounsellingandSpiritualityE-PPN
Churchman=A # ChurchmanPrint-PPN
Calvin Theological Journal=O # CalvinTheologicalJournal
Byzantion=O # Byzantion
Biblica=O # Biblica
Australasian Catholic Record,The=O # TheAustralasianCatholicrecord
ARC=A # ARC
Antonianum=A # Antonianum
Anglican and Episcopal History=A # AnglicanandEpiscopalHistory
American Journal of Theology & Philosophy=O # Americanjournaloftheologyandphilosophy
American Baptist Quarterly=A # AmericanBaptistQuarterlyPrint-PPN
African ecclesial review. - Eldoret=GabaPublications=O # Africanecclesialreview
Revue de Qumran=O # Revue de Qumran
Augustiniana=O # Augustiniana
Journal of Religion and Violence=O # Journal of Religion and Violence
Process Studies=O # Process Studies
Scripta Theologica=O # Scripta Theologica
Studies in Interreligious Dialogue=O # Studies in Interreligious Dialogue
Marriage, Families & Spirituality=O # Marriage, Families & Spirituality
Revue Théologique de Louvain=O # Revue Théologique de Louvain
Zeitschrift für bayerische Kirchengeschichte=A # Zeitschrift für bayerische Kirchengeschichte
Anuario de Historia de la Iglesia=O # Anuario de Historia de la Iglesia
Journal of the European Society of Women in Theological Research=O # Journal of the European Society of Women in Theological Research
Studi e Materiali di Storia delle Religioni=O # Studi e Materiali di Storia delle Religioni
La Scuola Cattolica=A # La Scuola Cattolica
Journal of the Grace Evangelical Society=O # Journal of the Grace Evangelical Society
Questions Liturgiques/Studies in Liturgy=O # Questions Liturgiques/Studies in Liturgy
Theoforum=O # Theoforum
Deuterocanonical and Cognate Literature Yearbook=O # Deuterocanonical and Cognate Literature Yearbook
